[INFO] Error stacktraces are turned on.
[INFO] Scanning for projects...
[INFO] 
[INFO] ---------------------< kr.co.matpam:matpam-admin >----------------------
[INFO] Building matpam-admin Maven Webapp 1.0.0-SNAPSHOT
[INFO]   from pom.xml
[INFO] --------------------------------[ war ]---------------------------------
[INFO] 
[INFO] --- clean:3.2.0:clean (default-clean) @ matpam-admin ---
[INFO] Deleting C:\Users\abclab-3\matpam-admin\target
[INFO] 
[INFO] >>> jetty:10.0.15:run (default-cli) > test-compile @ matpam-admin >>>
[INFO] 
[INFO] --- resources:3.3.1:resources (default-resources) @ matpam-admin ---
[INFO] Copying 22 resources from src\main\resources to target\classes
[INFO] 
[INFO] --- compiler:3.11.0:compile (default-compile) @ matpam-admin ---
[INFO] Changes detected - recompiling the module! :source
[INFO] Compiling 42 source files with javac [debug deprecation target 17] to target\classes
[WARNING] system modules path not set in conjunction with -source 17
[WARNING] No processor claimed any of these annotations: /javax.annotation.Resource,/org.springframework.web.bind.annotation.ResponseBody,/org.springframework.format.annotation.DateTimeFormat,/org.springframework.stereotype.Repository,/org.springframework.web.bind.annotation.RequestParam,/org.springframework.stereotype.Service,/org.egovframe.rte.psl.dataaccess.mapper.Mapper,/org.springframework.stereotype.Controller,/org.springframework.web.bind.annotation.InitBinder,/org.springframework.web.bind.annotation.ModelAttribute,/org.springframework.transaction.annotation.Transactional,/org.springframework.web.bind.annotation.RequestMapping
[WARNING] /C:/Users/abclab-3/matpam-admin/src/main/java/kr/co/matpam/admin/member/service/MemberVO.java:[49,35] non-transient instance field of a serializable class declared with a non-serializable type
[WARNING] /C:/Users/abclab-3/matpam-admin/src/main/java/kr/co/matpam/admin/product/service/SalesProductVO.java:[81,21] non-transient instance field of a serializable class declared with a non-serializable type
[WARNING] /C:/Users/abclab-3/matpam-admin/src/main/java/kr/co/matpam/admin/product/service/SalesProductVO.java:[82,21] non-transient instance field of a serializable class declared with a non-serializable type
[WARNING] /C:/Users/abclab-3/matpam-admin/src/main/java/kr/co/matpam/admin/product/service/SalesProductVO.java:[88,45] non-transient instance field of a serializable class declared with a non-serializable type
[WARNING] /C:/Users/abclab-3/matpam-admin/src/main/java/kr/co/matpam/admin/product/web/SalesProductController.java:[93,20] auto-closeable resource javax.json.bind.Jsonb has a member method close() that could throw InterruptedException
[INFO] 
[INFO] --- resources:3.3.1:testResources (default-testResources) @ matpam-admin ---
[INFO] skip non existing resourceDirectory C:\Users\abclab-3\matpam-admin\src\test\resources
[INFO] 
[INFO] --- compiler:3.11.0:testCompile (default-testCompile) @ matpam-admin ---
[INFO] No sources to compile
[INFO] 
[INFO] <<< jetty:10.0.15:run (default-cli) < test-compile @ matpam-admin <<<
[INFO] 
[INFO] 
[INFO] --- jetty:10.0.15:run (default-cli) @ matpam-admin ---
[INFO] Configuring Jetty for project: matpam-admin Maven Webapp
[INFO] Classes = C:\Users\abclab-3\matpam-admin\target\classes
[INFO] Context path = /
[INFO] Tmp directory = C:\Users\abclab-3\matpam-admin\target\tmp
[INFO] web.xml file = file:///C:/Users/abclab-3/matpam-admin/src/main/webapp/WEB-INF/web.xml
[INFO] Webapp directory = C:\Users\abclab-3\matpam-admin\src\main\webapp
[INFO] Web defaults = org/eclipse/jetty/webapp/webdefault.xml
[INFO] Web overrides =  none
[INFO] jetty-10.0.15; built: 2023-04-11T17:25:14.480Z; git: 68017dbd00236bb7e187330d7585a059610f661d; jvm 21.0.2+13-58
[WARNING] javax.mail.Address scanned from multiple locations: jar:file:///C:/Users/abclab-3/.m2/repository/com/sun/mail/javax.mail/1.6.2/javax.mail-1.6.2.jar!/javax/mail/Address.class, jar:file:///C:/Users/abclab-3/.m2/repository/javax/javaee-api/8.0.1/javaee-api-8.0.1.jar!/javax/mail/Address.class
[WARNING] javax.mail.AuthenticationFailedException scanned from multiple locations: jar:file:///C:/Users/abclab-3/.m2/repository/com/sun/mail/javax.mail/1.6.2/javax.mail-1.6.2.jar!/javax/mail/AuthenticationFailedException.class, jar:file:///C:/Users/abclab-3/.m2/repository/javax/javaee-api/8.0.1/javaee-api-8.0.1.jar!/javax/mail/AuthenticationFailedException.class
[WARNING] javax.mail.Authenticator scanned from multiple locations: jar:file:///C:/Users/abclab-3/.m2/repository/com/sun/mail/javax.mail/1.6.2/javax.mail-1.6.2.jar!/javax/mail/Authenticator.class, jar:file:///C:/Users/abclab-3/.m2/repository/javax/javaee-api/8.0.1/javaee-api-8.0.1.jar!/javax/mail/Authenticator.class
[WARNING] javax.mail.BodyPart scanned from multiple locations: jar:file:///C:/Users/abclab-3/.m2/repository/com/sun/mail/javax.mail/1.6.2/javax.mail-1.6.2.jar!/javax/mail/BodyPart.class, jar:file:///C:/Users/abclab-3/.m2/repository/javax/javaee-api/8.0.1/javaee-api-8.0.1.jar!/javax/mail/BodyPart.class
[WARNING] javax.mail.EncodingAware scanned from multiple locations: jar:file:///C:/Users/abclab-3/.m2/repository/com/sun/mail/javax.mail/1.6.2/javax.mail-1.6.2.jar!/javax/mail/EncodingAware.class, jar:file:///C:/Users/abclab-3/.m2/repository/javax/javaee-api/8.0.1/javaee-api-8.0.1.jar!/javax/mail/EncodingAware.class
[WARNING] javax.mail.EventQueue$QueueElement scanned from multiple locations: jar:file:///C:/Users/abclab-3/.m2/repository/com/sun/mail/javax.mail/1.6.2/javax.mail-1.6.2.jar!/javax/mail/EventQueue$QueueElement.class, jar:file:///C:/Users/abclab-3/.m2/repository/javax/javaee-api/8.0.1/javaee-api-8.0.1.jar!/javax/mail/EventQueue$QueueElement.class
[WARNING] javax.mail.EventQueue$TerminatorEvent scanned from multiple locations: jar:file:///C:/Users/abclab-3/.m2/repository/com/sun/mail/javax.mail/1.6.2/javax.mail-1.6.2.jar!/javax/mail/EventQueue$TerminatorEvent.class, jar:file:///C:/Users/abclab-3/.m2/repository/javax/javaee-api/8.0.1/javaee-api-8.0.1.jar!/javax/mail/EventQueue$TerminatorEvent.class
[WARNING] javax.mail.EventQueue scanned from multiple locations: jar:file:///C:/Users/abclab-3/.m2/repository/com/sun/mail/javax.mail/1.6.2/javax.mail-1.6.2.jar!/javax/mail/EventQueue.class, jar:file:///C:/Users/abclab-3/.m2/repository/javax/javaee-api/8.0.1/javaee-api-8.0.1.jar!/javax/mail/EventQueue.class
[WARNING] javax.mail.FetchProfile$Item scanned from multiple locations: jar:file:///C:/Users/abclab-3/.m2/repository/com/sun/mail/javax.mail/1.6.2/javax.mail-1.6.2.jar!/javax/mail/FetchProfile$Item.class, jar:file:///C:/Users/abclab-3/.m2/repository/javax/javaee-api/8.0.1/javaee-api-8.0.1.jar!/javax/mail/FetchProfile$Item.class
[WARNING] javax.mail.FetchProfile scanned from multiple locations: jar:file:///C:/Users/abclab-3/.m2/repository/com/sun/mail/javax.mail/1.6.2/javax.mail-1.6.2.jar!/javax/mail/FetchProfile.class, jar:file:///C:/Users/abclab-3/.m2/repository/javax/javaee-api/8.0.1/javaee-api-8.0.1.jar!/javax/mail/FetchProfile.class
[WARNING] javax.mail.Flags$Flag scanned from multiple locations: jar:file:///C:/Users/abclab-3/.m2/repository/com/sun/mail/javax.mail/1.6.2/javax.mail-1.6.2.jar!/javax/mail/Flags$Flag.class, jar:file:///C:/Users/abclab-3/.m2/repository/javax/javaee-api/8.0.1/javaee-api-8.0.1.jar!/javax/mail/Flags$Flag.class
[WARNING] javax.mail.Flags scanned from multiple locations: jar:file:///C:/Users/abclab-3/.m2/repository/com/sun/mail/javax.mail/1.6.2/javax.mail-1.6.2.jar!/javax/mail/Flags.class, jar:file:///C:/Users/abclab-3/.m2/repository/javax/javaee-api/8.0.1/javaee-api-8.0.1.jar!/javax/mail/Flags.class
[WARNING] javax.mail.Folder scanned from multiple locations: jar:file:///C:/Users/abclab-3/.m2/repository/com/sun/mail/javax.mail/1.6.2/javax.mail-1.6.2.jar!/javax/mail/Folder.class, jar:file:///C:/Users/abclab-3/.m2/repository/javax/javaee-api/8.0.1/javaee-api-8.0.1.jar!/javax/mail/Folder.class
[WARNING] javax.mail.FolderClosedException scanned from multiple locations: jar:file:///C:/Users/abclab-3/.m2/repository/com/sun/mail/javax.mail/1.6.2/javax.mail-1.6.2.jar!/javax/mail/FolderClosedException.class, jar:file:///C:/Users/abclab-3/.m2/repository/javax/javaee-api/8.0.1/javaee-api-8.0.1.jar!/javax/mail/FolderClosedException.class
[WARNING] javax.mail.FolderNotFoundException scanned from multiple locations: jar:file:///C:/Users/abclab-3/.m2/repository/com/sun/mail/javax.mail/1.6.2/javax.mail-1.6.2.jar!/javax/mail/FolderNotFoundException.class, jar:file:///C:/Users/abclab-3/.m2/repository/javax/javaee-api/8.0.1/javaee-api-8.0.1.jar!/javax/mail/FolderNotFoundException.class
[WARNING] javax.mail.Header scanned from multiple locations: jar:file:///C:/Users/abclab-3/.m2/repository/com/sun/mail/javax.mail/1.6.2/javax.mail-1.6.2.jar!/javax/mail/Header.class, jar:file:///C:/Users/abclab-3/.m2/repository/javax/javaee-api/8.0.1/javaee-api-8.0.1.jar!/javax/mail/Header.class
[WARNING] javax.mail.IllegalWriteException scanned from multiple locations: jar:file:///C:/Users/abclab-3/.m2/repository/com/sun/mail/javax.mail/1.6.2/javax.mail-1.6.2.jar!/javax/mail/IllegalWriteException.class, jar:file:///C:/Users/abclab-3/.m2/repository/javax/javaee-api/8.0.1/javaee-api-8.0.1.jar!/javax/mail/IllegalWriteException.class
[WARNING] javax.mail.MailSessionDefinition scanned from multiple locations: jar:file:///C:/Users/abclab-3/.m2/repository/com/sun/mail/javax.mail/1.6.2/javax.mail-1.6.2.jar!/javax/mail/MailSessionDefinition.class, jar:file:///C:/Users/abclab-3/.m2/repository/javax/javaee-api/8.0.1/javaee-api-8.0.1.jar!/javax/mail/MailSessionDefinition.class
[WARNING] javax.mail.MailSessionDefinitions scanned from multiple locations: jar:file:///C:/Users/abclab-3/.m2/repository/com/sun/mail/javax.mail/1.6.2/javax.mail-1.6.2.jar!/javax/mail/MailSessionDefinitions.class, jar:file:///C:/Users/abclab-3/.m2/repository/javax/javaee-api/8.0.1/javaee-api-8.0.1.jar!/javax/mail/MailSessionDefinitions.class
[WARNING] javax.mail.Message$RecipientType scanned from multiple locations: jar:file:///C:/Users/abclab-3/.m2/repository/com/sun/mail/javax.mail/1.6.2/javax.mail-1.6.2.jar!/javax/mail/Message$RecipientType.class, jar:file:///C:/Users/abclab-3/.m2/repository/javax/javaee-api/8.0.1/javaee-api-8.0.1.jar!/javax/mail/Message$RecipientType.class
[WARNING] org.apache.commons.logging.Log scanned from multiple locations: jar:file:///C:/Users/abclab-3/.m2/repository/org/springframework/spring-jcl/5.3.27/spring-jcl-5.3.27.jar!/org/apache/commons/logging/Log.class, jar:file:///C:/Users/abclab-3/.m2/repository/org/slf4j/jcl-over-slf4j/1.7.36/jcl-over-slf4j-1.7.36.jar!/org/apache/commons/logging/Log.class
[WARNING] javax.mail.Message scanned from multiple locations: jar:file:///C:/Users/abclab-3/.m2/repository/com/sun/mail/javax.mail/1.6.2/javax.mail-1.6.2.jar!/javax/mail/Message.class, jar:file:///C:/Users/abclab-3/.m2/repository/javax/javaee-api/8.0.1/javaee-api-8.0.1.jar!/javax/mail/Message.class
[WARNING] javax.mail.MessageAware scanned from multiple locations: jar:file:///C:/Users/abclab-3/.m2/repository/com/sun/mail/javax.mail/1.6.2/javax.mail-1.6.2.jar!/javax/mail/MessageAware.class, jar:file:///C:/Users/abclab-3/.m2/repository/javax/javaee-api/8.0.1/javaee-api-8.0.1.jar!/javax/mail/MessageAware.class
[WARNING] javax.mail.MessageContext scanned from multiple locations: jar:file:///C:/Users/abclab-3/.m2/repository/com/sun/mail/javax.mail/1.6.2/javax.mail-1.6.2.jar!/javax/mail/MessageContext.class, jar:file:///C:/Users/abclab-3/.m2/repository/javax/javaee-api/8.0.1/javaee-api-8.0.1.jar!/javax/mail/MessageContext.class
[WARNING] org.apache.commons.logging.LogFactory scanned from multiple locations: jar:file:///C:/Users/abclab-3/.m2/repository/org/springframework/spring-jcl/5.3.27/spring-jcl-5.3.27.jar!/org/apache/commons/logging/LogFactory.class, jar:file:///C:/Users/abclab-3/.m2/repository/org/slf4j/jcl-over-slf4j/1.7.36/jcl-over-slf4j-1.7.36.jar!/org/apache/commons/logging/LogFactory.class
[WARNING] javax.mail.MessageRemovedException scanned from multiple locations: jar:file:///C:/Users/abclab-3/.m2/repository/com/sun/mail/javax.mail/1.6.2/javax.mail-1.6.2.jar!/javax/mail/MessageRemovedException.class, jar:file:///C:/Users/abclab-3/.m2/repository/javax/javaee-api/8.0.1/javaee-api-8.0.1.jar!/javax/mail/MessageRemovedException.class
[WARNING] org.apache.commons.logging.impl.NoOpLog scanned from multiple locations: jar:file:///C:/Users/abclab-3/.m2/repository/org/springframework/spring-jcl/5.3.27/spring-jcl-5.3.27.jar!/org/apache/commons/logging/impl/NoOpLog.class, jar:file:///C:/Users/abclab-3/.m2/repository/org/slf4j/jcl-over-slf4j/1.7.36/jcl-over-slf4j-1.7.36.jar!/org/apache/commons/logging/impl/NoOpLog.class
[WARNING] org.slf4j.impl.StaticLoggerBinder scanned from multiple locations: jar:file:///C:/Users/abclab-3/.m2/repository/org/apache/logging/log4j/log4j-slf4j-impl/2.20.0/log4j-slf4j-impl-2.20.0.jar!/org/slf4j/impl/StaticLoggerBinder.class, jar:file:///C:/Users/abclab-3/.m2/repository/org/slf4j/slf4j-reload4j/1.7.36/slf4j-reload4j-1.7.36.jar!/org/slf4j/impl/StaticLoggerBinder.class
[WARNING] org.slf4j.impl.StaticMDCBinder scanned from multiple locations: jar:file:///C:/Users/abclab-3/.m2/repository/org/apache/logging/log4j/log4j-slf4j-impl/2.20.0/log4j-slf4j-impl-2.20.0.jar!/org/slf4j/impl/StaticMDCBinder.class, jar:file:///C:/Users/abclab-3/.m2/repository/org/slf4j/slf4j-reload4j/1.7.36/slf4j-reload4j-1.7.36.jar!/org/slf4j/impl/StaticMDCBinder.class
[WARNING] org.slf4j.impl.StaticMarkerBinder scanned from multiple locations: jar:file:///C:/Users/abclab-3/.m2/repository/org/apache/logging/log4j/log4j-slf4j-impl/2.20.0/log4j-slf4j-impl-2.20.0.jar!/org/slf4j/impl/StaticMarkerBinder.class, jar:file:///C:/Users/abclab-3/.m2/repository/org/slf4j/slf4j-reload4j/1.7.36/slf4j-reload4j-1.7.36.jar!/org/slf4j/impl/StaticMarkerBinder.class
[WARNING] javax.mail.MessagingException scanned from multiple locations: jar:file:///C:/Users/abclab-3/.m2/repository/com/sun/mail/javax.mail/1.6.2/javax.mail-1.6.2.jar!/javax/mail/MessagingException.class, jar:file:///C:/Users/abclab-3/.m2/repository/javax/javaee-api/8.0.1/javaee-api-8.0.1.jar!/javax/mail/MessagingException.class
[WARNING] org.apache.commons.logging.impl.SimpleLog scanned from multiple locations: jar:file:///C:/Users/abclab-3/.m2/repository/org/springframework/spring-jcl/5.3.27/spring-jcl-5.3.27.jar!/org/apache/commons/logging/impl/SimpleLog.class, jar:file:///C:/Users/abclab-3/.m2/repository/org/slf4j/jcl-over-slf4j/1.7.36/jcl-over-slf4j-1.7.36.jar!/org/apache/commons/logging/impl/SimpleLog.class
[WARNING] javax.mail.MethodNotSupportedException scanned from multiple locations: jar:file:///C:/Users/abclab-3/.m2/repository/com/sun/mail/javax.mail/1.6.2/javax.mail-1.6.2.jar!/javax/mail/MethodNotSupportedException.class, jar:file:///C:/Users/abclab-3/.m2/repository/javax/javaee-api/8.0.1/javaee-api-8.0.1.jar!/javax/mail/MethodNotSupportedException.class
[WARNING] javax.mail.Multipart scanned from multiple locations: jar:file:///C:/Users/abclab-3/.m2/repository/com/sun/mail/javax.mail/1.6.2/javax.mail-1.6.2.jar!/javax/mail/Multipart.class, jar:file:///C:/Users/abclab-3/.m2/repository/javax/javaee-api/8.0.1/javaee-api-8.0.1.jar!/javax/mail/Multipart.class
[WARNING] javax.mail.MultipartDataSource scanned from multiple locations: jar:file:///C:/Users/abclab-3/.m2/repository/com/sun/mail/javax.mail/1.6.2/javax.mail-1.6.2.jar!/javax/mail/MultipartDataSource.class, jar:file:///C:/Users/abclab-3/.m2/repository/javax/javaee-api/8.0.1/javaee-api-8.0.1.jar!/javax/mail/MultipartDataSource.class
[WARNING] javax.mail.NoSuchProviderException scanned from multiple locations: jar:file:///C:/Users/abclab-3/.m2/repository/com/sun/mail/javax.mail/1.6.2/javax.mail-1.6.2.jar!/javax/mail/NoSuchProviderException.class, jar:file:///C:/Users/abclab-3/.m2/repository/javax/javaee-api/8.0.1/javaee-api-8.0.1.jar!/javax/mail/NoSuchProviderException.class
[WARNING] javax.mail.Part scanned from multiple locations: jar:file:///C:/Users/abclab-3/.m2/repository/com/sun/mail/javax.mail/1.6.2/javax.mail-1.6.2.jar!/javax/mail/Part.class, jar:file:///C:/Users/abclab-3/.m2/repository/javax/javaee-api/8.0.1/javaee-api-8.0.1.jar!/javax/mail/Part.class
[WARNING] javax.mail.PasswordAuthentication scanned from multiple locations: jar:file:///C:/Users/abclab-3/.m2/repository/com/sun/mail/javax.mail/1.6.2/javax.mail-1.6.2.jar!/javax/mail/PasswordAuthentication.class, jar:file:///C:/Users/abclab-3/.m2/repository/javax/javaee-api/8.0.1/javaee-api-8.0.1.jar!/javax/mail/PasswordAuthentication.class
[WARNING] javax.mail.Provider$Type scanned from multiple locations: jar:file:///C:/Users/abclab-3/.m2/repository/com/sun/mail/javax.mail/1.6.2/javax.mail-1.6.2.jar!/javax/mail/Provider$Type.class, jar:file:///C:/Users/abclab-3/.m2/repository/javax/javaee-api/8.0.1/javaee-api-8.0.1.jar!/javax/mail/Provider$Type.class
[WARNING] javax.mail.Provider scanned from multiple locations: jar:file:///C:/Users/abclab-3/.m2/repository/com/sun/mail/javax.mail/1.6.2/javax.mail-1.6.2.jar!/javax/mail/Provider.class, jar:file:///C:/Users/abclab-3/.m2/repository/javax/javaee-api/8.0.1/javaee-api-8.0.1.jar!/javax/mail/Provider.class
[WARNING] javax.mail.Quota$Resource scanned from multiple locations: jar:file:///C:/Users/abclab-3/.m2/repository/com/sun/mail/javax.mail/1.6.2/javax.mail-1.6.2.jar!/javax/mail/Quota$Resource.class, jar:file:///C:/Users/abclab-3/.m2/repository/javax/javaee-api/8.0.1/javaee-api-8.0.1.jar!/javax/mail/Quota$Resource.class
[WARNING] javax.mail.Quota scanned from multiple locations: jar:file:///C:/Users/abclab-3/.m2/repository/com/sun/mail/javax.mail/1.6.2/javax.mail-1.6.2.jar!/javax/mail/Quota.class, jar:file:///C:/Users/abclab-3/.m2/repository/javax/javaee-api/8.0.1/javaee-api-8.0.1.jar!/javax/mail/Quota.class
[WARNING] javax.mail.QuotaAwareStore scanned from multiple locations: jar:file:///C:/Users/abclab-3/.m2/repository/com/sun/mail/javax.mail/1.6.2/javax.mail-1.6.2.jar!/javax/mail/QuotaAwareStore.class, jar:file:///C:/Users/abclab-3/.m2/repository/javax/javaee-api/8.0.1/javaee-api-8.0.1.jar!/javax/mail/QuotaAwareStore.class
[WARNING] javax.mail.ReadOnlyFolderException scanned from multiple locations: jar:file:///C:/Users/abclab-3/.m2/repository/com/sun/mail/javax.mail/1.6.2/javax.mail-1.6.2.jar!/javax/mail/ReadOnlyFolderException.class, jar:file:///C:/Users/abclab-3/.m2/repository/javax/javaee-api/8.0.1/javaee-api-8.0.1.jar!/javax/mail/ReadOnlyFolderException.class
[WARNING] javax.mail.SendFailedException scanned from multiple locations: jar:file:///C:/Users/abclab-3/.m2/repository/com/sun/mail/javax.mail/1.6.2/javax.mail-1.6.2.jar!/javax/mail/SendFailedException.class, jar:file:///C:/Users/abclab-3/.m2/repository/javax/javaee-api/8.0.1/javaee-api-8.0.1.jar!/javax/mail/SendFailedException.class
[WARNING] javax.mail.Service scanned from multiple locations: jar:file:///C:/Users/abclab-3/.m2/repository/com/sun/mail/javax.mail/1.6.2/javax.mail-1.6.2.jar!/javax/mail/Service.class, jar:file:///C:/Users/abclab-3/.m2/repository/javax/javaee-api/8.0.1/javaee-api-8.0.1.jar!/javax/mail/Service.class
[WARNING] javax.mail.Session$1 scanned from multiple locations: jar:file:///C:/Users/abclab-3/.m2/repository/com/sun/mail/javax.mail/1.6.2/javax.mail-1.6.2.jar!/javax/mail/Session$1.class, jar:file:///C:/Users/abclab-3/.m2/repository/javax/javaee-api/8.0.1/javaee-api-8.0.1.jar!/javax/mail/Session$1.class
[WARNING] javax.mail.Session$2 scanned from multiple locations: jar:file:///C:/Users/abclab-3/.m2/repository/com/sun/mail/javax.mail/1.6.2/javax.mail-1.6.2.jar!/javax/mail/Session$2.class, jar:file:///C:/Users/abclab-3/.m2/repository/javax/javaee-api/8.0.1/javaee-api-8.0.1.jar!/javax/mail/Session$2.class
[WARNING] javax.mail.Session$3 scanned from multiple locations: jar:file:///C:/Users/abclab-3/.m2/repository/com/sun/mail/javax.mail/1.6.2/javax.mail-1.6.2.jar!/javax/mail/Session$3.class, jar:file:///C:/Users/abclab-3/.m2/repository/javax/javaee-api/8.0.1/javaee-api-8.0.1.jar!/javax/mail/Session$3.class
[WARNING] javax.mail.Session$4 scanned from multiple locations: jar:file:///C:/Users/abclab-3/.m2/repository/com/sun/mail/javax.mail/1.6.2/javax.mail-1.6.2.jar!/javax/mail/Session$4.class, jar:file:///C:/Users/abclab-3/.m2/repository/javax/javaee-api/8.0.1/javaee-api-8.0.1.jar!/javax/mail/Session$4.class
[WARNING] javax.mail.Session$5 scanned from multiple locations: jar:file:///C:/Users/abclab-3/.m2/repository/com/sun/mail/javax.mail/1.6.2/javax.mail-1.6.2.jar!/javax/mail/Session$5.class, jar:file:///C:/Users/abclab-3/.m2/repository/javax/javaee-api/8.0.1/javaee-api-8.0.1.jar!/javax/mail/Session$5.class
[WARNING] javax.mail.Session$6 scanned from multiple locations: jar:file:///C:/Users/abclab-3/.m2/repository/com/sun/mail/javax.mail/1.6.2/javax.mail-1.6.2.jar!/javax/mail/Session$6.class, jar:file:///C:/Users/abclab-3/.m2/repository/javax/javaee-api/8.0.1/javaee-api-8.0.1.jar!/javax/mail/Session$6.class
[WARNING] javax.mail.Session$7 scanned from multiple locations: jar:file:///C:/Users/abclab-3/.m2/repository/com/sun/mail/javax.mail/1.6.2/javax.mail-1.6.2.jar!/javax/mail/Session$7.class, jar:file:///C:/Users/abclab-3/.m2/repository/javax/javaee-api/8.0.1/javaee-api-8.0.1.jar!/javax/mail/Session$7.class
[WARNING] javax.mail.Session$8 scanned from multiple locations: jar:file:///C:/Users/abclab-3/.m2/repository/com/sun/mail/javax.mail/1.6.2/javax.mail-1.6.2.jar!/javax/mail/Session$8.class, jar:file:///C:/Users/abclab-3/.m2/repository/javax/javaee-api/8.0.1/javaee-api-8.0.1.jar!/javax/mail/Session$8.class
[WARNING] javax.mail.Session scanned from multiple locations: jar:file:///C:/Users/abclab-3/.m2/repository/com/sun/mail/javax.mail/1.6.2/javax.mail-1.6.2.jar!/javax/mail/Session.class, jar:file:///C:/Users/abclab-3/.m2/repository/javax/javaee-api/8.0.1/javaee-api-8.0.1.jar!/javax/mail/Session.class
[WARNING] javax.mail.Store scanned from multiple locations: jar:file:///C:/Users/abclab-3/.m2/repository/com/sun/mail/javax.mail/1.6.2/javax.mail-1.6.2.jar!/javax/mail/Store.class, jar:file:///C:/Users/abclab-3/.m2/repository/javax/javaee-api/8.0.1/javaee-api-8.0.1.jar!/javax/mail/Store.class
[WARNING] javax.mail.StoreClosedException scanned from multiple locations: jar:file:///C:/Users/abclab-3/.m2/repository/com/sun/mail/javax.mail/1.6.2/javax.mail-1.6.2.jar!/javax/mail/StoreClosedException.class, jar:file:///C:/Users/abclab-3/.m2/repository/javax/javaee-api/8.0.1/javaee-api-8.0.1.jar!/javax/mail/StoreClosedException.class
[WARNING] javax.mail.StreamLoader scanned from multiple locations: jar:file:///C:/Users/abclab-3/.m2/repository/com/sun/mail/javax.mail/1.6.2/javax.mail-1.6.2.jar!/javax/mail/StreamLoader.class, jar:file:///C:/Users/abclab-3/.m2/repository/javax/javaee-api/8.0.1/javaee-api-8.0.1.jar!/javax/mail/StreamLoader.class
[WARNING] javax.mail.Transport scanned from multiple locations: jar:file:///C:/Users/abclab-3/.m2/repository/com/sun/mail/javax.mail/1.6.2/javax.mail-1.6.2.jar!/javax/mail/Transport.class, jar:file:///C:/Users/abclab-3/.m2/repository/javax/javaee-api/8.0.1/javaee-api-8.0.1.jar!/javax/mail/Transport.class
[WARNING] javax.mail.UIDFolder$FetchProfileItem scanned from multiple locations: jar:file:///C:/Users/abclab-3/.m2/repository/com/sun/mail/javax.mail/1.6.2/javax.mail-1.6.2.jar!/javax/mail/UIDFolder$FetchProfileItem.class, jar:file:///C:/Users/abclab-3/.m2/repository/javax/javaee-api/8.0.1/javaee-api-8.0.1.jar!/javax/mail/UIDFolder$FetchProfileItem.class
[WARNING] javax.mail.UIDFolder scanned from multiple locations: jar:file:///C:/Users/abclab-3/.m2/repository/com/sun/mail/javax.mail/1.6.2/javax.mail-1.6.2.jar!/javax/mail/UIDFolder.class, jar:file:///C:/Users/abclab-3/.m2/repository/javax/javaee-api/8.0.1/javaee-api-8.0.1.jar!/javax/mail/UIDFolder.class
[WARNING] javax.mail.URLName scanned from multiple locations: jar:file:///C:/Users/abclab-3/.m2/repository/com/sun/mail/javax.mail/1.6.2/javax.mail-1.6.2.jar!/javax/mail/URLName.class, jar:file:///C:/Users/abclab-3/.m2/repository/javax/javaee-api/8.0.1/javaee-api-8.0.1.jar!/javax/mail/URLName.class
[WARNING] javax.mail.Version scanned from multiple locations: jar:file:///C:/Users/abclab-3/.m2/repository/com/sun/mail/javax.mail/1.6.2/javax.mail-1.6.2.jar!/javax/mail/Version.class, jar:file:///C:/Users/abclab-3/.m2/repository/javax/javaee-api/8.0.1/javaee-api-8.0.1.jar!/javax/mail/Version.class
[WARNING] javax.mail.event.ConnectionAdapter scanned from multiple locations: jar:file:///C:/Users/abclab-3/.m2/repository/com/sun/mail/javax.mail/1.6.2/javax.mail-1.6.2.jar!/javax/mail/event/ConnectionAdapter.class, jar:file:///C:/Users/abclab-3/.m2/repository/javax/javaee-api/8.0.1/javaee-api-8.0.1.jar!/javax/mail/event/ConnectionAdapter.class
[WARNING] javax.mail.event.ConnectionEvent scanned from multiple locations: jar:file:///C:/Users/abclab-3/.m2/repository/com/sun/mail/javax.mail/1.6.2/javax.mail-1.6.2.jar!/javax/mail/event/ConnectionEvent.class, jar:file:///C:/Users/abclab-3/.m2/repository/javax/javaee-api/8.0.1/javaee-api-8.0.1.jar!/javax/mail/event/ConnectionEvent.class
[WARNING] javax.mail.event.ConnectionListener scanned from multiple locations: jar:file:///C:/Users/abclab-3/.m2/repository/com/sun/mail/javax.mail/1.6.2/javax.mail-1.6.2.jar!/javax/mail/event/ConnectionListener.class, jar:file:///C:/Users/abclab-3/.m2/repository/javax/javaee-api/8.0.1/javaee-api-8.0.1.jar!/javax/mail/event/ConnectionListener.class
[WARNING] javax.mail.event.FolderAdapter scanned from multiple locations: jar:file:///C:/Users/abclab-3/.m2/repository/com/sun/mail/javax.mail/1.6.2/javax.mail-1.6.2.jar!/javax/mail/event/FolderAdapter.class, jar:file:///C:/Users/abclab-3/.m2/repository/javax/javaee-api/8.0.1/javaee-api-8.0.1.jar!/javax/mail/event/FolderAdapter.class
[WARNING] javax.mail.event.FolderEvent scanned from multiple locations: jar:file:///C:/Users/abclab-3/.m2/repository/com/sun/mail/javax.mail/1.6.2/javax.mail-1.6.2.jar!/javax/mail/event/FolderEvent.class, jar:file:///C:/Users/abclab-3/.m2/repository/javax/javaee-api/8.0.1/javaee-api-8.0.1.jar!/javax/mail/event/FolderEvent.class
[WARNING] javax.mail.event.FolderListener scanned from multiple locations: jar:file:///C:/Users/abclab-3/.m2/repository/com/sun/mail/javax.mail/1.6.2/javax.mail-1.6.2.jar!/javax/mail/event/FolderListener.class, jar:file:///C:/Users/abclab-3/.m2/repository/javax/javaee-api/8.0.1/javaee-api-8.0.1.jar!/javax/mail/event/FolderListener.class
[WARNING] javax.mail.event.MailEvent scanned from multiple locations: jar:file:///C:/Users/abclab-3/.m2/repository/com/sun/mail/javax.mail/1.6.2/javax.mail-1.6.2.jar!/javax/mail/event/MailEvent.class, jar:file:///C:/Users/abclab-3/.m2/repository/javax/javaee-api/8.0.1/javaee-api-8.0.1.jar!/javax/mail/event/MailEvent.class
[WARNING] javax.mail.event.MessageChangedEvent scanned from multiple locations: jar:file:///C:/Users/abclab-3/.m2/repository/com/sun/mail/javax.mail/1.6.2/javax.mail-1.6.2.jar!/javax/mail/event/MessageChangedEvent.class, jar:file:///C:/Users/abclab-3/.m2/repository/javax/javaee-api/8.0.1/javaee-api-8.0.1.jar!/javax/mail/event/MessageChangedEvent.class
[WARNING] javax.mail.event.MessageChangedListener scanned from multiple locations: jar:file:///C:/Users/abclab-3/.m2/repository/com/sun/mail/javax.mail/1.6.2/javax.mail-1.6.2.jar!/javax/mail/event/MessageChangedListener.class, jar:file:///C:/Users/abclab-3/.m2/repository/javax/javaee-api/8.0.1/javaee-api-8.0.1.jar!/javax/mail/event/MessageChangedListener.class
[WARNING] javax.mail.event.MessageCountAdapter scanned from multiple locations: jar:file:///C:/Users/abclab-3/.m2/repository/com/sun/mail/javax.mail/1.6.2/javax.mail-1.6.2.jar!/javax/mail/event/MessageCountAdapter.class, jar:file:///C:/Users/abclab-3/.m2/repository/javax/javaee-api/8.0.1/javaee-api-8.0.1.jar!/javax/mail/event/MessageCountAdapter.class
[WARNING] javax.mail.event.MessageCountEvent scanned from multiple locations: jar:file:///C:/Users/abclab-3/.m2/repository/com/sun/mail/javax.mail/1.6.2/javax.mail-1.6.2.jar!/javax/mail/event/MessageCountEvent.class, jar:file:///C:/Users/abclab-3/.m2/repository/javax/javaee-api/8.0.1/javaee-api-8.0.1.jar!/javax/mail/event/MessageCountEvent.class
[WARNING] javax.mail.event.MessageCountListener scanned from multiple locations: jar:file:///C:/Users/abclab-3/.m2/repository/com/sun/mail/javax.mail/1.6.2/javax.mail-1.6.2.jar!/javax/mail/event/MessageCountListener.class, jar:file:///C:/Users/abclab-3/.m2/repository/javax/javaee-api/8.0.1/javaee-api-8.0.1.jar!/javax/mail/event/MessageCountListener.class
[WARNING] javax.mail.event.StoreEvent scanned from multiple locations: jar:file:///C:/Users/abclab-3/.m2/repository/com/sun/mail/javax.mail/1.6.2/javax.mail-1.6.2.jar!/javax/mail/event/StoreEvent.class, jar:file:///C:/Users/abclab-3/.m2/repository/javax/javaee-api/8.0.1/javaee-api-8.0.1.jar!/javax/mail/event/StoreEvent.class
[WARNING] javax.mail.event.StoreListener scanned from multiple locations: jar:file:///C:/Users/abclab-3/.m2/repository/com/sun/mail/javax.mail/1.6.2/javax.mail-1.6.2.jar!/javax/mail/event/StoreListener.class, jar:file:///C:/Users/abclab-3/.m2/repository/javax/javaee-api/8.0.1/javaee-api-8.0.1.jar!/javax/mail/event/StoreListener.class
[WARNING] javax.mail.event.TransportAdapter scanned from multiple locations: jar:file:///C:/Users/abclab-3/.m2/repository/com/sun/mail/javax.mail/1.6.2/javax.mail-1.6.2.jar!/javax/mail/event/TransportAdapter.class, jar:file:///C:/Users/abclab-3/.m2/repository/javax/javaee-api/8.0.1/javaee-api-8.0.1.jar!/javax/mail/event/TransportAdapter.class
[WARNING] javax.mail.event.TransportEvent scanned from multiple locations: jar:file:///C:/Users/abclab-3/.m2/repository/com/sun/mail/javax.mail/1.6.2/javax.mail-1.6.2.jar!/javax/mail/event/TransportEvent.class, jar:file:///C:/Users/abclab-3/.m2/repository/javax/javaee-api/8.0.1/javaee-api-8.0.1.jar!/javax/mail/event/TransportEvent.class
[WARNING] javax.mail.event.TransportListener scanned from multiple locations: jar:file:///C:/Users/abclab-3/.m2/repository/com/sun/mail/javax.mail/1.6.2/javax.mail-1.6.2.jar!/javax/mail/event/TransportListener.class, jar:file:///C:/Users/abclab-3/.m2/repository/javax/javaee-api/8.0.1/javaee-api-8.0.1.jar!/javax/mail/event/TransportListener.class
[WARNING] javax.mail.internet.AddressException scanned from multiple locations: jar:file:///C:/Users/abclab-3/.m2/repository/com/sun/mail/javax.mail/1.6.2/javax.mail-1.6.2.jar!/javax/mail/internet/AddressException.class, jar:file:///C:/Users/abclab-3/.m2/repository/javax/javaee-api/8.0.1/javaee-api-8.0.1.jar!/javax/mail/internet/AddressException.class
[WARNING] javax.mail.internet.AsciiOutputStream scanned from multiple locations: jar:file:///C:/Users/abclab-3/.m2/repository/com/sun/mail/javax.mail/1.6.2/javax.mail-1.6.2.jar!/javax/mail/internet/AsciiOutputStream.class, jar:file:///C:/Users/abclab-3/.m2/repository/javax/javaee-api/8.0.1/javaee-api-8.0.1.jar!/javax/mail/internet/AsciiOutputStream.class
[WARNING] javax.mail.internet.ContentDisposition scanned from multiple locations: jar:file:///C:/Users/abclab-3/.m2/repository/com/sun/mail/javax.mail/1.6.2/javax.mail-1.6.2.jar!/javax/mail/internet/ContentDisposition.class, jar:file:///C:/Users/abclab-3/.m2/repository/javax/javaee-api/8.0.1/javaee-api-8.0.1.jar!/javax/mail/internet/ContentDisposition.class
[WARNING] javax.mail.internet.ContentType scanned from multiple locations: jar:file:///C:/Users/abclab-3/.m2/repository/com/sun/mail/javax.mail/1.6.2/javax.mail-1.6.2.jar!/javax/mail/internet/ContentType.class, jar:file:///C:/Users/abclab-3/.m2/repository/javax/javaee-api/8.0.1/javaee-api-8.0.1.jar!/javax/mail/internet/ContentType.class
[WARNING] javax.mail.internet.HeaderTokenizer$Token scanned from multiple locations: jar:file:///C:/Users/abclab-3/.m2/repository/com/sun/mail/javax.mail/1.6.2/javax.mail-1.6.2.jar!/javax/mail/internet/HeaderTokenizer$Token.class, jar:file:///C:/Users/abclab-3/.m2/repository/javax/javaee-api/8.0.1/javaee-api-8.0.1.jar!/javax/mail/internet/HeaderTokenizer$Token.class
[WARNING] javax.mail.internet.HeaderTokenizer scanned from multiple locations: jar:file:///C:/Users/abclab-3/.m2/repository/com/sun/mail/javax.mail/1.6.2/javax.mail-1.6.2.jar!/javax/mail/internet/HeaderTokenizer.class, jar:file:///C:/Users/abclab-3/.m2/repository/javax/javaee-api/8.0.1/javaee-api-8.0.1.jar!/javax/mail/internet/HeaderTokenizer.class
[WARNING] org.aspectj.internal.lang.annotation.ajcDeclareAnnotation scanned from multiple locations: jar:file:///C:/Users/abclab-3/.m2/repository/org/aspectj/aspectjrt/1.9.7/aspectjrt-1.9.7.jar!/org/aspectj/internal/lang/annotation/ajcDeclareAnnotation.class, jar:file:///C:/Users/abclab-3/.m2/repository/org/aspectj/aspectjweaver/1.9.7/aspectjweaver-1.9.7.jar!/org/aspectj/internal/lang/annotation/ajcDeclareAnnotation.class
[WARNING] org.aspectj.internal.lang.annotation.ajcDeclareEoW scanned from multiple locations: jar:file:///C:/Users/abclab-3/.m2/repository/org/aspectj/aspectjrt/1.9.7/aspectjrt-1.9.7.jar!/org/aspectj/internal/lang/annotation/ajcDeclareEoW.class, jar:file:///C:/Users/abclab-3/.m2/repository/org/aspectj/aspectjweaver/1.9.7/aspectjweaver-1.9.7.jar!/org/aspectj/internal/lang/annotation/ajcDeclareEoW.class
[WARNING] javax.mail.internet.InternetAddress scanned from multiple locations: jar:file:///C:/Users/abclab-3/.m2/repository/com/sun/mail/javax.mail/1.6.2/javax.mail-1.6.2.jar!/javax/mail/internet/InternetAddress.class, jar:file:///C:/Users/abclab-3/.m2/repository/javax/javaee-api/8.0.1/javaee-api-8.0.1.jar!/javax/mail/internet/InternetAddress.class
[WARNING] org.aspectj.internal.lang.annotation.ajcDeclareParents scanned from multiple locations: jar:file:///C:/Users/abclab-3/.m2/repository/org/aspectj/aspectjrt/1.9.7/aspectjrt-1.9.7.jar!/org/aspectj/internal/lang/annotation/ajcDeclareParents.class, jar:file:///C:/Users/abclab-3/.m2/repository/org/aspectj/aspectjweaver/1.9.7/aspectjweaver-1.9.7.jar!/org/aspectj/internal/lang/annotation/ajcDeclareParents.class
[WARNING] javax.mail.internet.InternetHeaders$InternetHeader scanned from multiple locations: jar:file:///C:/Users/abclab-3/.m2/repository/com/sun/mail/javax.mail/1.6.2/javax.mail-1.6.2.jar!/javax/mail/internet/InternetHeaders$InternetHeader.class, jar:file:///C:/Users/abclab-3/.m2/repository/javax/javaee-api/8.0.1/javaee-api-8.0.1.jar!/javax/mail/internet/InternetHeaders$InternetHeader.class
[WARNING] javax.mail.internet.InternetHeaders$MatchEnum scanned from multiple locations: jar:file:///C:/Users/abclab-3/.m2/repository/com/sun/mail/javax.mail/1.6.2/javax.mail-1.6.2.jar!/javax/mail/internet/InternetHeaders$MatchEnum.class, jar:file:///C:/Users/abclab-3/.m2/repository/javax/javaee-api/8.0.1/javaee-api-8.0.1.jar!/javax/mail/internet/InternetHeaders$MatchEnum.class
[WARNING] javax.mail.internet.InternetHeaders$MatchHeaderEnum scanned from multiple locations: jar:file:///C:/Users/abclab-3/.m2/repository/com/sun/mail/javax.mail/1.6.2/javax.mail-1.6.2.jar!/javax/mail/internet/InternetHeaders$MatchHeaderEnum.class, jar:file:///C:/Users/abclab-3/.m2/repository/javax/javaee-api/8.0.1/javaee-api-8.0.1.jar!/javax/mail/internet/InternetHeaders$MatchHeaderEnum.class
[WARNING] javax.mail.internet.InternetHeaders$MatchStringEnum scanned from multiple locations: jar:file:///C:/Users/abclab-3/.m2/repository/com/sun/mail/javax.mail/1.6.2/javax.mail-1.6.2.jar!/javax/mail/internet/InternetHeaders$MatchStringEnum.class, jar:file:///C:/Users/abclab-3/.m2/repository/javax/javaee-api/8.0.1/javaee-api-8.0.1.jar!/javax/mail/internet/InternetHeaders$MatchStringEnum.class
[WARNING] javax.mail.internet.InternetHeaders scanned from multiple locations: jar:file:///C:/Users/abclab-3/.m2/repository/com/sun/mail/javax.mail/1.6.2/javax.mail-1.6.2.jar!/javax/mail/internet/InternetHeaders.class, jar:file:///C:/Users/abclab-3/.m2/repository/javax/javaee-api/8.0.1/javaee-api-8.0.1.jar!/javax/mail/internet/InternetHeaders.class
[WARNING] javax.mail.internet.MailDateFormat$AbstractDateParser scanned from multiple locations: jar:file:///C:/Users/abclab-3/.m2/repository/com/sun/mail/javax.mail/1.6.2/javax.mail-1.6.2.jar!/javax/mail/internet/MailDateFormat$AbstractDateParser.class, jar:file:///C:/Users/abclab-3/.m2/repository/javax/javaee-api/8.0.1/javaee-api-8.0.1.jar!/javax/mail/internet/MailDateFormat$AbstractDateParser.class
[WARNING] javax.mail.internet.MailDateFormat$Rfc2822LenientParser scanned from multiple locations: jar:file:///C:/Users/abclab-3/.m2/repository/com/sun/mail/javax.mail/1.6.2/javax.mail-1.6.2.jar!/javax/mail/internet/MailDateFormat$Rfc2822LenientParser.class, jar:file:///C:/Users/abclab-3/.m2/repository/javax/javaee-api/8.0.1/javaee-api-8.0.1.jar!/javax/mail/internet/MailDateFormat$Rfc2822LenientParser.class
[WARNING] javax.mail.internet.MailDateFormat$Rfc2822StrictParser scanned from multiple locations: jar:file:///C:/Users/abclab-3/.m2/repository/com/sun/mail/javax.mail/1.6.2/javax.mail-1.6.2.jar!/javax/mail/internet/MailDateFormat$Rfc2822StrictParser.class, jar:file:///C:/Users/abclab-3/.m2/repository/javax/javaee-api/8.0.1/javaee-api-8.0.1.jar!/javax/mail/internet/MailDateFormat$Rfc2822StrictParser.class
[WARNING] javax.mail.internet.MailDateFormat scanned from multiple locations: jar:file:///C:/Users/abclab-3/.m2/repository/com/sun/mail/javax.mail/1.6.2/javax.mail-1.6.2.jar!/javax/mail/internet/MailDateFormat.class, jar:file:///C:/Users/abclab-3/.m2/repository/javax/javaee-api/8.0.1/javaee-api-8.0.1.jar!/javax/mail/internet/MailDateFormat.class
[WARNING] javax.mail.internet.MimeBodyPart$EncodedFileDataSource scanned from multiple locations: jar:file:///C:/Users/abclab-3/.m2/repository/com/sun/mail/javax.mail/1.6.2/javax.mail-1.6.2.jar!/javax/mail/internet/MimeBodyPart$EncodedFileDataSource.class, jar:file:///C:/Users/abclab-3/.m2/repository/javax/javaee-api/8.0.1/javaee-api-8.0.1.jar!/javax/mail/internet/MimeBodyPart$EncodedFileDataSource.class
[WARNING] javax.mail.internet.MimeBodyPart$MimePartDataHandler scanned from multiple locations: jar:file:///C:/Users/abclab-3/.m2/repository/com/sun/mail/javax.mail/1.6.2/javax.mail-1.6.2.jar!/javax/mail/internet/MimeBodyPart$MimePartDataHandler.class, jar:file:///C:/Users/abclab-3/.m2/repository/javax/javaee-api/8.0.1/javaee-api-8.0.1.jar!/javax/mail/internet/MimeBodyPart$MimePartDataHandler.class
[WARNING] javax.mail.internet.MimeBodyPart scanned from multiple locations: jar:file:///C:/Users/abclab-3/.m2/repository/com/sun/mail/javax.mail/1.6.2/javax.mail-1.6.2.jar!/javax/mail/internet/MimeBodyPart.class, jar:file:///C:/Users/abclab-3/.m2/repository/javax/javaee-api/8.0.1/javaee-api-8.0.1.jar!/javax/mail/internet/MimeBodyPart.class
[WARNING] org.aspectj.internal.lang.annotation.ajcDeclarePrecedence scanned from multiple locations: jar:file:///C:/Users/abclab-3/.m2/repository/org/aspectj/aspectjrt/1.9.7/aspectjrt-1.9.7.jar!/org/aspectj/internal/lang/annotation/ajcDeclarePrecedence.class, jar:file:///C:/Users/abclab-3/.m2/repository/org/aspectj/aspectjweaver/1.9.7/aspectjweaver-1.9.7.jar!/org/aspectj/internal/lang/annotation/ajcDeclarePrecedence.class
[WARNING] org.aspectj.internal.lang.annotation.ajcDeclareSoft scanned from multiple locations: jar:file:///C:/Users/abclab-3/.m2/repository/org/aspectj/aspectjrt/1.9.7/aspectjrt-1.9.7.jar!/org/aspectj/internal/lang/annotation/ajcDeclareSoft.class, jar:file:///C:/Users/abclab-3/.m2/repository/org/aspectj/aspectjweaver/1.9.7/aspectjweaver-1.9.7.jar!/org/aspectj/internal/lang/annotation/ajcDeclareSoft.class
[WARNING] org.aspectj.internal.lang.annotation.ajcITD scanned from multiple locations: jar:file:///C:/Users/abclab-3/.m2/repository/org/aspectj/aspectjrt/1.9.7/aspectjrt-1.9.7.jar!/org/aspectj/internal/lang/annotation/ajcITD.class, jar:file:///C:/Users/abclab-3/.m2/repository/org/aspectj/aspectjweaver/1.9.7/aspectjweaver-1.9.7.jar!/org/aspectj/internal/lang/annotation/ajcITD.class
[WARNING] javax.mail.internet.MimeMessage$RecipientType scanned from multiple locations: jar:file:///C:/Users/abclab-3/.m2/repository/com/sun/mail/javax.mail/1.6.2/javax.mail-1.6.2.jar!/javax/mail/internet/MimeMessage$RecipientType.class, jar:file:///C:/Users/abclab-3/.m2/repository/javax/javaee-api/8.0.1/javaee-api-8.0.1.jar!/javax/mail/internet/MimeMessage$RecipientType.class
[WARNING] org.aspectj.internal.lang.annotation.ajcPrivileged scanned from multiple locations: jar:file:///C:/Users/abclab-3/.m2/repository/org/aspectj/aspectjrt/1.9.7/aspectjrt-1.9.7.jar!/org/aspectj/internal/lang/annotation/ajcPrivileged.class, jar:file:///C:/Users/abclab-3/.m2/repository/org/aspectj/aspectjweaver/1.9.7/aspectjweaver-1.9.7.jar!/org/aspectj/internal/lang/annotation/ajcPrivileged.class
[WARNING] javax.mail.internet.MimeMessage scanned from multiple locations: jar:file:///C:/Users/abclab-3/.m2/repository/com/sun/mail/javax.mail/1.6.2/javax.mail-1.6.2.jar!/javax/mail/internet/MimeMessage.class, jar:file:///C:/Users/abclab-3/.m2/repository/javax/javaee-api/8.0.1/javaee-api-8.0.1.jar!/javax/mail/internet/MimeMessage.class
[WARNING] org.aspectj.internal.lang.reflect.AdviceImpl$1 scanned from multiple locations: jar:file:///C:/Users/abclab-3/.m2/repository/org/aspectj/aspectjrt/1.9.7/aspectjrt-1.9.7.jar!/org/aspectj/internal/lang/reflect/AdviceImpl$1.class, jar:file:///C:/Users/abclab-3/.m2/repository/org/aspectj/aspectjweaver/1.9.7/aspectjweaver-1.9.7.jar!/org/aspectj/internal/lang/reflect/AdviceImpl$1.class
[WARNING] javax.mail.internet.MimeMultipart scanned from multiple locations: jar:file:///C:/Users/abclab-3/.m2/repository/com/sun/mail/javax.mail/1.6.2/javax.mail-1.6.2.jar!/javax/mail/internet/MimeMultipart.class, jar:file:///C:/Users/abclab-3/.m2/repository/javax/javaee-api/8.0.1/javaee-api-8.0.1.jar!/javax/mail/internet/MimeMultipart.class
[WARNING] org.aspectj.internal.lang.reflect.AdviceImpl scanned from multiple locations: jar:file:///C:/Users/abclab-3/.m2/repository/org/aspectj/aspectjrt/1.9.7/aspectjrt-1.9.7.jar!/org/aspectj/internal/lang/reflect/AdviceImpl.class, jar:file:///C:/Users/abclab-3/.m2/repository/org/aspectj/aspectjweaver/1.9.7/aspectjweaver-1.9.7.jar!/org/aspectj/internal/lang/reflect/AdviceImpl.class
[WARNING] javax.mail.internet.MimePart scanned from multiple locations: jar:file:///C:/Users/abclab-3/.m2/repository/com/sun/mail/javax.mail/1.6.2/javax.mail-1.6.2.jar!/javax/mail/internet/MimePart.class, jar:file:///C:/Users/abclab-3/.m2/repository/javax/javaee-api/8.0.1/javaee-api-8.0.1.jar!/javax/mail/internet/MimePart.class
[WARNING] javax.mail.internet.MimePartDataSource scanned from multiple locations: jar:file:///C:/Users/abclab-3/.m2/repository/com/sun/mail/javax.mail/1.6.2/javax.mail-1.6.2.jar!/javax/mail/internet/MimePartDataSource.class, jar:file:///C:/Users/abclab-3/.m2/repository/javax/javaee-api/8.0.1/javaee-api-8.0.1.jar!/javax/mail/internet/MimePartDataSource.class
[WARNING] javax.mail.internet.MimeUtility$1NullInputStream scanned from multiple locations: jar:file:///C:/Users/abclab-3/.m2/repository/com/sun/mail/javax.mail/1.6.2/javax.mail-1.6.2.jar!/javax/mail/internet/MimeUtility$1NullInputStream.class, jar:file:///C:/Users/abclab-3/.m2/repository/javax/javaee-api/8.0.1/javaee-api-8.0.1.jar!/javax/mail/internet/MimeUtility$1NullInputStream.class
[WARNING] javax.mail.internet.MimeUtility scanned from multiple locations: jar:file:///C:/Users/abclab-3/.m2/repository/com/sun/mail/javax.mail/1.6.2/javax.mail-1.6.2.jar!/javax/mail/internet/MimeUtility.class, jar:file:///C:/Users/abclab-3/.m2/repository/javax/javaee-api/8.0.1/javaee-api-8.0.1.jar!/javax/mail/internet/MimeUtility.class
[WARNING] org.aspectj.internal.lang.reflect.AjTypeImpl scanned from multiple locations: jar:file:///C:/Users/abclab-3/.m2/repository/org/aspectj/aspectjrt/1.9.7/aspectjrt-1.9.7.jar!/org/aspectj/internal/lang/reflect/AjTypeImpl.class, jar:file:///C:/Users/abclab-3/.m2/repository/org/aspectj/aspectjweaver/1.9.7/aspectjweaver-1.9.7.jar!/org/aspectj/internal/lang/reflect/AjTypeImpl.class
[WARNING] javax.mail.internet.NewsAddress scanned from multiple locations: jar:file:///C:/Users/abclab-3/.m2/repository/com/sun/mail/javax.mail/1.6.2/javax.mail-1.6.2.jar!/javax/mail/internet/NewsAddress.class, jar:file:///C:/Users/abclab-3/.m2/repository/javax/javaee-api/8.0.1/javaee-api-8.0.1.jar!/javax/mail/internet/NewsAddress.class
[WARNING] javax.mail.internet.ParameterList$1 scanned from multiple locations: jar:file:///C:/Users/abclab-3/.m2/repository/com/sun/mail/javax.mail/1.6.2/javax.mail-1.6.2.jar!/javax/mail/internet/ParameterList$1.class, jar:file:///C:/Users/abclab-3/.m2/repository/javax/javaee-api/8.0.1/javaee-api-8.0.1.jar!/javax/mail/internet/ParameterList$1.class
[WARNING] javax.mail.internet.ParameterList$LiteralValue scanned from multiple locations: jar:file:///C:/Users/abclab-3/.m2/repository/com/sun/mail/javax.mail/1.6.2/javax.mail-1.6.2.jar!/javax/mail/internet/ParameterList$LiteralValue.class, jar:file:///C:/Users/abclab-3/.m2/repository/javax/javaee-api/8.0.1/javaee-api-8.0.1.jar!/javax/mail/internet/ParameterList$LiteralValue.class
[WARNING] org.aspectj.internal.lang.reflect.DeclareAnnotationImpl$1 scanned from multiple locations: jar:file:///C:/Users/abclab-3/.m2/repository/org/aspectj/aspectjrt/1.9.7/aspectjrt-1.9.7.jar!/org/aspectj/internal/lang/reflect/DeclareAnnotationImpl$1.class, jar:file:///C:/Users/abclab-3/.m2/repository/org/aspectj/aspectjweaver/1.9.7/aspectjweaver-1.9.7.jar!/org/aspectj/internal/lang/reflect/DeclareAnnotationImpl$1.class
[WARNING] org.aspectj.internal.lang.reflect.DeclareAnnotationImpl scanned from multiple locations: jar:file:///C:/Users/abclab-3/.m2/repository/org/aspectj/aspectjrt/1.9.7/aspectjrt-1.9.7.jar!/org/aspectj/internal/lang/reflect/DeclareAnnotationImpl.class, jar:file:///C:/Users/abclab-3/.m2/repository/org/aspectj/aspectjweaver/1.9.7/aspectjweaver-1.9.7.jar!/org/aspectj/internal/lang/reflect/DeclareAnnotationImpl.class
[WARNING] org.aspectj.internal.lang.reflect.DeclareErrorOrWarningImpl scanned from multiple locations: jar:file:///C:/Users/abclab-3/.m2/repository/org/aspectj/aspectjrt/1.9.7/aspectjrt-1.9.7.jar!/org/aspectj/internal/lang/reflect/DeclareErrorOrWarningImpl.class, jar:file:///C:/Users/abclab-3/.m2/repository/org/aspectj/aspectjweaver/1.9.7/aspectjweaver-1.9.7.jar!/org/aspectj/internal/lang/reflect/DeclareErrorOrWarningImpl.class
[WARNING] org.apache.log4j.Appender scanned from multiple locations: jar:file:///C:/Users/abclab-3/.m2/repository/org/slf4j/log4j-over-slf4j/1.7.36/log4j-over-slf4j-1.7.36.jar!/org/apache/log4j/Appender.class, jar:file:///C:/Users/abclab-3/.m2/repository/ch/qos/reload4j/reload4j/1.2.19/reload4j-1.2.19.jar!/org/apache/log4j/Appender.class
[WARNING] org.aspectj.internal.lang.reflect.DeclareParentsImpl scanned from multiple locations: jar:file:///C:/Users/abclab-3/.m2/repository/org/aspectj/aspectjrt/1.9.7/aspectjrt-1.9.7.jar!/org/aspectj/internal/lang/reflect/DeclareParentsImpl.class, jar:file:///C:/Users/abclab-3/.m2/repository/org/aspectj/aspectjweaver/1.9.7/aspectjweaver-1.9.7.jar!/org/aspectj/internal/lang/reflect/DeclareParentsImpl.class
[WARNING] org.apache.log4j.AppenderSkeleton scanned from multiple locations: jar:file:///C:/Users/abclab-3/.m2/repository/org/slf4j/log4j-over-slf4j/1.7.36/log4j-over-slf4j-1.7.36.jar!/org/apache/log4j/AppenderSkeleton.class, jar:file:///C:/Users/abclab-3/.m2/repository/ch/qos/reload4j/reload4j/1.2.19/reload4j-1.2.19.jar!/org/apache/log4j/AppenderSkeleton.class
[WARNING] org.aspectj.internal.lang.reflect.DeclarePrecedenceImpl scanned from multiple locations: jar:file:///C:/Users/abclab-3/.m2/repository/org/aspectj/aspectjrt/1.9.7/aspectjrt-1.9.7.jar!/org/aspectj/internal/lang/reflect/DeclarePrecedenceImpl.class, jar:file:///C:/Users/abclab-3/.m2/repository/org/aspectj/aspectjweaver/1.9.7/aspectjweaver-1.9.7.jar!/org/aspectj/internal/lang/reflect/DeclarePrecedenceImpl.class
[WARNING] org.aspectj.internal.lang.reflect.DeclareSoftImpl scanned from multiple locations: jar:file:///C:/Users/abclab-3/.m2/repository/org/aspectj/aspectjrt/1.9.7/aspectjrt-1.9.7.jar!/org/aspectj/internal/lang/reflect/DeclareSoftImpl.class, jar:file:///C:/Users/abclab-3/.m2/repository/org/aspectj/aspectjweaver/1.9.7/aspectjweaver-1.9.7.jar!/org/aspectj/internal/lang/reflect/DeclareSoftImpl.class
[WARNING] org.aspectj.internal.lang.reflect.InterTypeConstructorDeclarationImpl scanned from multiple locations: jar:file:///C:/Users/abclab-3/.m2/repository/org/aspectj/aspectjrt/1.9.7/aspectjrt-1.9.7.jar!/org/aspectj/internal/lang/reflect/InterTypeConstructorDeclarationImpl.class, jar:file:///C:/Users/abclab-3/.m2/repository/org/aspectj/aspectjweaver/1.9.7/aspectjweaver-1.9.7.jar!/org/aspectj/internal/lang/reflect/InterTypeConstructorDeclarationImpl.class
[WARNING] org.aspectj.internal.lang.reflect.InterTypeDeclarationImpl scanned from multiple locations: jar:file:///C:/Users/abclab-3/.m2/repository/org/aspectj/aspectjrt/1.9.7/aspectjrt-1.9.7.jar!/org/aspectj/internal/lang/reflect/InterTypeDeclarationImpl.class, jar:file:///C:/Users/abclab-3/.m2/repository/org/aspectj/aspectjweaver/1.9.7/aspectjweaver-1.9.7.jar!/org/aspectj/internal/lang/reflect/InterTypeDeclarationImpl.class
[WARNING] javax.annotation.Generated scanned from multiple locations: jar:file:///C:/Users/abclab-3/.m2/repository/javax/javaee-api/8.0.1/javaee-api-8.0.1.jar!/javax/annotation/Generated.class, jar:file:///C:/Users/abclab-3/.m2/repository/javax/annotation/javax.annotation-api/1.3.2/javax.annotation-api-1.3.2.jar!/javax/annotation/Generated.class
[WARNING] org.aspectj.internal.lang.reflect.InterTypeFieldDeclarationImpl scanned from multiple locations: jar:file:///C:/Users/abclab-3/.m2/repository/org/aspectj/aspectjrt/1.9.7/aspectjrt-1.9.7.jar!/org/aspectj/internal/lang/reflect/InterTypeFieldDeclarationImpl.class, jar:file:///C:/Users/abclab-3/.m2/repository/org/aspectj/aspectjweaver/1.9.7/aspectjweaver-1.9.7.jar!/org/aspectj/internal/lang/reflect/InterTypeFieldDeclarationImpl.class
[WARNING] javax.annotation.ManagedBean scanned from multiple locations: jar:file:///C:/Users/abclab-3/.m2/repository/javax/javaee-api/8.0.1/javaee-api-8.0.1.jar!/javax/annotation/ManagedBean.class, jar:file:///C:/Users/abclab-3/.m2/repository/javax/annotation/javax.annotation-api/1.3.2/javax.annotation-api-1.3.2.jar!/javax/annotation/ManagedBean.class
[WARNING] javax.annotation.PostConstruct scanned from multiple locations: jar:file:///C:/Users/abclab-3/.m2/repository/javax/javaee-api/8.0.1/javaee-api-8.0.1.jar!/javax/annotation/PostConstruct.class, jar:file:///C:/Users/abclab-3/.m2/repository/javax/annotation/javax.annotation-api/1.3.2/javax.annotation-api-1.3.2.jar!/javax/annotation/PostConstruct.class
[WARNING] javax.annotation.PreDestroy scanned from multiple locations: jar:file:///C:/Users/abclab-3/.m2/repository/javax/javaee-api/8.0.1/javaee-api-8.0.1.jar!/javax/annotation/PreDestroy.class, jar:file:///C:/Users/abclab-3/.m2/repository/javax/annotation/javax.annotation-api/1.3.2/javax.annotation-api-1.3.2.jar!/javax/annotation/PreDestroy.class
[WARNING] javax.annotation.Priority scanned from multiple locations: jar:file:///C:/Users/abclab-3/.m2/repository/javax/javaee-api/8.0.1/javaee-api-8.0.1.jar!/javax/annotation/Priority.class, jar:file:///C:/Users/abclab-3/.m2/repository/javax/annotation/javax.annotation-api/1.3.2/javax.annotation-api-1.3.2.jar!/javax/annotation/Priority.class
[WARNING] javax.annotation.Resource$AuthenticationType scanned from multiple locations: jar:file:///C:/Users/abclab-3/.m2/repository/javax/javaee-api/8.0.1/javaee-api-8.0.1.jar!/javax/annotation/Resource$AuthenticationType.class, jar:file:///C:/Users/abclab-3/.m2/repository/javax/annotation/javax.annotation-api/1.3.2/javax.annotation-api-1.3.2.jar!/javax/annotation/Resource$AuthenticationType.class
[WARNING] javax.annotation.Resource scanned from multiple locations: jar:file:///C:/Users/abclab-3/.m2/repository/javax/javaee-api/8.0.1/javaee-api-8.0.1.jar!/javax/annotation/Resource.class, jar:file:///C:/Users/abclab-3/.m2/repository/javax/annotation/javax.annotation-api/1.3.2/javax.annotation-api-1.3.2.jar!/javax/annotation/Resource.class
[WARNING] javax.annotation.Resources scanned from multiple locations: jar:file:///C:/Users/abclab-3/.m2/repository/javax/javaee-api/8.0.1/javaee-api-8.0.1.jar!/javax/annotation/Resources.class, jar:file:///C:/Users/abclab-3/.m2/repository/javax/annotation/javax.annotation-api/1.3.2/javax.annotation-api-1.3.2.jar!/javax/annotation/Resources.class
[WARNING] javax.annotation.security.DeclareRoles scanned from multiple locations: jar:file:///C:/Users/abclab-3/.m2/repository/javax/javaee-api/8.0.1/javaee-api-8.0.1.jar!/javax/annotation/security/DeclareRoles.class, jar:file:///C:/Users/abclab-3/.m2/repository/javax/annotation/javax.annotation-api/1.3.2/javax.annotation-api-1.3.2.jar!/javax/annotation/security/DeclareRoles.class
[WARNING] javax.annotation.security.DenyAll scanned from multiple locations: jar:file:///C:/Users/abclab-3/.m2/repository/javax/javaee-api/8.0.1/javaee-api-8.0.1.jar!/javax/annotation/security/DenyAll.class, jar:file:///C:/Users/abclab-3/.m2/repository/javax/annotation/javax.annotation-api/1.3.2/javax.annotation-api-1.3.2.jar!/javax/annotation/security/DenyAll.class
[WARNING] javax.annotation.security.PermitAll scanned from multiple locations: jar:file:///C:/Users/abclab-3/.m2/repository/javax/javaee-api/8.0.1/javaee-api-8.0.1.jar!/javax/annotation/security/PermitAll.class, jar:file:///C:/Users/abclab-3/.m2/repository/javax/annotation/javax.annotation-api/1.3.2/javax.annotation-api-1.3.2.jar!/javax/annotation/security/PermitAll.class
[WARNING] javax.annotation.security.RolesAllowed scanned from multiple locations: jar:file:///C:/Users/abclab-3/.m2/repository/javax/javaee-api/8.0.1/javaee-api-8.0.1.jar!/javax/annotation/security/RolesAllowed.class, jar:file:///C:/Users/abclab-3/.m2/repository/javax/annotation/javax.annotation-api/1.3.2/javax.annotation-api-1.3.2.jar!/javax/annotation/security/RolesAllowed.class
[WARNING] javax.annotation.security.RunAs scanned from multiple locations: jar:file:///C:/Users/abclab-3/.m2/repository/javax/javaee-api/8.0.1/javaee-api-8.0.1.jar!/javax/annotation/security/RunAs.class, jar:file:///C:/Users/abclab-3/.m2/repository/javax/annotation/javax.annotation-api/1.3.2/javax.annotation-api-1.3.2.jar!/javax/annotation/security/RunAs.class
[WARNING] javax.mail.internet.ParameterList$MultiValue scanned from multiple locations: jar:file:///C:/Users/abclab-3/.m2/repository/com/sun/mail/javax.mail/1.6.2/javax.mail-1.6.2.jar!/javax/mail/internet/ParameterList$MultiValue.class, jar:file:///C:/Users/abclab-3/.m2/repository/javax/javaee-api/8.0.1/javaee-api-8.0.1.jar!/javax/mail/internet/ParameterList$MultiValue.class
[WARNING] javax.annotation.sql.DataSourceDefinition scanned from multiple locations: jar:file:///C:/Users/abclab-3/.m2/repository/javax/javaee-api/8.0.1/javaee-api-8.0.1.jar!/javax/annotation/sql/DataSourceDefinition.class, jar:file:///C:/Users/abclab-3/.m2/repository/javax/annotation/javax.annotation-api/1.3.2/javax.annotation-api-1.3.2.jar!/javax/annotation/sql/DataSourceDefinition.class
[WARNING] javax.annotation.sql.DataSourceDefinitions scanned from multiple locations: jar:file:///C:/Users/abclab-3/.m2/repository/javax/javaee-api/8.0.1/javaee-api-8.0.1.jar!/javax/annotation/sql/DataSourceDefinitions.class, jar:file:///C:/Users/abclab-3/.m2/repository/javax/annotation/javax.annotation-api/1.3.2/javax.annotation-api-1.3.2.jar!/javax/annotation/sql/DataSourceDefinitions.class
[WARNING] javax.inject.Inject scanned from multiple locations: jar:file:///C:/Users/abclab-3/.m2/repository/javax/javaee-api/8.0.1/javaee-api-8.0.1.jar!/javax/inject/Inject.class, jar:file:///C:/Users/abclab-3/.m2/repository/javax/inject/javax.inject/1/javax.inject-1.jar!/javax/inject/Inject.class
[WARNING] org.aspectj.internal.lang.reflect.InterTypeMethodDeclarationImpl scanned from multiple locations: jar:file:///C:/Users/abclab-3/.m2/repository/org/aspectj/aspectjrt/1.9.7/aspectjrt-1.9.7.jar!/org/aspectj/internal/lang/reflect/InterTypeMethodDeclarationImpl.class, jar:file:///C:/Users/abclab-3/.m2/repository/org/aspectj/aspectjweaver/1.9.7/aspectjweaver-1.9.7.jar!/org/aspectj/internal/lang/reflect/InterTypeMethodDeclarationImpl.class
[WARNING] org.apache.log4j.BasicConfigurator scanned from multiple locations: jar:file:///C:/Users/abclab-3/.m2/repository/org/slf4j/log4j-over-slf4j/1.7.36/log4j-over-slf4j-1.7.36.jar!/org/apache/log4j/BasicConfigurator.class, jar:file:///C:/Users/abclab-3/.m2/repository/ch/qos/reload4j/reload4j/1.2.19/reload4j-1.2.19.jar!/org/apache/log4j/BasicConfigurator.class
[WARNING] javax.inject.Named scanned from multiple locations: jar:file:///C:/Users/abclab-3/.m2/repository/javax/javaee-api/8.0.1/javaee-api-8.0.1.jar!/javax/inject/Named.class, jar:file:///C:/Users/abclab-3/.m2/repository/javax/inject/javax.inject/1/javax.inject-1.jar!/javax/inject/Named.class
[WARNING] org.apache.log4j.Category scanned from multiple locations: jar:file:///C:/Users/abclab-3/.m2/repository/org/slf4j/log4j-over-slf4j/1.7.36/log4j-over-slf4j-1.7.36.jar!/org/apache/log4j/Category.class, jar:file:///C:/Users/abclab-3/.m2/repository/ch/qos/reload4j/reload4j/1.2.19/reload4j-1.2.19.jar!/org/apache/log4j/Category.class
[WARNING] org.apache.log4j.Appender scanned from multiple locations: jar:file:///C:/Users/abclab-3/.m2/repository/org/slf4j/log4j-over-slf4j/1.7.36/log4j-over-slf4j-1.7.36.jar!/org/apache/log4j/Appender.class, jar:file:///C:/Users/abclab-3/.m2/repository/log4j/log4j/1.2.17/log4j-1.2.17.jar!/org/apache/log4j/Appender.class
[WARNING] javax.inject.Provider scanned from multiple locations: jar:file:///C:/Users/abclab-3/.m2/repository/javax/javaee-api/8.0.1/javaee-api-8.0.1.jar!/javax/inject/Provider.class, jar:file:///C:/Users/abclab-3/.m2/repository/javax/inject/javax.inject/1/javax.inject-1.jar!/javax/inject/Provider.class
[WARNING] javax.mail.internet.ParameterList$ParamEnum scanned from multiple locations: jar:file:///C:/Users/abclab-3/.m2/repository/com/sun/mail/javax.mail/1.6.2/javax.mail-1.6.2.jar!/javax/mail/internet/ParameterList$ParamEnum.class, jar:file:///C:/Users/abclab-3/.m2/repository/javax/javaee-api/8.0.1/javaee-api-8.0.1.jar!/javax/mail/internet/ParameterList$ParamEnum.class
[WARNING] org.apache.log4j.ConsoleAppender scanned from multiple locations: jar:file:///C:/Users/abclab-3/.m2/repository/org/slf4j/log4j-over-slf4j/1.7.36/log4j-over-slf4j-1.7.36.jar!/org/apache/log4j/ConsoleAppender.class, jar:file:///C:/Users/abclab-3/.m2/repository/ch/qos/reload4j/reload4j/1.2.19/reload4j-1.2.19.jar!/org/apache/log4j/ConsoleAppender.class
[WARNING] javax.mail.internet.ParameterList$ToStringBuffer scanned from multiple locations: jar:file:///C:/Users/abclab-3/.m2/repository/com/sun/mail/javax.mail/1.6.2/javax.mail-1.6.2.jar!/javax/mail/internet/ParameterList$ToStringBuffer.class, jar:file:///C:/Users/abclab-3/.m2/repository/javax/javaee-api/8.0.1/javaee-api-8.0.1.jar!/javax/mail/internet/ParameterList$ToStringBuffer.class
[WARNING] org.apache.log4j.AppenderSkeleton scanned from multiple locations: jar:file:///C:/Users/abclab-3/.m2/repository/org/slf4j/log4j-over-slf4j/1.7.36/log4j-over-slf4j-1.7.36.jar!/org/apache/log4j/AppenderSkeleton.class, jar:file:///C:/Users/abclab-3/.m2/repository/log4j/log4j/1.2.17/log4j-1.2.17.jar!/org/apache/log4j/AppenderSkeleton.class
[WARNING] javax.inject.Qualifier scanned from multiple locations: jar:file:///C:/Users/abclab-3/.m2/repository/javax/javaee-api/8.0.1/javaee-api-8.0.1.jar!/javax/inject/Qualifier.class, jar:file:///C:/Users/abclab-3/.m2/repository/javax/inject/javax.inject/1/javax.inject-1.jar!/javax/inject/Qualifier.class
[WARNING] org.apache.log4j.FileAppender scanned from multiple locations: jar:file:///C:/Users/abclab-3/.m2/repository/org/slf4j/log4j-over-slf4j/1.7.36/log4j-over-slf4j-1.7.36.jar!/org/apache/log4j/FileAppender.class, jar:file:///C:/Users/abclab-3/.m2/repository/ch/qos/reload4j/reload4j/1.2.19/reload4j-1.2.19.jar!/org/apache/log4j/FileAppender.class
[WARNING] javax.inject.Scope scanned from multiple locations: jar:file:///C:/Users/abclab-3/.m2/repository/javax/javaee-api/8.0.1/javaee-api-8.0.1.jar!/javax/inject/Scope.class, jar:file:///C:/Users/abclab-3/.m2/repository/javax/inject/javax.inject/1/javax.inject-1.jar!/javax/inject/Scope.class
[WARNING] org.aspectj.internal.lang.reflect.PerClauseImpl scanned from multiple locations: jar:file:///C:/Users/abclab-3/.m2/repository/org/aspectj/aspectjrt/1.9.7/aspectjrt-1.9.7.jar!/org/aspectj/internal/lang/reflect/PerClauseImpl.class, jar:file:///C:/Users/abclab-3/.m2/repository/org/aspectj/aspectjweaver/1.9.7/aspectjweaver-1.9.7.jar!/org/aspectj/internal/lang/reflect/PerClauseImpl.class
[WARNING] org.aspectj.internal.lang.reflect.PointcutBasedPerClauseImpl$1 scanned from multiple locations: jar:file:///C:/Users/abclab-3/.m2/repository/org/aspectj/aspectjrt/1.9.7/aspectjrt-1.9.7.jar!/org/aspectj/internal/lang/reflect/PointcutBasedPerClauseImpl$1.class, jar:file:///C:/Users/abclab-3/.m2/repository/org/aspectj/aspectjweaver/1.9.7/aspectjweaver-1.9.7.jar!/org/aspectj/internal/lang/reflect/PointcutBasedPerClauseImpl$1.class
[WARNING] javax.inject.Singleton scanned from multiple locations: jar:file:///C:/Users/abclab-3/.m2/repository/javax/javaee-api/8.0.1/javaee-api-8.0.1.jar!/javax/inject/Singleton.class, jar:file:///C:/Users/abclab-3/.m2/repository/javax/inject/javax.inject/1/javax.inject-1.jar!/javax/inject/Singleton.class
[WARNING] org.aspectj.internal.lang.reflect.PointcutBasedPerClauseImpl scanned from multiple locations: jar:file:///C:/Users/abclab-3/.m2/repository/org/aspectj/aspectjrt/1.9.7/aspectjrt-1.9.7.jar!/org/aspectj/internal/lang/reflect/PointcutBasedPerClauseImpl.class, jar:file:///C:/Users/abclab-3/.m2/repository/org/aspectj/aspectjweaver/1.9.7/aspectjweaver-1.9.7.jar!/org/aspectj/internal/lang/reflect/PointcutBasedPerClauseImpl.class
[WARNING] org.apache.taglibs.standard.Version scanned from multiple locations: jar:file:///C:/Users/abclab-3/.m2/repository/org/apache/taglibs/taglibs-standard-impl/1.2.5/taglibs-standard-impl-1.2.5.jar!/org/apache/taglibs/standard/Version.class, jar:file:///C:/Users/abclab-3/.m2/repository/javax/servlet/jstl/1.2/jstl-1.2.jar!/org/apache/taglibs/standard/Version.class
[WARNING] org.apache.log4j.Layout scanned from multiple locations: jar:file:///C:/Users/abclab-3/.m2/repository/org/slf4j/log4j-over-slf4j/1.7.36/log4j-over-slf4j-1.7.36.jar!/org/apache/log4j/Layout.class, jar:file:///C:/Users/abclab-3/.m2/repository/ch/qos/reload4j/reload4j/1.2.19/reload4j-1.2.19.jar!/org/apache/log4j/Layout.class
[WARNING] org.apache.log4j.Level scanned from multiple locations: jar:file:///C:/Users/abclab-3/.m2/repository/org/slf4j/log4j-over-slf4j/1.7.36/log4j-over-slf4j-1.7.36.jar!/org/apache/log4j/Level.class, jar:file:///C:/Users/abclab-3/.m2/repository/ch/qos/reload4j/reload4j/1.2.19/reload4j-1.2.19.jar!/org/apache/log4j/Level.class
[WARNING] org.aspectj.internal.lang.reflect.PointcutExpressionImpl scanned from multiple locations: jar:file:///C:/Users/abclab-3/.m2/repository/org/aspectj/aspectjrt/1.9.7/aspectjrt-1.9.7.jar!/org/aspectj/internal/lang/reflect/PointcutExpressionImpl.class, jar:file:///C:/Users/abclab-3/.m2/repository/org/aspectj/aspectjweaver/1.9.7/aspectjweaver-1.9.7.jar!/org/aspectj/internal/lang/reflect/PointcutExpressionImpl.class
[WARNING] org.apache.log4j.AsyncAppender$DiscardSummary scanned from multiple locations: jar:file:///C:/Users/abclab-3/.m2/repository/ch/qos/reload4j/reload4j/1.2.19/reload4j-1.2.19.jar!/org/apache/log4j/AsyncAppender$DiscardSummary.class, jar:file:///C:/Users/abclab-3/.m2/repository/log4j/log4j/1.2.17/log4j-1.2.17.jar!/org/apache/log4j/AsyncAppender$DiscardSummary.class
[WARNING] org.aspectj.internal.lang.reflect.PointcutImpl scanned from multiple locations: jar:file:///C:/Users/abclab-3/.m2/repository/org/aspectj/aspectjrt/1.9.7/aspectjrt-1.9.7.jar!/org/aspectj/internal/lang/reflect/PointcutImpl.class, jar:file:///C:/Users/abclab-3/.m2/repository/org/aspectj/aspectjweaver/1.9.7/aspectjweaver-1.9.7.jar!/org/aspectj/internal/lang/reflect/PointcutImpl.class
[WARNING] org.apache.log4j.AsyncAppender$Dispatcher scanned from multiple locations: jar:file:///C:/Users/abclab-3/.m2/repository/ch/qos/reload4j/reload4j/1.2.19/reload4j-1.2.19.jar!/org/apache/log4j/AsyncAppender$Dispatcher.class, jar:file:///C:/Users/abclab-3/.m2/repository/log4j/log4j/1.2.17/log4j-1.2.17.jar!/org/apache/log4j/AsyncAppender$Dispatcher.class
[WARNING] org.aspectj.internal.lang.reflect.SignaturePatternImpl scanned from multiple locations: jar:file:///C:/Users/abclab-3/.m2/repository/org/aspectj/aspectjrt/1.9.7/aspectjrt-1.9.7.jar!/org/aspectj/internal/lang/reflect/SignaturePatternImpl.class, jar:file:///C:/Users/abclab-3/.m2/repository/org/aspectj/aspectjweaver/1.9.7/aspectjweaver-1.9.7.jar!/org/aspectj/internal/lang/reflect/SignaturePatternImpl.class
[WARNING] javax.mail.internet.ParameterList$Value scanned from multiple locations: jar:file:///C:/Users/abclab-3/.m2/repository/com/sun/mail/javax.mail/1.6.2/javax.mail-1.6.2.jar!/javax/mail/internet/ParameterList$Value.class, jar:file:///C:/Users/abclab-3/.m2/repository/javax/javaee-api/8.0.1/javaee-api-8.0.1.jar!/javax/mail/internet/ParameterList$Value.class
[WARNING] org.apache.log4j.AsyncAppender scanned from multiple locations: jar:file:///C:/Users/abclab-3/.m2/repository/ch/qos/reload4j/reload4j/1.2.19/reload4j-1.2.19.jar!/org/apache/log4j/AsyncAppender.class, jar:file:///C:/Users/abclab-3/.m2/repository/log4j/log4j/1.2.17/log4j-1.2.17.jar!/org/apache/log4j/AsyncAppender.class
[WARNING] org.aspectj.internal.lang.reflect.StringToType$1 scanned from multiple locations: jar:file:///C:/Users/abclab-3/.m2/repository/org/aspectj/aspectjrt/1.9.7/aspectjrt-1.9.7.jar!/org/aspectj/internal/lang/reflect/StringToType$1.class, jar:file:///C:/Users/abclab-3/.m2/repository/org/aspectj/aspectjweaver/1.9.7/aspectjweaver-1.9.7.jar!/org/aspectj/internal/lang/reflect/StringToType$1.class
[WARNING] org.apache.log4j.BasicConfigurator scanned from multiple locations: jar:file:///C:/Users/abclab-3/.m2/repository/org/slf4j/log4j-over-slf4j/1.7.36/log4j-over-slf4j-1.7.36.jar!/org/apache/log4j/BasicConfigurator.class, jar:file:///C:/Users/abclab-3/.m2/repository/log4j/log4j/1.2.17/log4j-1.2.17.jar!/org/apache/log4j/BasicConfigurator.class
[WARNING] org.apache.log4j.Category scanned from multiple locations: jar:file:///C:/Users/abclab-3/.m2/repository/org/slf4j/log4j-over-slf4j/1.7.36/log4j-over-slf4j-1.7.36.jar!/org/apache/log4j/Category.class, jar:file:///C:/Users/abclab-3/.m2/repository/log4j/log4j/1.2.17/log4j-1.2.17.jar!/org/apache/log4j/Category.class
[WARNING] org.apache.log4j.LogManager scanned from multiple locations: jar:file:///C:/Users/abclab-3/.m2/repository/org/slf4j/log4j-over-slf4j/1.7.36/log4j-over-slf4j-1.7.36.jar!/org/apache/log4j/LogManager.class, jar:file:///C:/Users/abclab-3/.m2/repository/ch/qos/reload4j/reload4j/1.2.19/reload4j-1.2.19.jar!/org/apache/log4j/LogManager.class
[WARNING] org.aspectj.internal.lang.reflect.StringToType scanned from multiple locations: jar:file:///C:/Users/abclab-3/.m2/repository/org/aspectj/aspectjrt/1.9.7/aspectjrt-1.9.7.jar!/org/aspectj/internal/lang/reflect/StringToType.class, jar:file:///C:/Users/abclab-3/.m2/repository/org/aspectj/aspectjweaver/1.9.7/aspectjweaver-1.9.7.jar!/org/aspectj/internal/lang/reflect/StringToType.class
[WARNING] org.apache.log4j.CategoryKey scanned from multiple locations: jar:file:///C:/Users/abclab-3/.m2/repository/ch/qos/reload4j/reload4j/1.2.19/reload4j-1.2.19.jar!/org/apache/log4j/CategoryKey.class, jar:file:///C:/Users/abclab-3/.m2/repository/log4j/log4j/1.2.17/log4j-1.2.17.jar!/org/apache/log4j/CategoryKey.class
[WARNING] org.aspectj.internal.lang.reflect.TypePatternBasedPerClauseImpl scanned from multiple locations: jar:file:///C:/Users/abclab-3/.m2/repository/org/aspectj/aspectjrt/1.9.7/aspectjrt-1.9.7.jar!/org/aspectj/internal/lang/reflect/TypePatternBasedPerClauseImpl.class, jar:file:///C:/Users/abclab-3/.m2/repository/org/aspectj/aspectjweaver/1.9.7/aspectjweaver-1.9.7.jar!/org/aspectj/internal/lang/reflect/TypePatternBasedPerClauseImpl.class
[WARNING] org.aspectj.internal.lang.reflect.TypePatternImpl scanned from multiple locations: jar:file:///C:/Users/abclab-3/.m2/repository/org/aspectj/aspectjrt/1.9.7/aspectjrt-1.9.7.jar!/org/aspectj/internal/lang/reflect/TypePatternImpl.class, jar:file:///C:/Users/abclab-3/.m2/repository/org/aspectj/aspectjweaver/1.9.7/aspectjweaver-1.9.7.jar!/org/aspectj/internal/lang/reflect/TypePatternImpl.class
[WARNING] javax.mail.internet.ParameterList scanned from multiple locations: jar:file:///C:/Users/abclab-3/.m2/repository/com/sun/mail/javax.mail/1.6.2/javax.mail-1.6.2.jar!/javax/mail/internet/ParameterList.class, jar:file:///C:/Users/abclab-3/.m2/repository/javax/javaee-api/8.0.1/javaee-api-8.0.1.jar!/javax/mail/internet/ParameterList.class
[WARNING] org.aspectj.lang.Aspects scanned from multiple locations: jar:file:///C:/Users/abclab-3/.m2/repository/org/aspectj/aspectjrt/1.9.7/aspectjrt-1.9.7.jar!/org/aspectj/lang/Aspects.class, jar:file:///C:/Users/abclab-3/.m2/repository/org/aspectj/aspectjweaver/1.9.7/aspectjweaver-1.9.7.jar!/org/aspectj/lang/Aspects.class
[WARNING] org.aspectj.lang.Aspects14 scanned from multiple locations: jar:file:///C:/Users/abclab-3/.m2/repository/org/aspectj/aspectjrt/1.9.7/aspectjrt-1.9.7.jar!/org/aspectj/lang/Aspects14.class, jar:file:///C:/Users/abclab-3/.m2/repository/org/aspectj/aspectjweaver/1.9.7/aspectjweaver-1.9.7.jar!/org/aspectj/lang/Aspects14.class
[WARNING] javax.mail.internet.ParseException scanned from multiple locations: jar:file:///C:/Users/abclab-3/.m2/repository/com/sun/mail/javax.mail/1.6.2/javax.mail-1.6.2.jar!/javax/mail/internet/ParseException.class, jar:file:///C:/Users/abclab-3/.m2/repository/javax/javaee-api/8.0.1/javaee-api-8.0.1.jar!/javax/mail/internet/ParseException.class
[WARNING] org.aspectj.lang.JoinPoint$EnclosingStaticPart scanned from multiple locations: jar:file:///C:/Users/abclab-3/.m2/repository/org/aspectj/aspectjrt/1.9.7/aspectjrt-1.9.7.jar!/org/aspectj/lang/JoinPoint$EnclosingStaticPart.class, jar:file:///C:/Users/abclab-3/.m2/repository/org/aspectj/aspectjweaver/1.9.7/aspectjweaver-1.9.7.jar!/org/aspectj/lang/JoinPoint$EnclosingStaticPart.class
[WARNING] org.apache.log4j.ConsoleAppender$SystemErrStream scanned from multiple locations: jar:file:///C:/Users/abclab-3/.m2/repository/ch/qos/reload4j/reload4j/1.2.19/reload4j-1.2.19.jar!/org/apache/log4j/ConsoleAppender$SystemErrStream.class, jar:file:///C:/Users/abclab-3/.m2/repository/log4j/log4j/1.2.17/log4j-1.2.17.jar!/org/apache/log4j/ConsoleAppender$SystemErrStream.class
[WARNING] org.apache.taglibs.standard.functions.Functions scanned from multiple locations: jar:file:///C:/Users/abclab-3/.m2/repository/org/apache/taglibs/taglibs-standard-impl/1.2.5/taglibs-standard-impl-1.2.5.jar!/org/apache/taglibs/standard/functions/Functions.class, jar:file:///C:/Users/abclab-3/.m2/repository/javax/servlet/jstl/1.2/jstl-1.2.jar!/org/apache/taglibs/standard/functions/Functions.class
[WARNING] org.aspectj.lang.JoinPoint$StaticPart scanned from multiple locations: jar:file:///C:/Users/abclab-3/.m2/repository/org/aspectj/aspectjrt/1.9.7/aspectjrt-1.9.7.jar!/org/aspectj/lang/JoinPoint$StaticPart.class, jar:file:///C:/Users/abclab-3/.m2/repository/org/aspectj/aspectjweaver/1.9.7/aspectjweaver-1.9.7.jar!/org/aspectj/lang/JoinPoint$StaticPart.class
[WARNING] org.apache.log4j.Logger scanned from multiple locations: jar:file:///C:/Users/abclab-3/.m2/repository/org/slf4j/log4j-over-slf4j/1.7.36/log4j-over-slf4j-1.7.36.jar!/org/apache/log4j/Logger.class, jar:file:///C:/Users/abclab-3/.m2/repository/ch/qos/reload4j/reload4j/1.2.19/reload4j-1.2.19.jar!/org/apache/log4j/Logger.class
[WARNING] javax.mail.internet.PreencodedMimeBodyPart scanned from multiple locations: jar:file:///C:/Users/abclab-3/.m2/repository/com/sun/mail/javax.mail/1.6.2/javax.mail-1.6.2.jar!/javax/mail/internet/PreencodedMimeBodyPart.class, jar:file:///C:/Users/abclab-3/.m2/repository/javax/javaee-api/8.0.1/javaee-api-8.0.1.jar!/javax/mail/internet/PreencodedMimeBodyPart.class
[WARNING] org.apache.log4j.MDC scanned from multiple locations: jar:file:///C:/Users/abclab-3/.m2/repository/org/slf4j/log4j-over-slf4j/1.7.36/log4j-over-slf4j-1.7.36.jar!/org/apache/log4j/MDC.class, jar:file:///C:/Users/abclab-3/.m2/repository/ch/qos/reload4j/reload4j/1.2.19/reload4j-1.2.19.jar!/org/apache/log4j/MDC.class
[WARNING] org.apache.log4j.ConsoleAppender$SystemOutStream scanned from multiple locations: jar:file:///C:/Users/abclab-3/.m2/repository/ch/qos/reload4j/reload4j/1.2.19/reload4j-1.2.19.jar!/org/apache/log4j/ConsoleAppender$SystemOutStream.class, jar:file:///C:/Users/abclab-3/.m2/repository/log4j/log4j/1.2.17/log4j-1.2.17.jar!/org/apache/log4j/ConsoleAppender$SystemOutStream.class
[WARNING] javax.mail.internet.SharedInputStream scanned from multiple locations: jar:file:///C:/Users/abclab-3/.m2/repository/com/sun/mail/javax.mail/1.6.2/javax.mail-1.6.2.jar!/javax/mail/internet/SharedInputStream.class, jar:file:///C:/Users/abclab-3/.m2/repository/javax/javaee-api/8.0.1/javaee-api-8.0.1.jar!/javax/mail/internet/SharedInputStream.class
[WARNING] org.apache.log4j.ConsoleAppender scanned from multiple locations: jar:file:///C:/Users/abclab-3/.m2/repository/org/slf4j/log4j-over-slf4j/1.7.36/log4j-over-slf4j-1.7.36.jar!/org/apache/log4j/ConsoleAppender.class, jar:file:///C:/Users/abclab-3/.m2/repository/log4j/log4j/1.2.17/log4j-1.2.17.jar!/org/apache/log4j/ConsoleAppender.class
[WARNING] javax.mail.internet.UniqueValue scanned from multiple locations: jar:file:///C:/Users/abclab-3/.m2/repository/com/sun/mail/javax.mail/1.6.2/javax.mail-1.6.2.jar!/javax/mail/internet/UniqueValue.class, jar:file:///C:/Users/abclab-3/.m2/repository/javax/javaee-api/8.0.1/javaee-api-8.0.1.jar!/javax/mail/internet/UniqueValue.class
[WARNING] javax.mail.search.AddressStringTerm scanned from multiple locations: jar:file:///C:/Users/abclab-3/.m2/repository/com/sun/mail/javax.mail/1.6.2/javax.mail-1.6.2.jar!/javax/mail/search/AddressStringTerm.class, jar:file:///C:/Users/abclab-3/.m2/repository/javax/javaee-api/8.0.1/javaee-api-8.0.1.jar!/javax/mail/search/AddressStringTerm.class
[WARNING] javax.mail.search.AddressTerm scanned from multiple locations: jar:file:///C:/Users/abclab-3/.m2/repository/com/sun/mail/javax.mail/1.6.2/javax.mail-1.6.2.jar!/javax/mail/search/AddressTerm.class, jar:file:///C:/Users/abclab-3/.m2/repository/javax/javaee-api/8.0.1/javaee-api-8.0.1.jar!/javax/mail/search/AddressTerm.class
[WARNING] javax.mail.search.AndTerm scanned from multiple locations: jar:file:///C:/Users/abclab-3/.m2/repository/com/sun/mail/javax.mail/1.6.2/javax.mail-1.6.2.jar!/javax/mail/search/AndTerm.class, jar:file:///C:/Users/abclab-3/.m2/repository/javax/javaee-api/8.0.1/javaee-api-8.0.1.jar!/javax/mail/search/AndTerm.class
[WARNING] org.aspectj.lang.JoinPoint scanned from multiple locations: jar:file:///C:/Users/abclab-3/.m2/repository/org/aspectj/aspectjrt/1.9.7/aspectjrt-1.9.7.jar!/org/aspectj/lang/JoinPoint.class, jar:file:///C:/Users/abclab-3/.m2/repository/org/aspectj/aspectjweaver/1.9.7/aspectjweaver-1.9.7.jar!/org/aspectj/lang/JoinPoint.class
[WARNING] javax.mail.search.BodyTerm scanned from multiple locations: jar:file:///C:/Users/abclab-3/.m2/repository/com/sun/mail/javax.mail/1.6.2/javax.mail-1.6.2.jar!/javax/mail/search/BodyTerm.class, jar:file:///C:/Users/abclab-3/.m2/repository/javax/javaee-api/8.0.1/javaee-api-8.0.1.jar!/javax/mail/search/BodyTerm.class
[WARNING] org.aspectj.lang.NoAspectBoundException scanned from multiple locations: jar:file:///C:/Users/abclab-3/.m2/repository/org/aspectj/aspectjrt/1.9.7/aspectjrt-1.9.7.jar!/org/aspectj/lang/NoAspectBoundException.class, jar:file:///C:/Users/abclab-3/.m2/repository/org/aspectj/aspectjweaver/1.9.7/aspectjweaver-1.9.7.jar!/org/aspectj/lang/NoAspectBoundException.class
[WARNING] org.aspectj.lang.ProceedingJoinPoint scanned from multiple locations: jar:file:///C:/Users/abclab-3/.m2/repository/org/aspectj/aspectjrt/1.9.7/aspectjrt-1.9.7.jar!/org/aspectj/lang/ProceedingJoinPoint.class, jar:file:///C:/Users/abclab-3/.m2/repository/org/aspectj/aspectjweaver/1.9.7/aspectjweaver-1.9.7.jar!/org/aspectj/lang/ProceedingJoinPoint.class
[WARNING] org.apache.log4j.NDC scanned from multiple locations: jar:file:///C:/Users/abclab-3/.m2/repository/org/slf4j/log4j-over-slf4j/1.7.36/log4j-over-slf4j-1.7.36.jar!/org/apache/log4j/NDC.class, jar:file:///C:/Users/abclab-3/.m2/repository/ch/qos/reload4j/reload4j/1.2.19/reload4j-1.2.19.jar!/org/apache/log4j/NDC.class
[WARNING] org.aspectj.lang.Signature scanned from multiple locations: jar:file:///C:/Users/abclab-3/.m2/repository/org/aspectj/aspectjrt/1.9.7/aspectjrt-1.9.7.jar!/org/aspectj/lang/Signature.class, jar:file:///C:/Users/abclab-3/.m2/repository/org/aspectj/aspectjweaver/1.9.7/aspectjweaver-1.9.7.jar!/org/aspectj/lang/Signature.class
[WARNING] org.apache.log4j.PatternLayout scanned from multiple locations: jar:file:///C:/Users/abclab-3/.m2/repository/org/slf4j/log4j-over-slf4j/1.7.36/log4j-over-slf4j-1.7.36.jar!/org/apache/log4j/PatternLayout.class, jar:file:///C:/Users/abclab-3/.m2/repository/ch/qos/reload4j/reload4j/1.2.19/reload4j-1.2.19.jar!/org/apache/log4j/PatternLayout.class
[WARNING] javax.mail.search.ComparisonTerm scanned from multiple locations: jar:file:///C:/Users/abclab-3/.m2/repository/com/sun/mail/javax.mail/1.6.2/javax.mail-1.6.2.jar!/javax/mail/search/ComparisonTerm.class, jar:file:///C:/Users/abclab-3/.m2/repository/javax/javaee-api/8.0.1/javaee-api-8.0.1.jar!/javax/mail/search/ComparisonTerm.class
[WARNING] org.apache.log4j.DailyRollingFileAppender scanned from multiple locations: jar:file:///C:/Users/abclab-3/.m2/repository/ch/qos/reload4j/reload4j/1.2.19/reload4j-1.2.19.jar!/org/apache/log4j/DailyRollingFileAppender.class, jar:file:///C:/Users/abclab-3/.m2/repository/log4j/log4j/1.2.17/log4j-1.2.17.jar!/org/apache/log4j/DailyRollingFileAppender.class
[WARNING] org.apache.log4j.DefaultCategoryFactory scanned from multiple locations: jar:file:///C:/Users/abclab-3/.m2/repository/ch/qos/reload4j/reload4j/1.2.19/reload4j-1.2.19.jar!/org/apache/log4j/DefaultCategoryFactory.class, jar:file:///C:/Users/abclab-3/.m2/repository/log4j/log4j/1.2.17/log4j-1.2.17.jar!/org/apache/log4j/DefaultCategoryFactory.class
[WARNING] org.apache.log4j.DefaultThrowableRenderer scanned from multiple locations: jar:file:///C:/Users/abclab-3/.m2/repository/ch/qos/reload4j/reload4j/1.2.19/reload4j-1.2.19.jar!/org/apache/log4j/DefaultThrowableRenderer.class, jar:file:///C:/Users/abclab-3/.m2/repository/log4j/log4j/1.2.17/log4j-1.2.17.jar!/org/apache/log4j/DefaultThrowableRenderer.class
[WARNING] javax.mail.search.DateTerm scanned from multiple locations: jar:file:///C:/Users/abclab-3/.m2/repository/com/sun/mail/javax.mail/1.6.2/javax.mail-1.6.2.jar!/javax/mail/search/DateTerm.class, jar:file:///C:/Users/abclab-3/.m2/repository/javax/javaee-api/8.0.1/javaee-api-8.0.1.jar!/javax/mail/search/DateTerm.class
[WARNING] org.aspectj.lang.SoftException scanned from multiple locations: jar:file:///C:/Users/abclab-3/.m2/repository/org/aspectj/aspectjrt/1.9.7/aspectjrt-1.9.7.jar!/org/aspectj/lang/SoftException.class, jar:file:///C:/Users/abclab-3/.m2/repository/org/aspectj/aspectjweaver/1.9.7/aspectjweaver-1.9.7.jar!/org/aspectj/lang/SoftException.class
[WARNING] org.apache.log4j.Priority scanned from multiple locations: jar:file:///C:/Users/abclab-3/.m2/repository/org/slf4j/log4j-over-slf4j/1.7.36/log4j-over-slf4j-1.7.36.jar!/org/apache/log4j/Priority.class, jar:file:///C:/Users/abclab-3/.m2/repository/ch/qos/reload4j/reload4j/1.2.19/reload4j-1.2.19.jar!/org/apache/log4j/Priority.class
[WARNING] org.aspectj.lang.annotation.AdviceName scanned from multiple locations: jar:file:///C:/Users/abclab-3/.m2/repository/org/aspectj/aspectjrt/1.9.7/aspectjrt-1.9.7.jar!/org/aspectj/lang/annotation/AdviceName.class, jar:file:///C:/Users/abclab-3/.m2/repository/org/aspectj/aspectjweaver/1.9.7/aspectjweaver-1.9.7.jar!/org/aspectj/lang/annotation/AdviceName.class
[WARNING] org.apache.log4j.PropertyConfigurator scanned from multiple locations: jar:file:///C:/Users/abclab-3/.m2/repository/org/slf4j/log4j-over-slf4j/1.7.36/log4j-over-slf4j-1.7.36.jar!/org/apache/log4j/PropertyConfigurator.class, jar:file:///C:/Users/abclab-3/.m2/repository/ch/qos/reload4j/reload4j/1.2.19/reload4j-1.2.19.jar!/org/apache/log4j/PropertyConfigurator.class
[WARNING] org.apache.log4j.RollingFileAppender scanned from multiple locations: jar:file:///C:/Users/abclab-3/.m2/repository/org/slf4j/log4j-over-slf4j/1.7.36/log4j-over-slf4j-1.7.36.jar!/org/apache/log4j/RollingFileAppender.class, jar:file:///C:/Users/abclab-3/.m2/repository/ch/qos/reload4j/reload4j/1.2.19/reload4j-1.2.19.jar!/org/apache/log4j/RollingFileAppender.class
[WARNING] org.apache.log4j.SimpleLayout scanned from multiple locations: jar:file:///C:/Users/abclab-3/.m2/repository/org/slf4j/log4j-over-slf4j/1.7.36/log4j-over-slf4j-1.7.36.jar!/org/apache/log4j/SimpleLayout.class, jar:file:///C:/Users/abclab-3/.m2/repository/ch/qos/reload4j/reload4j/1.2.19/reload4j-1.2.19.jar!/org/apache/log4j/SimpleLayout.class
[WARNING] org.apache.log4j.WriterAppender scanned from multiple locations: jar:file:///C:/Users/abclab-3/.m2/repository/org/slf4j/log4j-over-slf4j/1.7.36/log4j-over-slf4j-1.7.36.jar!/org/apache/log4j/WriterAppender.class, jar:file:///C:/Users/abclab-3/.m2/repository/ch/qos/reload4j/reload4j/1.2.19/reload4j-1.2.19.jar!/org/apache/log4j/WriterAppender.class
[WARNING] javax.mail.search.FlagTerm scanned from multiple locations: jar:file:///C:/Users/abclab-3/.m2/repository/com/sun/mail/javax.mail/1.6.2/javax.mail-1.6.2.jar!/javax/mail/search/FlagTerm.class, jar:file:///C:/Users/abclab-3/.m2/repository/javax/javaee-api/8.0.1/javaee-api-8.0.1.jar!/javax/mail/search/FlagTerm.class
[WARNING] org.apache.log4j.Dispatcher scanned from multiple locations: jar:file:///C:/Users/abclab-3/.m2/repository/ch/qos/reload4j/reload4j/1.2.19/reload4j-1.2.19.jar!/org/apache/log4j/Dispatcher.class, jar:file:///C:/Users/abclab-3/.m2/repository/log4j/log4j/1.2.17/log4j-1.2.17.jar!/org/apache/log4j/Dispatcher.class
[WARNING] org.apache.log4j.EnhancedPatternLayout scanned from multiple locations: jar:file:///C:/Users/abclab-3/.m2/repository/ch/qos/reload4j/reload4j/1.2.19/reload4j-1.2.19.jar!/org/apache/log4j/EnhancedPatternLayout.class, jar:file:///C:/Users/abclab-3/.m2/repository/log4j/log4j/1.2.17/log4j-1.2.17.jar!/org/apache/log4j/EnhancedPatternLayout.class
[WARNING] org.apache.log4j.EnhancedThrowableRenderer scanned from multiple locations: jar:file:///C:/Users/abclab-3/.m2/repository/ch/qos/reload4j/reload4j/1.2.19/reload4j-1.2.19.jar!/org/apache/log4j/EnhancedThrowableRenderer.class, jar:file:///C:/Users/abclab-3/.m2/repository/log4j/log4j/1.2.17/log4j-1.2.17.jar!/org/apache/log4j/EnhancedThrowableRenderer.class
[WARNING] org.apache.log4j.FileAppender scanned from multiple locations: jar:file:///C:/Users/abclab-3/.m2/repository/org/slf4j/log4j-over-slf4j/1.7.36/log4j-over-slf4j-1.7.36.jar!/org/apache/log4j/FileAppender.class, jar:file:///C:/Users/abclab-3/.m2/repository/log4j/log4j/1.2.17/log4j-1.2.17.jar!/org/apache/log4j/FileAppender.class
[WARNING] org.apache.log4j.HTMLLayout scanned from multiple locations: jar:file:///C:/Users/abclab-3/.m2/repository/ch/qos/reload4j/reload4j/1.2.19/reload4j-1.2.19.jar!/org/apache/log4j/HTMLLayout.class, jar:file:///C:/Users/abclab-3/.m2/repository/log4j/log4j/1.2.17/log4j-1.2.17.jar!/org/apache/log4j/HTMLLayout.class
[WARNING] org.apache.log4j.Hierarchy scanned from multiple locations: jar:file:///C:/Users/abclab-3/.m2/repository/ch/qos/reload4j/reload4j/1.2.19/reload4j-1.2.19.jar!/org/apache/log4j/Hierarchy.class, jar:file:///C:/Users/abclab-3/.m2/repository/log4j/log4j/1.2.17/log4j-1.2.17.jar!/org/apache/log4j/Hierarchy.class
[WARNING] org.apache.log4j.Layout scanned from multiple locations: jar:file:///C:/Users/abclab-3/.m2/repository/org/slf4j/log4j-over-slf4j/1.7.36/log4j-over-slf4j-1.7.36.jar!/org/apache/log4j/Layout.class, jar:file:///C:/Users/abclab-3/.m2/repository/log4j/log4j/1.2.17/log4j-1.2.17.jar!/org/apache/log4j/Layout.class
[WARNING] org.apache.log4j.helpers.LogLog scanned from multiple locations: jar:file:///C:/Users/abclab-3/.m2/repository/org/slf4j/log4j-over-slf4j/1.7.36/log4j-over-slf4j-1.7.36.jar!/org/apache/log4j/helpers/LogLog.class, jar:file:///C:/Users/abclab-3/.m2/repository/ch/qos/reload4j/reload4j/1.2.19/reload4j-1.2.19.jar!/org/apache/log4j/helpers/LogLog.class
[WARNING] org.apache.log4j.Level scanned from multiple locations: jar:file:///C:/Users/abclab-3/.m2/repository/org/slf4j/log4j-over-slf4j/1.7.36/log4j-over-slf4j-1.7.36.jar!/org/apache/log4j/Level.class, jar:file:///C:/Users/abclab-3/.m2/repository/log4j/log4j/1.2.17/log4j-1.2.17.jar!/org/apache/log4j/Level.class
[WARNING] org.apache.log4j.LogMF scanned from multiple locations: jar:file:///C:/Users/abclab-3/.m2/repository/ch/qos/reload4j/reload4j/1.2.19/reload4j-1.2.19.jar!/org/apache/log4j/LogMF.class, jar:file:///C:/Users/abclab-3/.m2/repository/log4j/log4j/1.2.17/log4j-1.2.17.jar!/org/apache/log4j/LogMF.class
[WARNING] org.apache.log4j.LogManager scanned from multiple locations: jar:file:///C:/Users/abclab-3/.m2/repository/org/slf4j/log4j-over-slf4j/1.7.36/log4j-over-slf4j-1.7.36.jar!/org/apache/log4j/LogManager.class, jar:file:///C:/Users/abclab-3/.m2/repository/log4j/log4j/1.2.17/log4j-1.2.17.jar!/org/apache/log4j/LogManager.class
[WARNING] org.apache.log4j.LogSF scanned from multiple locations: jar:file:///C:/Users/abclab-3/.m2/repository/ch/qos/reload4j/reload4j/1.2.19/reload4j-1.2.19.jar!/org/apache/log4j/LogSF.class, jar:file:///C:/Users/abclab-3/.m2/repository/log4j/log4j/1.2.17/log4j-1.2.17.jar!/org/apache/log4j/LogSF.class
[WARNING] org.aspectj.lang.annotation.After scanned from multiple locations: jar:file:///C:/Users/abclab-3/.m2/repository/org/aspectj/aspectjrt/1.9.7/aspectjrt-1.9.7.jar!/org/aspectj/lang/annotation/After.class, jar:file:///C:/Users/abclab-3/.m2/repository/org/aspectj/aspectjweaver/1.9.7/aspectjweaver-1.9.7.jar!/org/aspectj/lang/annotation/After.class
[WARNING] org.apache.log4j.helpers.NullEnumeration scanned from multiple locations: jar:file:///C:/Users/abclab-3/.m2/repository/org/slf4j/log4j-over-slf4j/1.7.36/log4j-over-slf4j-1.7.36.jar!/org/apache/log4j/helpers/NullEnumeration.class, jar:file:///C:/Users/abclab-3/.m2/repository/ch/qos/reload4j/reload4j/1.2.19/reload4j-1.2.19.jar!/org/apache/log4j/helpers/NullEnumeration.class
[WARNING] org.apache.taglibs.standard.resources.Resources scanned from multiple locations: jar:file:///C:/Users/abclab-3/.m2/repository/org/apache/taglibs/taglibs-standard-impl/1.2.5/taglibs-standard-impl-1.2.5.jar!/org/apache/taglibs/standard/resources/Resources.class, jar:file:///C:/Users/abclab-3/.m2/repository/javax/servlet/jstl/1.2/jstl-1.2.jar!/org/apache/taglibs/standard/resources/Resources.class
[WARNING] javax.mail.search.FromStringTerm scanned from multiple locations: jar:file:///C:/Users/abclab-3/.m2/repository/com/sun/mail/javax.mail/1.6.2/javax.mail-1.6.2.jar!/javax/mail/search/FromStringTerm.class, jar:file:///C:/Users/abclab-3/.m2/repository/javax/javaee-api/8.0.1/javaee-api-8.0.1.jar!/javax/mail/search/FromStringTerm.class
[WARNING] org.aspectj.lang.annotation.AfterReturning scanned from multiple locations: jar:file:///C:/Users/abclab-3/.m2/repository/org/aspectj/aspectjrt/1.9.7/aspectjrt-1.9.7.jar!/org/aspectj/lang/annotation/AfterReturning.class, jar:file:///C:/Users/abclab-3/.m2/repository/org/aspectj/aspectjweaver/1.9.7/aspectjweaver-1.9.7.jar!/org/aspectj/lang/annotation/AfterReturning.class
[WARNING] org.apache.log4j.LogXF scanned from multiple locations: jar:file:///C:/Users/abclab-3/.m2/repository/ch/qos/reload4j/reload4j/1.2.19/reload4j-1.2.19.jar!/org/apache/log4j/LogXF.class, jar:file:///C:/Users/abclab-3/.m2/repository/log4j/log4j/1.2.17/log4j-1.2.17.jar!/org/apache/log4j/LogXF.class
[WARNING] org.apache.taglibs.standard.tag.common.core.CatchTag scanned from multiple locations: jar:file:///C:/Users/abclab-3/.m2/repository/org/apache/taglibs/taglibs-standard-impl/1.2.5/taglibs-standard-impl-1.2.5.jar!/org/apache/taglibs/standard/tag/common/core/CatchTag.class, jar:file:///C:/Users/abclab-3/.m2/repository/javax/servlet/jstl/1.2/jstl-1.2.jar!/org/apache/taglibs/standard/tag/common/core/CatchTag.class
[WARNING] javax.mail.search.FromTerm scanned from multiple locations: jar:file:///C:/Users/abclab-3/.m2/repository/com/sun/mail/javax.mail/1.6.2/javax.mail-1.6.2.jar!/javax/mail/search/FromTerm.class, jar:file:///C:/Users/abclab-3/.m2/repository/javax/javaee-api/8.0.1/javaee-api-8.0.1.jar!/javax/mail/search/FromTerm.class
[WARNING] org.apache.log4j.Logger scanned from multiple locations: jar:file:///C:/Users/abclab-3/.m2/repository/org/slf4j/log4j-over-slf4j/1.7.36/log4j-over-slf4j-1.7.36.jar!/org/apache/log4j/Logger.class, jar:file:///C:/Users/abclab-3/.m2/repository/log4j/log4j/1.2.17/log4j-1.2.17.jar!/org/apache/log4j/Logger.class
[WARNING] org.aspectj.lang.annotation.AfterThrowing scanned from multiple locations: jar:file:///C:/Users/abclab-3/.m2/repository/org/aspectj/aspectjrt/1.9.7/aspectjrt-1.9.7.jar!/org/aspectj/lang/annotation/AfterThrowing.class, jar:file:///C:/Users/abclab-3/.m2/repository/org/aspectj/aspectjweaver/1.9.7/aspectjweaver-1.9.7.jar!/org/aspectj/lang/annotation/AfterThrowing.class
[WARNING] org.apache.log4j.MDC scanned from multiple locations: jar:file:///C:/Users/abclab-3/.m2/repository/org/slf4j/log4j-over-slf4j/1.7.36/log4j-over-slf4j-1.7.36.jar!/org/apache/log4j/MDC.class, jar:file:///C:/Users/abclab-3/.m2/repository/log4j/log4j/1.2.17/log4j-1.2.17.jar!/org/apache/log4j/MDC.class
[WARNING] javax.mail.search.HeaderTerm scanned from multiple locations: jar:file:///C:/Users/abclab-3/.m2/repository/com/sun/mail/javax.mail/1.6.2/javax.mail-1.6.2.jar!/javax/mail/search/HeaderTerm.class, jar:file:///C:/Users/abclab-3/.m2/repository/javax/javaee-api/8.0.1/javaee-api-8.0.1.jar!/javax/mail/search/HeaderTerm.class
[WARNING] org.apache.taglibs.standard.tag.common.core.ChooseTag scanned from multiple locations: jar:file:///C:/Users/abclab-3/.m2/repository/org/apache/taglibs/taglibs-standard-impl/1.2.5/taglibs-standard-impl-1.2.5.jar!/org/apache/taglibs/standard/tag/common/core/ChooseTag.class, jar:file:///C:/Users/abclab-3/.m2/repository/javax/servlet/jstl/1.2/jstl-1.2.jar!/org/apache/taglibs/standard/tag/common/core/ChooseTag.class
[WARNING] org.apache.log4j.NDC$DiagnosticContext scanned from multiple locations: jar:file:///C:/Users/abclab-3/.m2/repository/ch/qos/reload4j/reload4j/1.2.19/reload4j-1.2.19.jar!/org/apache/log4j/NDC$DiagnosticContext.class, jar:file:///C:/Users/abclab-3/.m2/repository/log4j/log4j/1.2.17/log4j-1.2.17.jar!/org/apache/log4j/NDC$DiagnosticContext.class
[WARNING] org.aspectj.lang.annotation.Around scanned from multiple locations: jar:file:///C:/Users/abclab-3/.m2/repository/org/aspectj/aspectjrt/1.9.7/aspectjrt-1.9.7.jar!/org/aspectj/lang/annotation/Around.class, jar:file:///C:/Users/abclab-3/.m2/repository/org/aspectj/aspectjweaver/1.9.7/aspectjweaver-1.9.7.jar!/org/aspectj/lang/annotation/Around.class
[WARNING] org.apache.taglibs.standard.tag.common.core.DeclareTag scanned from multiple locations: jar:file:///C:/Users/abclab-3/.m2/repository/org/apache/taglibs/taglibs-standard-impl/1.2.5/taglibs-standard-impl-1.2.5.jar!/org/apache/taglibs/standard/tag/common/core/DeclareTag.class, jar:file:///C:/Users/abclab-3/.m2/repository/javax/servlet/jstl/1.2/jstl-1.2.jar!/org/apache/taglibs/standard/tag/common/core/DeclareTag.class
[WARNING] javax.mail.search.IntegerComparisonTerm scanned from multiple locations: jar:file:///C:/Users/abclab-3/.m2/repository/com/sun/mail/javax.mail/1.6.2/javax.mail-1.6.2.jar!/javax/mail/search/IntegerComparisonTerm.class, jar:file:///C:/Users/abclab-3/.m2/repository/javax/javaee-api/8.0.1/javaee-api-8.0.1.jar!/javax/mail/search/IntegerComparisonTerm.class
[WARNING] javax.mail.search.MessageIDTerm scanned from multiple locations: jar:file:///C:/Users/abclab-3/.m2/repository/com/sun/mail/javax.mail/1.6.2/javax.mail-1.6.2.jar!/javax/mail/search/MessageIDTerm.class, jar:file:///C:/Users/abclab-3/.m2/repository/javax/javaee-api/8.0.1/javaee-api-8.0.1.jar!/javax/mail/search/MessageIDTerm.class
[WARNING] org.apache.taglibs.standard.tag.common.core.ForEachSupport scanned from multiple locations: jar:file:///C:/Users/abclab-3/.m2/repository/org/apache/taglibs/taglibs-standard-impl/1.2.5/taglibs-standard-impl-1.2.5.jar!/org/apache/taglibs/standard/tag/common/core/ForEachSupport.class, jar:file:///C:/Users/abclab-3/.m2/repository/javax/servlet/jstl/1.2/jstl-1.2.jar!/org/apache/taglibs/standard/tag/common/core/ForEachSupport.class
[WARNING] org.aspectj.lang.annotation.Aspect scanned from multiple locations: jar:file:///C:/Users/abclab-3/.m2/repository/org/aspectj/aspectjrt/1.9.7/aspectjrt-1.9.7.jar!/org/aspectj/lang/annotation/Aspect.class, jar:file:///C:/Users/abclab-3/.m2/repository/org/aspectj/aspectjweaver/1.9.7/aspectjweaver-1.9.7.jar!/org/aspectj/lang/annotation/Aspect.class
[WARNING] org.apache.log4j.NDC scanned from multiple locations: jar:file:///C:/Users/abclab-3/.m2/repository/org/slf4j/log4j-over-slf4j/1.7.36/log4j-over-slf4j-1.7.36.jar!/org/apache/log4j/NDC.class, jar:file:///C:/Users/abclab-3/.m2/repository/log4j/log4j/1.2.17/log4j-1.2.17.jar!/org/apache/log4j/NDC.class
[WARNING] org.apache.taglibs.standard.tag.common.core.ForTokensSupport scanned from multiple locations: jar:file:///C:/Users/abclab-3/.m2/repository/org/apache/taglibs/taglibs-standard-impl/1.2.5/taglibs-standard-impl-1.2.5.jar!/org/apache/taglibs/standard/tag/common/core/ForTokensSupport.class, jar:file:///C:/Users/abclab-3/.m2/repository/javax/servlet/jstl/1.2/jstl-1.2.jar!/org/apache/taglibs/standard/tag/common/core/ForTokensSupport.class
[WARNING] javax.mail.search.MessageNumberTerm scanned from multiple locations: jar:file:///C:/Users/abclab-3/.m2/repository/com/sun/mail/javax.mail/1.6.2/javax.mail-1.6.2.jar!/javax/mail/search/MessageNumberTerm.class, jar:file:///C:/Users/abclab-3/.m2/repository/javax/javaee-api/8.0.1/javaee-api-8.0.1.jar!/javax/mail/search/MessageNumberTerm.class
[WARNING] org.apache.log4j.NameValue scanned from multiple locations: jar:file:///C:/Users/abclab-3/.m2/repository/ch/qos/reload4j/reload4j/1.2.19/reload4j-1.2.19.jar!/org/apache/log4j/NameValue.class, jar:file:///C:/Users/abclab-3/.m2/repository/log4j/log4j/1.2.17/log4j-1.2.17.jar!/org/apache/log4j/NameValue.class
[WARNING] org.apache.taglibs.standard.tag.common.core.ImportSupport$ImportResponseWrapper$1 scanned from multiple locations: jar:file:///C:/Users/abclab-3/.m2/repository/org/apache/taglibs/taglibs-standard-impl/1.2.5/taglibs-standard-impl-1.2.5.jar!/org/apache/taglibs/standard/tag/common/core/ImportSupport$ImportResponseWrapper$1.class, jar:file:///C:/Users/abclab-3/.m2/repository/javax/servlet/jstl/1.2/jstl-1.2.jar!/org/apache/taglibs/standard/tag/common/core/ImportSupport$ImportResponseWrapper$1.class
[WARNING] org.apache.log4j.PatternLayout scanned from multiple locations: jar:file:///C:/Users/abclab-3/.m2/repository/org/slf4j/log4j-over-slf4j/1.7.36/log4j-over-slf4j-1.7.36.jar!/org/apache/log4j/PatternLayout.class, jar:file:///C:/Users/abclab-3/.m2/repository/log4j/log4j/1.2.17/log4j-1.2.17.jar!/org/apache/log4j/PatternLayout.class
[WARNING] org.aspectj.lang.annotation.Before scanned from multiple locations: jar:file:///C:/Users/abclab-3/.m2/repository/org/aspectj/aspectjrt/1.9.7/aspectjrt-1.9.7.jar!/org/aspectj/lang/annotation/Before.class, jar:file:///C:/Users/abclab-3/.m2/repository/org/aspectj/aspectjweaver/1.9.7/aspectjweaver-1.9.7.jar!/org/aspectj/lang/annotation/Before.class
[WARNING] org.apache.taglibs.standard.tag.common.core.ImportSupport$ImportResponseWrapper scanned from multiple locations: jar:file:///C:/Users/abclab-3/.m2/repository/org/apache/taglibs/taglibs-standard-impl/1.2.5/taglibs-standard-impl-1.2.5.jar!/org/apache/taglibs/standard/tag/common/core/ImportSupport$ImportResponseWrapper.class, jar:file:///C:/Users/abclab-3/.m2/repository/javax/servlet/jstl/1.2/jstl-1.2.jar!/org/apache/taglibs/standard/tag/common/core/ImportSupport$ImportResponseWrapper.class
[WARNING] javax.mail.search.NotTerm scanned from multiple locations: jar:file:///C:/Users/abclab-3/.m2/repository/com/sun/mail/javax.mail/1.6.2/javax.mail-1.6.2.jar!/javax/mail/search/NotTerm.class, jar:file:///C:/Users/abclab-3/.m2/repository/javax/javaee-api/8.0.1/javaee-api-8.0.1.jar!/javax/mail/search/NotTerm.class
[WARNING] org.aspectj.lang.annotation.DeclareAnnotation scanned from multiple locations: jar:file:///C:/Users/abclab-3/.m2/repository/org/aspectj/aspectjrt/1.9.7/aspectjrt-1.9.7.jar!/org/aspectj/lang/annotation/DeclareAnnotation.class, jar:file:///C:/Users/abclab-3/.m2/repository/org/aspectj/aspectjweaver/1.9.7/aspectjweaver-1.9.7.jar!/org/aspectj/lang/annotation/DeclareAnnotation.class
[WARNING] javax.mail.search.OrTerm scanned from multiple locations: jar:file:///C:/Users/abclab-3/.m2/repository/com/sun/mail/javax.mail/1.6.2/javax.mail-1.6.2.jar!/javax/mail/search/OrTerm.class, jar:file:///C:/Users/abclab-3/.m2/repository/javax/javaee-api/8.0.1/javaee-api-8.0.1.jar!/javax/mail/search/OrTerm.class
[WARNING] org.apache.log4j.Priority scanned from multiple locations: jar:file:///C:/Users/abclab-3/.m2/repository/org/slf4j/log4j-over-slf4j/1.7.36/log4j-over-slf4j-1.7.36.jar!/org/apache/log4j/Priority.class, jar:file:///C:/Users/abclab-3/.m2/repository/log4j/log4j/1.2.17/log4j-1.2.17.jar!/org/apache/log4j/Priority.class
[WARNING] org.aspectj.lang.annotation.DeclareError scanned from multiple locations: jar:file:///C:/Users/abclab-3/.m2/repository/org/aspectj/aspectjrt/1.9.7/aspectjrt-1.9.7.jar!/org/aspectj/lang/annotation/DeclareError.class, jar:file:///C:/Users/abclab-3/.m2/repository/org/aspectj/aspectjweaver/1.9.7/aspectjweaver-1.9.7.jar!/org/aspectj/lang/annotation/DeclareError.class
[WARNING] org.apache.taglibs.standard.tag.common.core.ImportSupport scanned from multiple locations: jar:file:///C:/Users/abclab-3/.m2/repository/org/apache/taglibs/taglibs-standard-impl/1.2.5/taglibs-standard-impl-1.2.5.jar!/org/apache/taglibs/standard/tag/common/core/ImportSupport.class, jar:file:///C:/Users/abclab-3/.m2/repository/javax/servlet/jstl/1.2/jstl-1.2.jar!/org/apache/taglibs/standard/tag/common/core/ImportSupport.class
[WARNING] org.apache.log4j.PropertyConfigurator scanned from multiple locations: jar:file:///C:/Users/abclab-3/.m2/repository/org/slf4j/log4j-over-slf4j/1.7.36/log4j-over-slf4j-1.7.36.jar!/org/apache/log4j/PropertyConfigurator.class, jar:file:///C:/Users/abclab-3/.m2/repository/log4j/log4j/1.2.17/log4j-1.2.17.jar!/org/apache/log4j/PropertyConfigurator.class
[WARNING] javax.mail.search.ReceivedDateTerm scanned from multiple locations: jar:file:///C:/Users/abclab-3/.m2/repository/com/sun/mail/javax.mail/1.6.2/javax.mail-1.6.2.jar!/javax/mail/search/ReceivedDateTerm.class, jar:file:///C:/Users/abclab-3/.m2/repository/javax/javaee-api/8.0.1/javaee-api-8.0.1.jar!/javax/mail/search/ReceivedDateTerm.class
[WARNING] org.apache.taglibs.standard.tag.common.core.NullAttributeException scanned from multiple locations: jar:file:///C:/Users/abclab-3/.m2/repository/org/apache/taglibs/taglibs-standard-impl/1.2.5/taglibs-standard-impl-1.2.5.jar!/org/apache/taglibs/standard/tag/common/core/NullAttributeException.class, jar:file:///C:/Users/abclab-3/.m2/repository/javax/servlet/jstl/1.2/jstl-1.2.jar!/org/apache/taglibs/standard/tag/common/core/NullAttributeException.class
[WARNING] javax.mail.search.RecipientStringTerm scanned from multiple locations: jar:file:///C:/Users/abclab-3/.m2/repository/com/sun/mail/javax.mail/1.6.2/javax.mail-1.6.2.jar!/javax/mail/search/RecipientStringTerm.class, jar:file:///C:/Users/abclab-3/.m2/repository/javax/javaee-api/8.0.1/javaee-api-8.0.1.jar!/javax/mail/search/RecipientStringTerm.class
[WARNING] org.apache.taglibs.standard.tag.common.core.OtherwiseTag scanned from multiple locations: jar:file:///C:/Users/abclab-3/.m2/repository/org/apache/taglibs/taglibs-standard-impl/1.2.5/taglibs-standard-impl-1.2.5.jar!/org/apache/taglibs/standard/tag/common/core/OtherwiseTag.class, jar:file:///C:/Users/abclab-3/.m2/repository/javax/servlet/jstl/1.2/jstl-1.2.jar!/org/apache/taglibs/standard/tag/common/core/OtherwiseTag.class
[WARNING] org.aspectj.lang.annotation.DeclareMixin scanned from multiple locations: jar:file:///C:/Users/abclab-3/.m2/repository/org/aspectj/aspectjrt/1.9.7/aspectjrt-1.9.7.jar!/org/aspectj/lang/annotation/DeclareMixin.class, jar:file:///C:/Users/abclab-3/.m2/repository/org/aspectj/aspectjweaver/1.9.7/aspectjweaver-1.9.7.jar!/org/aspectj/lang/annotation/DeclareMixin.class
[WARNING] org.apache.log4j.PropertyWatchdog scanned from multiple locations: jar:file:///C:/Users/abclab-3/.m2/repository/ch/qos/reload4j/reload4j/1.2.19/reload4j-1.2.19.jar!/org/apache/log4j/PropertyWatchdog.class, jar:file:///C:/Users/abclab-3/.m2/repository/log4j/log4j/1.2.17/log4j-1.2.17.jar!/org/apache/log4j/PropertyWatchdog.class
[WARNING] javax.mail.search.RecipientTerm scanned from multiple locations: jar:file:///C:/Users/abclab-3/.m2/repository/com/sun/mail/javax.mail/1.6.2/javax.mail-1.6.2.jar!/javax/mail/search/RecipientTerm.class, jar:file:///C:/Users/abclab-3/.m2/repository/javax/javaee-api/8.0.1/javaee-api-8.0.1.jar!/javax/mail/search/RecipientTerm.class
[WARNING] org.aspectj.lang.annotation.DeclareParents scanned from multiple locations: jar:file:///C:/Users/abclab-3/.m2/repository/org/aspectj/aspectjrt/1.9.7/aspectjrt-1.9.7.jar!/org/aspectj/lang/annotation/DeclareParents.class, jar:file:///C:/Users/abclab-3/.m2/repository/org/aspectj/aspectjweaver/1.9.7/aspectjweaver-1.9.7.jar!/org/aspectj/lang/annotation/DeclareParents.class
[WARNING] org.apache.taglibs.standard.tag.common.core.OutSupport scanned from multiple locations: jar:file:///C:/Users/abclab-3/.m2/repository/org/apache/taglibs/taglibs-standard-impl/1.2.5/taglibs-standard-impl-1.2.5.jar!/org/apache/taglibs/standard/tag/common/core/OutSupport.class, jar:file:///C:/Users/abclab-3/.m2/repository/javax/servlet/jstl/1.2/jstl-1.2.jar!/org/apache/taglibs/standard/tag/common/core/OutSupport.class
[WARNING] org.apache.log4j.ProvisionNode scanned from multiple locations: jar:file:///C:/Users/abclab-3/.m2/repository/ch/qos/reload4j/reload4j/1.2.19/reload4j-1.2.19.jar!/org/apache/log4j/ProvisionNode.class, jar:file:///C:/Users/abclab-3/.m2/repository/log4j/log4j/1.2.17/log4j-1.2.17.jar!/org/apache/log4j/ProvisionNode.class
[WARNING] org.aspectj.lang.annotation.DeclarePrecedence scanned from multiple locations: jar:file:///C:/Users/abclab-3/.m2/repository/org/aspectj/aspectjrt/1.9.7/aspectjrt-1.9.7.jar!/org/aspectj/lang/annotation/DeclarePrecedence.class, jar:file:///C:/Users/abclab-3/.m2/repository/org/aspectj/aspectjweaver/1.9.7/aspectjweaver-1.9.7.jar!/org/aspectj/lang/annotation/DeclarePrecedence.class
[WARNING] org.aspectj.lang.annotation.DeclareWarning scanned from multiple locations: jar:file:///C:/Users/abclab-3/.m2/repository/org/aspectj/aspectjrt/1.9.7/aspectjrt-1.9.7.jar!/org/aspectj/lang/annotation/DeclareWarning.class, jar:file:///C:/Users/abclab-3/.m2/repository/org/aspectj/aspectjweaver/1.9.7/aspectjweaver-1.9.7.jar!/org/aspectj/lang/annotation/DeclareWarning.class
[WARNING] javax.mail.search.SearchException scanned from multiple locations: jar:file:///C:/Users/abclab-3/.m2/repository/com/sun/mail/javax.mail/1.6.2/javax.mail-1.6.2.jar!/javax/mail/search/SearchException.class, jar:file:///C:/Users/abclab-3/.m2/repository/javax/javaee-api/8.0.1/javaee-api-8.0.1.jar!/javax/mail/search/SearchException.class
[WARNING] javax.mail.search.SearchTerm scanned from multiple locations: jar:file:///C:/Users/abclab-3/.m2/repository/com/sun/mail/javax.mail/1.6.2/javax.mail-1.6.2.jar!/javax/mail/search/SearchTerm.class, jar:file:///C:/Users/abclab-3/.m2/repository/javax/javaee-api/8.0.1/javaee-api-8.0.1.jar!/javax/mail/search/SearchTerm.class
[WARNING] javax.mail.search.SentDateTerm scanned from multiple locations: jar:file:///C:/Users/abclab-3/.m2/repository/com/sun/mail/javax.mail/1.6.2/javax.mail-1.6.2.jar!/javax/mail/search/SentDateTerm.class, jar:file:///C:/Users/abclab-3/.m2/repository/javax/javaee-api/8.0.1/javaee-api-8.0.1.jar!/javax/mail/search/SentDateTerm.class
[WARNING] org.apache.commons.logging.Log scanned from multiple locations: jar:file:///C:/Users/abclab-3/.m2/repository/org/springframework/spring-jcl/5.3.27/spring-jcl-5.3.27.jar!/org/apache/commons/logging/Log.class, jar:file:///C:/Users/abclab-3/.m2/repository/commons-logging/commons-logging/1.2/commons-logging-1.2.jar!/org/apache/commons/logging/Log.class
[WARNING] org.aspectj.lang.annotation.Pointcut scanned from multiple locations: jar:file:///C:/Users/abclab-3/.m2/repository/org/aspectj/aspectjrt/1.9.7/aspectjrt-1.9.7.jar!/org/aspectj/lang/annotation/Pointcut.class, jar:file:///C:/Users/abclab-3/.m2/repository/org/aspectj/aspectjweaver/1.9.7/aspectjweaver-1.9.7.jar!/org/aspectj/lang/annotation/Pointcut.class
[WARNING] org.apache.log4j.RollingCalendar scanned from multiple locations: jar:file:///C:/Users/abclab-3/.m2/repository/ch/qos/reload4j/reload4j/1.2.19/reload4j-1.2.19.jar!/org/apache/log4j/RollingCalendar.class, jar:file:///C:/Users/abclab-3/.m2/repository/log4j/log4j/1.2.17/log4j-1.2.17.jar!/org/apache/log4j/RollingCalendar.class
[WARNING] org.apache.taglibs.standard.tag.common.core.ParamParent scanned from multiple locations: jar:file:///C:/Users/abclab-3/.m2/repository/org/apache/taglibs/taglibs-standard-impl/1.2.5/taglibs-standard-impl-1.2.5.jar!/org/apache/taglibs/standard/tag/common/core/ParamParent.class, jar:file:///C:/Users/abclab-3/.m2/repository/javax/servlet/jstl/1.2/jstl-1.2.jar!/org/apache/taglibs/standard/tag/common/core/ParamParent.class
[WARNING] org.apache.log4j.RollingFileAppender scanned from multiple locations: jar:file:///C:/Users/abclab-3/.m2/repository/org/slf4j/log4j-over-slf4j/1.7.36/log4j-over-slf4j-1.7.36.jar!/org/apache/log4j/RollingFileAppender.class, jar:file:///C:/Users/abclab-3/.m2/repository/log4j/log4j/1.2.17/log4j-1.2.17.jar!/org/apache/log4j/RollingFileAppender.class
[WARNING] org.apache.log4j.SimpleLayout scanned from multiple locations: jar:file:///C:/Users/abclab-3/.m2/repository/org/slf4j/log4j-over-slf4j/1.7.36/log4j-over-slf4j-1.7.36.jar!/org/apache/log4j/SimpleLayout.class, jar:file:///C:/Users/abclab-3/.m2/repository/log4j/log4j/1.2.17/log4j-1.2.17.jar!/org/apache/log4j/SimpleLayout.class
[WARNING] org.apache.log4j.SortedKeyEnumeration scanned from multiple locations: jar:file:///C:/Users/abclab-3/.m2/repository/ch/qos/reload4j/reload4j/1.2.19/reload4j-1.2.19.jar!/org/apache/log4j/SortedKeyEnumeration.class, jar:file:///C:/Users/abclab-3/.m2/repository/log4j/log4j/1.2.17/log4j-1.2.17.jar!/org/apache/log4j/SortedKeyEnumeration.class
[WARNING] org.apache.log4j.TTCCLayout scanned from multiple locations: jar:file:///C:/Users/abclab-3/.m2/repository/ch/qos/reload4j/reload4j/1.2.19/reload4j-1.2.19.jar!/org/apache/log4j/TTCCLayout.class, jar:file:///C:/Users/abclab-3/.m2/repository/log4j/log4j/1.2.17/log4j-1.2.17.jar!/org/apache/log4j/TTCCLayout.class
[WARNING] org.apache.log4j.WriterAppender scanned from multiple locations: jar:file:///C:/Users/abclab-3/.m2/repository/org/slf4j/log4j-over-slf4j/1.7.36/log4j-over-slf4j-1.7.36.jar!/org/apache/log4j/WriterAppender.class, jar:file:///C:/Users/abclab-3/.m2/repository/log4j/log4j/1.2.17/log4j-1.2.17.jar!/org/apache/log4j/WriterAppender.class
[WARNING] org.apache.log4j.chainsaw.ControlPanel$1 scanned from multiple locations: jar:file:///C:/Users/abclab-3/.m2/repository/ch/qos/reload4j/reload4j/1.2.19/reload4j-1.2.19.jar!/org/apache/log4j/chainsaw/ControlPanel$1.class, jar:file:///C:/Users/abclab-3/.m2/repository/log4j/log4j/1.2.17/log4j-1.2.17.jar!/org/apache/log4j/chainsaw/ControlPanel$1.class
[WARNING] org.apache.log4j.chainsaw.ControlPanel$2 scanned from multiple locations: jar:file:///C:/Users/abclab-3/.m2/repository/ch/qos/reload4j/reload4j/1.2.19/reload4j-1.2.19.jar!/org/apache/log4j/chainsaw/ControlPanel$2.class, jar:file:///C:/Users/abclab-3/.m2/repository/log4j/log4j/1.2.17/log4j-1.2.17.jar!/org/apache/log4j/chainsaw/ControlPanel$2.class
[WARNING] org.apache.log4j.chainsaw.ControlPanel$3 scanned from multiple locations: jar:file:///C:/Users/abclab-3/.m2/repository/ch/qos/reload4j/reload4j/1.2.19/reload4j-1.2.19.jar!/org/apache/log4j/chainsaw/ControlPanel$3.class, jar:file:///C:/Users/abclab-3/.m2/repository/log4j/log4j/1.2.17/log4j-1.2.17.jar!/org/apache/log4j/chainsaw/ControlPanel$3.class
[WARNING] org.apache.log4j.chainsaw.ControlPanel$4 scanned from multiple locations: jar:file:///C:/Users/abclab-3/.m2/repository/ch/qos/reload4j/reload4j/1.2.19/reload4j-1.2.19.jar!/org/apache/log4j/chainsaw/ControlPanel$4.class, jar:file:///C:/Users/abclab-3/.m2/repository/log4j/log4j/1.2.17/log4j-1.2.17.jar!/org/apache/log4j/chainsaw/ControlPanel$4.class
[WARNING] org.apache.log4j.chainsaw.ControlPanel$5 scanned from multiple locations: jar:file:///C:/Users/abclab-3/.m2/repository/ch/qos/reload4j/reload4j/1.2.19/reload4j-1.2.19.jar!/org/apache/log4j/chainsaw/ControlPanel$5.class, jar:file:///C:/Users/abclab-3/.m2/repository/log4j/log4j/1.2.17/log4j-1.2.17.jar!/org/apache/log4j/chainsaw/ControlPanel$5.class
[WARNING] org.apache.log4j.chainsaw.ControlPanel$6 scanned from multiple locations: jar:file:///C:/Users/abclab-3/.m2/repository/ch/qos/reload4j/reload4j/1.2.19/reload4j-1.2.19.jar!/org/apache/log4j/chainsaw/ControlPanel$6.class, jar:file:///C:/Users/abclab-3/.m2/repository/log4j/log4j/1.2.17/log4j-1.2.17.jar!/org/apache/log4j/chainsaw/ControlPanel$6.class
[WARNING] org.apache.log4j.chainsaw.ControlPanel$7 scanned from multiple locations: jar:file:///C:/Users/abclab-3/.m2/repository/ch/qos/reload4j/reload4j/1.2.19/reload4j-1.2.19.jar!/org/apache/log4j/chainsaw/ControlPanel$7.class, jar:file:///C:/Users/abclab-3/.m2/repository/log4j/log4j/1.2.17/log4j-1.2.17.jar!/org/apache/log4j/chainsaw/ControlPanel$7.class
[WARNING] org.apache.log4j.chainsaw.ControlPanel scanned from multiple locations: jar:file:///C:/Users/abclab-3/.m2/repository/ch/qos/reload4j/reload4j/1.2.19/reload4j-1.2.19.jar!/org/apache/log4j/chainsaw/ControlPanel.class, jar:file:///C:/Users/abclab-3/.m2/repository/log4j/log4j/1.2.17/log4j-1.2.17.jar!/org/apache/log4j/chainsaw/ControlPanel.class
[WARNING] org.apache.log4j.chainsaw.DetailPanel scanned from multiple locations: jar:file:///C:/Users/abclab-3/.m2/repository/ch/qos/reload4j/reload4j/1.2.19/reload4j-1.2.19.jar!/org/apache/log4j/chainsaw/DetailPanel.class, jar:file:///C:/Users/abclab-3/.m2/repository/log4j/log4j/1.2.17/log4j-1.2.17.jar!/org/apache/log4j/chainsaw/DetailPanel.class
[WARNING] org.apache.log4j.chainsaw.EventDetails scanned from multiple locations: jar:file:///C:/Users/abclab-3/.m2/repository/ch/qos/reload4j/reload4j/1.2.19/reload4j-1.2.19.jar!/org/apache/log4j/chainsaw/EventDetails.class, jar:file:///C:/Users/abclab-3/.m2/repository/log4j/log4j/1.2.17/log4j-1.2.17.jar!/org/apache/log4j/chainsaw/EventDetails.class
[WARNING] org.apache.log4j.chainsaw.ExitAction scanned from multiple locations: jar:file:///C:/Users/abclab-3/.m2/repository/ch/qos/reload4j/reload4j/1.2.19/reload4j-1.2.19.jar!/org/apache/log4j/chainsaw/ExitAction.class, jar:file:///C:/Users/abclab-3/.m2/repository/log4j/log4j/1.2.17/log4j-1.2.17.jar!/org/apache/log4j/chainsaw/ExitAction.class
[WARNING] org.apache.log4j.chainsaw.LoadXMLAction scanned from multiple locations: jar:file:///C:/Users/abclab-3/.m2/repository/ch/qos/reload4j/reload4j/1.2.19/reload4j-1.2.19.jar!/org/apache/log4j/chainsaw/LoadXMLAction.class, jar:file:///C:/Users/abclab-3/.m2/repository/log4j/log4j/1.2.17/log4j-1.2.17.jar!/org/apache/log4j/chainsaw/LoadXMLAction.class
[WARNING] org.apache.log4j.chainsaw.LoggingReceiver$Slurper scanned from multiple locations: jar:file:///C:/Users/abclab-3/.m2/repository/ch/qos/reload4j/reload4j/1.2.19/reload4j-1.2.19.jar!/org/apache/log4j/chainsaw/LoggingReceiver$Slurper.class, jar:file:///C:/Users/abclab-3/.m2/repository/log4j/log4j/1.2.17/log4j-1.2.17.jar!/org/apache/log4j/chainsaw/LoggingReceiver$Slurper.class
[WARNING] org.apache.log4j.chainsaw.LoggingReceiver scanned from multiple locations: jar:file:///C:/Users/abclab-3/.m2/repository/ch/qos/reload4j/reload4j/1.2.19/reload4j-1.2.19.jar!/org/apache/log4j/chainsaw/LoggingReceiver.class, jar:file:///C:/Users/abclab-3/.m2/repository/log4j/log4j/1.2.17/log4j-1.2.17.jar!/org/apache/log4j/chainsaw/LoggingReceiver.class
[WARNING] org.apache.log4j.chainsaw.Main$1 scanned from multiple locations: jar:file:///C:/Users/abclab-3/.m2/repository/ch/qos/reload4j/reload4j/1.2.19/reload4j-1.2.19.jar!/org/apache/log4j/chainsaw/Main$1.class, jar:file:///C:/Users/abclab-3/.m2/repository/log4j/log4j/1.2.17/log4j-1.2.17.jar!/org/apache/log4j/chainsaw/Main$1.class
[WARNING] org.apache.log4j.chainsaw.Main scanned from multiple locations: jar:file:///C:/Users/abclab-3/.m2/repository/ch/qos/reload4j/reload4j/1.2.19/reload4j-1.2.19.jar!/org/apache/log4j/chainsaw/Main.class, jar:file:///C:/Users/abclab-3/.m2/repository/log4j/log4j/1.2.17/log4j-1.2.17.jar!/org/apache/log4j/chainsaw/Main.class
[WARNING] org.aspectj.lang.annotation.RequiredTypes scanned from multiple locations: jar:file:///C:/Users/abclab-3/.m2/repository/org/aspectj/aspectjrt/1.9.7/aspectjrt-1.9.7.jar!/org/aspectj/lang/annotation/RequiredTypes.class, jar:file:///C:/Users/abclab-3/.m2/repository/org/aspectj/aspectjweaver/1.9.7/aspectjweaver-1.9.7.jar!/org/aspectj/lang/annotation/RequiredTypes.class
[WARNING] org.apache.commons.logging.LogConfigurationException scanned from multiple locations: jar:file:///C:/Users/abclab-3/.m2/repository/org/slf4j/jcl-over-slf4j/1.7.36/jcl-over-slf4j-1.7.36.jar!/org/apache/commons/logging/LogConfigurationException.class, jar:file:///C:/Users/abclab-3/.m2/repository/commons-logging/commons-logging/1.2/commons-logging-1.2.jar!/org/apache/commons/logging/LogConfigurationException.class
[WARNING] org.aspectj.lang.annotation.SuppressAjWarnings scanned from multiple locations: jar:file:///C:/Users/abclab-3/.m2/repository/org/aspectj/aspectjrt/1.9.7/aspectjrt-1.9.7.jar!/org/aspectj/lang/annotation/SuppressAjWarnings.class, jar:file:///C:/Users/abclab-3/.m2/repository/org/aspectj/aspectjweaver/1.9.7/aspectjweaver-1.9.7.jar!/org/aspectj/lang/annotation/SuppressAjWarnings.class
[WARNING] javax.mail.search.SizeTerm scanned from multiple locations: jar:file:///C:/Users/abclab-3/.m2/repository/com/sun/mail/javax.mail/1.6.2/javax.mail-1.6.2.jar!/javax/mail/search/SizeTerm.class, jar:file:///C:/Users/abclab-3/.m2/repository/javax/javaee-api/8.0.1/javaee-api-8.0.1.jar!/javax/mail/search/SizeTerm.class
[WARNING] org.apache.commons.logging.LogFactory$1 scanned from multiple locations: jar:file:///C:/Users/abclab-3/.m2/repository/org/springframework/spring-jcl/5.3.27/spring-jcl-5.3.27.jar!/org/apache/commons/logging/LogFactory$1.class, jar:file:///C:/Users/abclab-3/.m2/repository/commons-logging/commons-logging/1.2/commons-logging-1.2.jar!/org/apache/commons/logging/LogFactory$1.class
[WARNING] org.apache.log4j.chainsaw.MyTableModel$1 scanned from multiple locations: jar:file:///C:/Users/abclab-3/.m2/repository/ch/qos/reload4j/reload4j/1.2.19/reload4j-1.2.19.jar!/org/apache/log4j/chainsaw/MyTableModel$1.class, jar:file:///C:/Users/abclab-3/.m2/repository/log4j/log4j/1.2.17/log4j-1.2.17.jar!/org/apache/log4j/chainsaw/MyTableModel$1.class
[WARNING] org.apache.taglibs.standard.tag.common.core.ParamSupport$ParamManager scanned from multiple locations: jar:file:///C:/Users/abclab-3/.m2/repository/org/apache/taglibs/taglibs-standard-impl/1.2.5/taglibs-standard-impl-1.2.5.jar!/org/apache/taglibs/standard/tag/common/core/ParamSupport$ParamManager.class, jar:file:///C:/Users/abclab-3/.m2/repository/javax/servlet/jstl/1.2/jstl-1.2.jar!/org/apache/taglibs/standard/tag/common/core/ParamSupport$ParamManager.class
[WARNING] org.apache.log4j.chainsaw.MyTableModel$Processor scanned from multiple locations: jar:file:///C:/Users/abclab-3/.m2/repository/ch/qos/reload4j/reload4j/1.2.19/reload4j-1.2.19.jar!/org/apache/log4j/chainsaw/MyTableModel$Processor.class, jar:file:///C:/Users/abclab-3/.m2/repository/log4j/log4j/1.2.17/log4j-1.2.17.jar!/org/apache/log4j/chainsaw/MyTableModel$Processor.class
[WARNING] org.apache.log4j.chainsaw.MyTableModel scanned from multiple locations: jar:file:///C:/Users/abclab-3/.m2/repository/ch/qos/reload4j/reload4j/1.2.19/reload4j-1.2.19.jar!/org/apache/log4j/chainsaw/MyTableModel.class, jar:file:///C:/Users/abclab-3/.m2/repository/log4j/log4j/1.2.17/log4j-1.2.17.jar!/org/apache/log4j/chainsaw/MyTableModel.class
[WARNING] org.aspectj.lang.annotation.control.CodeGenerationHint scanned from multiple locations: jar:file:///C:/Users/abclab-3/.m2/repository/org/aspectj/aspectjrt/1.9.7/aspectjrt-1.9.7.jar!/org/aspectj/lang/annotation/control/CodeGenerationHint.class, jar:file:///C:/Users/abclab-3/.m2/repository/org/aspectj/aspectjweaver/1.9.7/aspectjweaver-1.9.7.jar!/org/aspectj/lang/annotation/control/CodeGenerationHint.class
[WARNING] org.apache.commons.logging.LogFactory scanned from multiple locations: jar:file:///C:/Users/abclab-3/.m2/repository/org/springframework/spring-jcl/5.3.27/spring-jcl-5.3.27.jar!/org/apache/commons/logging/LogFactory.class, jar:file:///C:/Users/abclab-3/.m2/repository/commons-logging/commons-logging/1.2/commons-logging-1.2.jar!/org/apache/commons/logging/LogFactory.class
[WARNING] javax.mail.search.StringTerm scanned from multiple locations: jar:file:///C:/Users/abclab-3/.m2/repository/com/sun/mail/javax.mail/1.6.2/javax.mail-1.6.2.jar!/javax/mail/search/StringTerm.class, jar:file:///C:/Users/abclab-3/.m2/repository/javax/javaee-api/8.0.1/javaee-api-8.0.1.jar!/javax/mail/search/StringTerm.class
[WARNING] org.apache.taglibs.standard.tag.common.core.ParamSupport scanned from multiple locations: jar:file:///C:/Users/abclab-3/.m2/repository/org/apache/taglibs/taglibs-standard-impl/1.2.5/taglibs-standard-impl-1.2.5.jar!/org/apache/taglibs/standard/tag/common/core/ParamSupport.class, jar:file:///C:/Users/abclab-3/.m2/repository/javax/servlet/jstl/1.2/jstl-1.2.jar!/org/apache/taglibs/standard/tag/common/core/ParamSupport.class
[WARNING] org.apache.log4j.spi.Configurator scanned from multiple locations: jar:file:///C:/Users/abclab-3/.m2/repository/org/slf4j/log4j-over-slf4j/1.7.36/log4j-over-slf4j-1.7.36.jar!/org/apache/log4j/spi/Configurator.class, jar:file:///C:/Users/abclab-3/.m2/repository/ch/qos/reload4j/reload4j/1.2.19/reload4j-1.2.19.jar!/org/apache/log4j/spi/Configurator.class
[WARNING] org.apache.taglibs.standard.tag.common.core.RedirectSupport scanned from multiple locations: jar:file:///C:/Users/abclab-3/.m2/repository/org/apache/taglibs/taglibs-standard-impl/1.2.5/taglibs-standard-impl-1.2.5.jar!/org/apache/taglibs/standard/tag/common/core/RedirectSupport.class, jar:file:///C:/Users/abclab-3/.m2/repository/javax/servlet/jstl/1.2/jstl-1.2.jar!/org/apache/taglibs/standard/tag/common/core/RedirectSupport.class
[WARNING] org.apache.log4j.spi.ErrorHandler scanned from multiple locations: jar:file:///C:/Users/abclab-3/.m2/repository/org/slf4j/log4j-over-slf4j/1.7.36/log4j-over-slf4j-1.7.36.jar!/org/apache/log4j/spi/ErrorHandler.class, jar:file:///C:/Users/abclab-3/.m2/repository/ch/qos/reload4j/reload4j/1.2.19/reload4j-1.2.19.jar!/org/apache/log4j/spi/ErrorHandler.class
[WARNING] org.apache.taglibs.standard.tag.common.core.RemoveTag scanned from multiple locations: jar:file:///C:/Users/abclab-3/.m2/repository/org/apache/taglibs/taglibs-standard-impl/1.2.5/taglibs-standard-impl-1.2.5.jar!/org/apache/taglibs/standard/tag/common/core/RemoveTag.class, jar:file:///C:/Users/abclab-3/.m2/repository/javax/servlet/jstl/1.2/jstl-1.2.jar!/org/apache/taglibs/standard/tag/common/core/RemoveTag.class
[WARNING] org.apache.log4j.spi.Filter scanned from multiple locations: jar:file:///C:/Users/abclab-3/.m2/repository/org/slf4j/log4j-over-slf4j/1.7.36/log4j-over-slf4j-1.7.36.jar!/org/apache/log4j/spi/Filter.class, jar:file:///C:/Users/abclab-3/.m2/repository/ch/qos/reload4j/reload4j/1.2.19/reload4j-1.2.19.jar!/org/apache/log4j/spi/Filter.class
[WARNING] org.apache.taglibs.standard.tag.common.core.SetSupport scanned from multiple locations: jar:file:///C:/Users/abclab-3/.m2/repository/org/apache/taglibs/taglibs-standard-impl/1.2.5/taglibs-standard-impl-1.2.5.jar!/org/apache/taglibs/standard/tag/common/core/SetSupport.class, jar:file:///C:/Users/abclab-3/.m2/repository/javax/servlet/jstl/1.2/jstl-1.2.jar!/org/apache/taglibs/standard/tag/common/core/SetSupport.class
[WARNING] org.apache.log4j.spi.HierarchyEventListener scanned from multiple locations: jar:file:///C:/Users/abclab-3/.m2/repository/org/slf4j/log4j-over-slf4j/1.7.36/log4j-over-slf4j-1.7.36.jar!/org/apache/log4j/spi/HierarchyEventListener.class, jar:file:///C:/Users/abclab-3/.m2/repository/ch/qos/reload4j/reload4j/1.2.19/reload4j-1.2.19.jar!/org/apache/log4j/spi/HierarchyEventListener.class
[WARNING] org.apache.taglibs.standard.tag.common.core.UrlSupport scanned from multiple locations: jar:file:///C:/Users/abclab-3/.m2/repository/org/apache/taglibs/taglibs-standard-impl/1.2.5/taglibs-standard-impl-1.2.5.jar!/org/apache/taglibs/standard/tag/common/core/UrlSupport.class, jar:file:///C:/Users/abclab-3/.m2/repository/javax/servlet/jstl/1.2/jstl-1.2.jar!/org/apache/taglibs/standard/tag/common/core/UrlSupport.class
[WARNING] org.apache.log4j.spi.LoggerFactory scanned from multiple locations: jar:file:///C:/Users/abclab-3/.m2/repository/org/slf4j/log4j-over-slf4j/1.7.36/log4j-over-slf4j-1.7.36.jar!/org/apache/log4j/spi/LoggerFactory.class, jar:file:///C:/Users/abclab-3/.m2/repository/ch/qos/reload4j/reload4j/1.2.19/reload4j-1.2.19.jar!/org/apache/log4j/spi/LoggerFactory.class
[WARNING] org.apache.taglibs.standard.tag.common.core.Util scanned from multiple locations: jar:file:///C:/Users/abclab-3/.m2/repository/org/apache/taglibs/taglibs-standard-impl/1.2.5/taglibs-standard-impl-1.2.5.jar!/org/apache/taglibs/standard/tag/common/core/Util.class, jar:file:///C:/Users/abclab-3/.m2/repository/javax/servlet/jstl/1.2/jstl-1.2.jar!/org/apache/taglibs/standard/tag/common/core/Util.class
[WARNING] org.apache.log4j.spi.LoggerRepository scanned from multiple locations: jar:file:///C:/Users/abclab-3/.m2/repository/org/slf4j/log4j-over-slf4j/1.7.36/log4j-over-slf4j-1.7.36.jar!/org/apache/log4j/spi/LoggerRepository.class, jar:file:///C:/Users/abclab-3/.m2/repository/ch/qos/reload4j/reload4j/1.2.19/reload4j-1.2.19.jar!/org/apache/log4j/spi/LoggerRepository.class
[WARNING] org.apache.taglibs.standard.tag.common.core.WhenTagSupport scanned from multiple locations: jar:file:///C:/Users/abclab-3/.m2/repository/org/apache/taglibs/taglibs-standard-impl/1.2.5/taglibs-standard-impl-1.2.5.jar!/org/apache/taglibs/standard/tag/common/core/WhenTagSupport.class, jar:file:///C:/Users/abclab-3/.m2/repository/javax/servlet/jstl/1.2/jstl-1.2.jar!/org/apache/taglibs/standard/tag/common/core/WhenTagSupport.class
[WARNING] org.apache.taglibs.standard.tag.common.fmt.BundleSupport scanned from multiple locations: jar:file:///C:/Users/abclab-3/.m2/repository/org/apache/taglibs/taglibs-standard-impl/1.2.5/taglibs-standard-impl-1.2.5.jar!/org/apache/taglibs/standard/tag/common/fmt/BundleSupport.class, jar:file:///C:/Users/abclab-3/.m2/repository/javax/servlet/jstl/1.2/jstl-1.2.jar!/org/apache/taglibs/standard/tag/common/fmt/BundleSupport.class
[WARNING] org.apache.taglibs.standard.tag.common.fmt.FormatDateSupport scanned from multiple locations: jar:file:///C:/Users/abclab-3/.m2/repository/org/apache/taglibs/taglibs-standard-impl/1.2.5/taglibs-standard-impl-1.2.5.jar!/org/apache/taglibs/standard/tag/common/fmt/FormatDateSupport.class, jar:file:///C:/Users/abclab-3/.m2/repository/javax/servlet/jstl/1.2/jstl-1.2.jar!/org/apache/taglibs/standard/tag/common/fmt/FormatDateSupport.class
[WARNING] org.apache.taglibs.standard.tag.common.fmt.FormatNumberSupport scanned from multiple locations: jar:file:///C:/Users/abclab-3/.m2/repository/org/apache/taglibs/taglibs-standard-impl/1.2.5/taglibs-standard-impl-1.2.5.jar!/org/apache/taglibs/standard/tag/common/fmt/FormatNumberSupport.class, jar:file:///C:/Users/abclab-3/.m2/repository/javax/servlet/jstl/1.2/jstl-1.2.jar!/org/apache/taglibs/standard/tag/common/fmt/FormatNumberSupport.class
[WARNING] org.apache.taglibs.standard.tag.common.fmt.MessageSupport scanned from multiple locations: jar:file:///C:/Users/abclab-3/.m2/repository/org/apache/taglibs/taglibs-standard-impl/1.2.5/taglibs-standard-impl-1.2.5.jar!/org/apache/taglibs/standard/tag/common/fmt/MessageSupport.class, jar:file:///C:/Users/abclab-3/.m2/repository/javax/servlet/jstl/1.2/jstl-1.2.jar!/org/apache/taglibs/standard/tag/common/fmt/MessageSupport.class
[WARNING] org.apache.taglibs.standard.tag.common.fmt.ParamSupport scanned from multiple locations: jar:file:///C:/Users/abclab-3/.m2/repository/org/apache/taglibs/taglibs-standard-impl/1.2.5/taglibs-standard-impl-1.2.5.jar!/org/apache/taglibs/standard/tag/common/fmt/ParamSupport.class, jar:file:///C:/Users/abclab-3/.m2/repository/javax/servlet/jstl/1.2/jstl-1.2.jar!/org/apache/taglibs/standard/tag/common/fmt/ParamSupport.class
[WARNING] org.apache.taglibs.standard.tag.common.fmt.ParseDateSupport scanned from multiple locations: jar:file:///C:/Users/abclab-3/.m2/repository/org/apache/taglibs/taglibs-standard-impl/1.2.5/taglibs-standard-impl-1.2.5.jar!/org/apache/taglibs/standard/tag/common/fmt/ParseDateSupport.class, jar:file:///C:/Users/abclab-3/.m2/repository/javax/servlet/jstl/1.2/jstl-1.2.jar!/org/apache/taglibs/standard/tag/common/fmt/ParseDateSupport.class
[WARNING] org.apache.taglibs.standard.tag.common.fmt.ParseNumberSupport scanned from multiple locations: jar:file:///C:/Users/abclab-3/.m2/repository/org/apache/taglibs/taglibs-standard-impl/1.2.5/taglibs-standard-impl-1.2.5.jar!/org/apache/taglibs/standard/tag/common/fmt/ParseNumberSupport.class, jar:file:///C:/Users/abclab-3/.m2/repository/javax/servlet/jstl/1.2/jstl-1.2.jar!/org/apache/taglibs/standard/tag/common/fmt/ParseNumberSupport.class
[WARNING] javax.mail.search.SubjectTerm scanned from multiple locations: jar:file:///C:/Users/abclab-3/.m2/repository/com/sun/mail/javax.mail/1.6.2/javax.mail-1.6.2.jar!/javax/mail/search/SubjectTerm.class, jar:file:///C:/Users/abclab-3/.m2/repository/javax/javaee-api/8.0.1/javaee-api-8.0.1.jar!/javax/mail/search/SubjectTerm.class
[WARNING] org.aspectj.lang.internal.lang.PlaceHolder scanned from multiple locations: jar:file:///C:/Users/abclab-3/.m2/repository/org/aspectj/aspectjrt/1.9.7/aspectjrt-1.9.7.jar!/org/aspectj/lang/internal/lang/PlaceHolder.class, jar:file:///C:/Users/abclab-3/.m2/repository/org/aspectj/aspectjweaver/1.9.7/aspectjweaver-1.9.7.jar!/org/aspectj/lang/internal/lang/PlaceHolder.class
[WARNING] org.apache.log4j.chainsaw.XMLFileHandler scanned from multiple locations: jar:file:///C:/Users/abclab-3/.m2/repository/ch/qos/reload4j/reload4j/1.2.19/reload4j-1.2.19.jar!/org/apache/log4j/chainsaw/XMLFileHandler.class, jar:file:///C:/Users/abclab-3/.m2/repository/log4j/log4j/1.2.17/log4j-1.2.17.jar!/org/apache/log4j/chainsaw/XMLFileHandler.class
[WARNING] javax.mail.util.ByteArrayDataSource$DSByteArrayOutputStream scanned from multiple locations: jar:file:///C:/Users/abclab-3/.m2/repository/com/sun/mail/javax.mail/1.6.2/javax.mail-1.6.2.jar!/javax/mail/util/ByteArrayDataSource$DSByteArrayOutputStream.class, jar:file:///C:/Users/abclab-3/.m2/repository/javax/javaee-api/8.0.1/javaee-api-8.0.1.jar!/javax/mail/util/ByteArrayDataSource$DSByteArrayOutputStream.class
[WARNING] org.apache.taglibs.standard.tag.common.fmt.RequestEncodingSupport scanned from multiple locations: jar:file:///C:/Users/abclab-3/.m2/repository/org/apache/taglibs/taglibs-standard-impl/1.2.5/taglibs-standard-impl-1.2.5.jar!/org/apache/taglibs/standard/tag/common/fmt/RequestEncodingSupport.class, jar:file:///C:/Users/abclab-3/.m2/repository/javax/servlet/jstl/1.2/jstl-1.2.jar!/org/apache/taglibs/standard/tag/common/fmt/RequestEncodingSupport.class
[WARNING] org.apache.log4j.config.PropertyGetter$PropertyCallback scanned from multiple locations: jar:file:///C:/Users/abclab-3/.m2/repository/ch/qos/reload4j/reload4j/1.2.19/reload4j-1.2.19.jar!/org/apache/log4j/config/PropertyGetter$PropertyCallback.class, jar:file:///C:/Users/abclab-3/.m2/repository/log4j/log4j/1.2.17/log4j-1.2.17.jar!/org/apache/log4j/config/PropertyGetter$PropertyCallback.class
[WARNING] org.apache.log4j.config.PropertyGetter scanned from multiple locations: jar:file:///C:/Users/abclab-3/.m2/repository/ch/qos/reload4j/reload4j/1.2.19/reload4j-1.2.19.jar!/org/apache/log4j/config/PropertyGetter.class, jar:file:///C:/Users/abclab-3/.m2/repository/log4j/log4j/1.2.17/log4j-1.2.17.jar!/org/apache/log4j/config/PropertyGetter.class
[WARNING] org.apache.commons.logging.impl.NoOpLog scanned from multiple locations: jar:file:///C:/Users/abclab-3/.m2/repository/org/springframework/spring-jcl/5.3.27/spring-jcl-5.3.27.jar!/org/apache/commons/logging/impl/NoOpLog.class, jar:file:///C:/Users/abclab-3/.m2/repository/commons-logging/commons-logging/1.2/commons-logging-1.2.jar!/org/apache/commons/logging/impl/NoOpLog.class
[WARNING] org.apache.log4j.config.PropertyPrinter scanned from multiple locations: jar:file:///C:/Users/abclab-3/.m2/repository/ch/qos/reload4j/reload4j/1.2.19/reload4j-1.2.19.jar!/org/apache/log4j/config/PropertyPrinter.class, jar:file:///C:/Users/abclab-3/.m2/repository/log4j/log4j/1.2.17/log4j-1.2.17.jar!/org/apache/log4j/config/PropertyPrinter.class
[WARNING] org.apache.commons.logging.impl.SimpleLog$1 scanned from multiple locations: jar:file:///C:/Users/abclab-3/.m2/repository/org/slf4j/jcl-over-slf4j/1.7.36/jcl-over-slf4j-1.7.36.jar!/org/apache/commons/logging/impl/SimpleLog$1.class, jar:file:///C:/Users/abclab-3/.m2/repository/commons-logging/commons-logging/1.2/commons-logging-1.2.jar!/org/apache/commons/logging/impl/SimpleLog$1.class
[WARNING] org.apache.commons.logging.impl.SimpleLog scanned from multiple locations: jar:file:///C:/Users/abclab-3/.m2/repository/org/springframework/spring-jcl/5.3.27/spring-jcl-5.3.27.jar!/org/apache/commons/logging/impl/SimpleLog.class, jar:file:///C:/Users/abclab-3/.m2/repository/commons-logging/commons-logging/1.2/commons-logging-1.2.jar!/org/apache/commons/logging/impl/SimpleLog.class
[WARNING] org.apache.log4j.config.PropertySetter scanned from multiple locations: jar:file:///C:/Users/abclab-3/.m2/repository/ch/qos/reload4j/reload4j/1.2.19/reload4j-1.2.19.jar!/org/apache/log4j/config/PropertySetter.class, jar:file:///C:/Users/abclab-3/.m2/repository/log4j/log4j/1.2.17/log4j-1.2.17.jar!/org/apache/log4j/config/PropertySetter.class
[WARNING] org.apache.log4j.spi.LoggingEvent scanned from multiple locations: jar:file:///C:/Users/abclab-3/.m2/repository/org/slf4j/log4j-over-slf4j/1.7.36/log4j-over-slf4j-1.7.36.jar!/org/apache/log4j/spi/LoggingEvent.class, jar:file:///C:/Users/abclab-3/.m2/repository/ch/qos/reload4j/reload4j/1.2.19/reload4j-1.2.19.jar!/org/apache/log4j/spi/LoggingEvent.class
[WARNING] javax.mail.util.ByteArrayDataSource scanned from multiple locations: jar:file:///C:/Users/abclab-3/.m2/repository/com/sun/mail/javax.mail/1.6.2/javax.mail-1.6.2.jar!/javax/mail/util/ByteArrayDataSource.class, jar:file:///C:/Users/abclab-3/.m2/repository/javax/javaee-api/8.0.1/javaee-api-8.0.1.jar!/javax/mail/util/ByteArrayDataSource.class
[WARNING] org.apache.taglibs.standard.tag.common.fmt.SetBundleSupport scanned from multiple locations: jar:file:///C:/Users/abclab-3/.m2/repository/org/apache/taglibs/taglibs-standard-impl/1.2.5/taglibs-standard-impl-1.2.5.jar!/org/apache/taglibs/standard/tag/common/fmt/SetBundleSupport.class, jar:file:///C:/Users/abclab-3/.m2/repository/javax/servlet/jstl/1.2/jstl-1.2.jar!/org/apache/taglibs/standard/tag/common/fmt/SetBundleSupport.class
[WARNING] org.aspectj.lang.reflect.Advice scanned from multiple locations: jar:file:///C:/Users/abclab-3/.m2/repository/org/aspectj/aspectjrt/1.9.7/aspectjrt-1.9.7.jar!/org/aspectj/lang/reflect/Advice.class, jar:file:///C:/Users/abclab-3/.m2/repository/org/aspectj/aspectjweaver/1.9.7/aspectjweaver-1.9.7.jar!/org/aspectj/lang/reflect/Advice.class
[WARNING] org.apache.taglibs.standard.tag.common.fmt.SetLocaleSupport scanned from multiple locations: jar:file:///C:/Users/abclab-3/.m2/repository/org/apache/taglibs/taglibs-standard-impl/1.2.5/taglibs-standard-impl-1.2.5.jar!/org/apache/taglibs/standard/tag/common/fmt/SetLocaleSupport.class, jar:file:///C:/Users/abclab-3/.m2/repository/javax/servlet/jstl/1.2/jstl-1.2.jar!/org/apache/taglibs/standard/tag/common/fmt/SetLocaleSupport.class
[WARNING] org.apache.log4j.config.PropertySetterException scanned from multiple locations: jar:file:///C:/Users/abclab-3/.m2/repository/ch/qos/reload4j/reload4j/1.2.19/reload4j-1.2.19.jar!/org/apache/log4j/config/PropertySetterException.class, jar:file:///C:/Users/abclab-3/.m2/repository/log4j/log4j/1.2.17/log4j-1.2.17.jar!/org/apache/log4j/config/PropertySetterException.class
[WARNING] org.apache.log4j.spi.OptionHandler scanned from multiple locations: jar:file:///C:/Users/abclab-3/.m2/repository/org/slf4j/log4j-over-slf4j/1.7.36/log4j-over-slf4j-1.7.36.jar!/org/apache/log4j/spi/OptionHandler.class, jar:file:///C:/Users/abclab-3/.m2/repository/ch/qos/reload4j/reload4j/1.2.19/reload4j-1.2.19.jar!/org/apache/log4j/spi/OptionHandler.class
[WARNING] org.apache.log4j.helpers.AbsoluteTimeDateFormat scanned from multiple locations: jar:file:///C:/Users/abclab-3/.m2/repository/ch/qos/reload4j/reload4j/1.2.19/reload4j-1.2.19.jar!/org/apache/log4j/helpers/AbsoluteTimeDateFormat.class, jar:file:///C:/Users/abclab-3/.m2/repository/log4j/log4j/1.2.17/log4j-1.2.17.jar!/org/apache/log4j/helpers/AbsoluteTimeDateFormat.class
[WARNING] javax.mail.util.SharedByteArrayInputStream scanned from multiple locations: jar:file:///C:/Users/abclab-3/.m2/repository/com/sun/mail/javax.mail/1.6.2/javax.mail-1.6.2.jar!/javax/mail/util/SharedByteArrayInputStream.class, jar:file:///C:/Users/abclab-3/.m2/repository/javax/javaee-api/8.0.1/javaee-api-8.0.1.jar!/javax/mail/util/SharedByteArrayInputStream.class
[WARNING] org.apache.taglibs.standard.tag.common.fmt.SetTimeZoneSupport scanned from multiple locations: jar:file:///C:/Users/abclab-3/.m2/repository/org/apache/taglibs/taglibs-standard-impl/1.2.5/taglibs-standard-impl-1.2.5.jar!/org/apache/taglibs/standard/tag/common/fmt/SetTimeZoneSupport.class, jar:file:///C:/Users/abclab-3/.m2/repository/javax/servlet/jstl/1.2/jstl-1.2.jar!/org/apache/taglibs/standard/tag/common/fmt/SetTimeZoneSupport.class
[WARNING] org.apache.taglibs.standard.tag.common.fmt.TimeZoneSupport scanned from multiple locations: jar:file:///C:/Users/abclab-3/.m2/repository/org/apache/taglibs/taglibs-standard-impl/1.2.5/taglibs-standard-impl-1.2.5.jar!/org/apache/taglibs/standard/tag/common/fmt/TimeZoneSupport.class, jar:file:///C:/Users/abclab-3/.m2/repository/javax/servlet/jstl/1.2/jstl-1.2.jar!/org/apache/taglibs/standard/tag/common/fmt/TimeZoneSupport.class
[WARNING] org.apache.log4j.helpers.AppenderAttachableImpl scanned from multiple locations: jar:file:///C:/Users/abclab-3/.m2/repository/ch/qos/reload4j/reload4j/1.2.19/reload4j-1.2.19.jar!/org/apache/log4j/helpers/AppenderAttachableImpl.class, jar:file:///C:/Users/abclab-3/.m2/repository/log4j/log4j/1.2.17/log4j-1.2.17.jar!/org/apache/log4j/helpers/AppenderAttachableImpl.class
[WARNING] org.apache.taglibs.standard.tag.common.sql.DataSourceUtil scanned from multiple locations: jar:file:///C:/Users/abclab-3/.m2/repository/org/apache/taglibs/taglibs-standard-impl/1.2.5/taglibs-standard-impl-1.2.5.jar!/org/apache/taglibs/standard/tag/common/sql/DataSourceUtil.class, jar:file:///C:/Users/abclab-3/.m2/repository/javax/servlet/jstl/1.2/jstl-1.2.jar!/org/apache/taglibs/standard/tag/common/sql/DataSourceUtil.class
[WARNING] org.apache.taglibs.standard.tag.common.sql.DataSourceWrapper scanned from multiple locations: jar:file:///C:/Users/abclab-3/.m2/repository/org/apache/taglibs/taglibs-standard-impl/1.2.5/taglibs-standard-impl-1.2.5.jar!/org/apache/taglibs/standard/tag/common/sql/DataSourceWrapper.class, jar:file:///C:/Users/abclab-3/.m2/repository/javax/servlet/jstl/1.2/jstl-1.2.jar!/org/apache/taglibs/standard/tag/common/sql/DataSourceWrapper.class
[WARNING] org.apache.taglibs.standard.tag.common.sql.DateParamTagSupport scanned from multiple locations: jar:file:///C:/Users/abclab-3/.m2/repository/org/apache/taglibs/taglibs-standard-impl/1.2.5/taglibs-standard-impl-1.2.5.jar!/org/apache/taglibs/standard/tag/common/sql/DateParamTagSupport.class, jar:file:///C:/Users/abclab-3/.m2/repository/javax/servlet/jstl/1.2/jstl-1.2.jar!/org/apache/taglibs/standard/tag/common/sql/DateParamTagSupport.class
[WARNING] org.apache.taglibs.standard.tag.common.sql.ParamTagSupport scanned from multiple locations: jar:file:///C:/Users/abclab-3/.m2/repository/org/apache/taglibs/taglibs-standard-impl/1.2.5/taglibs-standard-impl-1.2.5.jar!/org/apache/taglibs/standard/tag/common/sql/ParamTagSupport.class, jar:file:///C:/Users/abclab-3/.m2/repository/javax/servlet/jstl/1.2/jstl-1.2.jar!/org/apache/taglibs/standard/tag/common/sql/ParamTagSupport.class
[WARNING] org.apache.taglibs.standard.tag.common.sql.QueryTagSupport scanned from multiple locations: jar:file:///C:/Users/abclab-3/.m2/repository/org/apache/taglibs/taglibs-standard-impl/1.2.5/taglibs-standard-impl-1.2.5.jar!/org/apache/taglibs/standard/tag/common/sql/QueryTagSupport.class, jar:file:///C:/Users/abclab-3/.m2/repository/javax/servlet/jstl/1.2/jstl-1.2.jar!/org/apache/taglibs/standard/tag/common/sql/QueryTagSupport.class
[WARNING] org.apache.taglibs.standard.tag.common.sql.ResultImpl scanned from multiple locations: jar:file:///C:/Users/abclab-3/.m2/repository/org/apache/taglibs/taglibs-standard-impl/1.2.5/taglibs-standard-impl-1.2.5.jar!/org/apache/taglibs/standard/tag/common/sql/ResultImpl.class, jar:file:///C:/Users/abclab-3/.m2/repository/javax/servlet/jstl/1.2/jstl-1.2.jar!/org/apache/taglibs/standard/tag/common/sql/ResultImpl.class
[WARNING] org.apache.log4j.xml.DOMConfigurator scanned from multiple locations: jar:file:///C:/Users/abclab-3/.m2/repository/org/slf4j/log4j-over-slf4j/1.7.36/log4j-over-slf4j-1.7.36.jar!/org/apache/log4j/xml/DOMConfigurator.class, jar:file:///C:/Users/abclab-3/.m2/repository/ch/qos/reload4j/reload4j/1.2.19/reload4j-1.2.19.jar!/org/apache/log4j/xml/DOMConfigurator.class
[WARNING] org.aspectj.lang.reflect.AdviceKind scanned from multiple locations: jar:file:///C:/Users/abclab-3/.m2/repository/org/aspectj/aspectjrt/1.9.7/aspectjrt-1.9.7.jar!/org/aspectj/lang/reflect/AdviceKind.class, jar:file:///C:/Users/abclab-3/.m2/repository/org/aspectj/aspectjweaver/1.9.7/aspectjweaver-1.9.7.jar!/org/aspectj/lang/reflect/AdviceKind.class
[WARNING] org.apache.taglibs.standard.tag.common.sql.SetDataSourceTagSupport scanned from multiple locations: jar:file:///C:/Users/abclab-3/.m2/repository/org/apache/taglibs/taglibs-standard-impl/1.2.5/taglibs-standard-impl-1.2.5.jar!/org/apache/taglibs/standard/tag/common/sql/SetDataSourceTagSupport.class, jar:file:///C:/Users/abclab-3/.m2/repository/javax/servlet/jstl/1.2/jstl-1.2.jar!/org/apache/taglibs/standard/tag/common/sql/SetDataSourceTagSupport.class
[WARNING] org.aspectj.lang.reflect.AdviceSignature scanned from multiple locations: jar:file:///C:/Users/abclab-3/.m2/repository/org/aspectj/aspectjrt/1.9.7/aspectjrt-1.9.7.jar!/org/aspectj/lang/reflect/AdviceSignature.class, jar:file:///C:/Users/abclab-3/.m2/repository/org/aspectj/aspectjweaver/1.9.7/aspectjweaver-1.9.7.jar!/org/aspectj/lang/reflect/AdviceSignature.class
[WARNING] org.aspectj.lang.reflect.AjType scanned from multiple locations: jar:file:///C:/Users/abclab-3/.m2/repository/org/aspectj/aspectjrt/1.9.7/aspectjrt-1.9.7.jar!/org/aspectj/lang/reflect/AjType.class, jar:file:///C:/Users/abclab-3/.m2/repository/org/aspectj/aspectjweaver/1.9.7/aspectjweaver-1.9.7.jar!/org/aspectj/lang/reflect/AjType.class
[WARNING] org.apache.log4j.helpers.BoundedFIFO scanned from multiple locations: jar:file:///C:/Users/abclab-3/.m2/repository/ch/qos/reload4j/reload4j/1.2.19/reload4j-1.2.19.jar!/org/apache/log4j/helpers/BoundedFIFO.class, jar:file:///C:/Users/abclab-3/.m2/repository/log4j/log4j/1.2.17/log4j-1.2.17.jar!/org/apache/log4j/helpers/BoundedFIFO.class
[WARNING] org.aspectj.lang.reflect.AjTypeSystem scanned from multiple locations: jar:file:///C:/Users/abclab-3/.m2/repository/org/aspectj/aspectjrt/1.9.7/aspectjrt-1.9.7.jar!/org/aspectj/lang/reflect/AjTypeSystem.class, jar:file:///C:/Users/abclab-3/.m2/repository/org/aspectj/aspectjweaver/1.9.7/aspectjweaver-1.9.7.jar!/org/aspectj/lang/reflect/AjTypeSystem.class
[WARNING] javax.mail.util.SharedFileInputStream$SharedFile scanned from multiple locations: jar:file:///C:/Users/abclab-3/.m2/repository/com/sun/mail/javax.mail/1.6.2/javax.mail-1.6.2.jar!/javax/mail/util/SharedFileInputStream$SharedFile.class, jar:file:///C:/Users/abclab-3/.m2/repository/javax/javaee-api/8.0.1/javaee-api-8.0.1.jar!/javax/mail/util/SharedFileInputStream$SharedFile.class
[WARNING] org.aspectj.lang.reflect.CatchClauseSignature scanned from multiple locations: jar:file:///C:/Users/abclab-3/.m2/repository/org/aspectj/aspectjrt/1.9.7/aspectjrt-1.9.7.jar!/org/aspectj/lang/reflect/CatchClauseSignature.class, jar:file:///C:/Users/abclab-3/.m2/repository/org/aspectj/aspectjweaver/1.9.7/aspectjweaver-1.9.7.jar!/org/aspectj/lang/reflect/CatchClauseSignature.class
[WARNING] javax.mail.util.SharedFileInputStream scanned from multiple locations: jar:file:///C:/Users/abclab-3/.m2/repository/com/sun/mail/javax.mail/1.6.2/javax.mail-1.6.2.jar!/javax/mail/util/SharedFileInputStream.class, jar:file:///C:/Users/abclab-3/.m2/repository/javax/javaee-api/8.0.1/javaee-api-8.0.1.jar!/javax/mail/util/SharedFileInputStream.class
[WARNING] org.apache.taglibs.standard.tag.common.sql.TransactionTagSupport scanned from multiple locations: jar:file:///C:/Users/abclab-3/.m2/repository/org/apache/taglibs/taglibs-standard-impl/1.2.5/taglibs-standard-impl-1.2.5.jar!/org/apache/taglibs/standard/tag/common/sql/TransactionTagSupport.class, jar:file:///C:/Users/abclab-3/.m2/repository/javax/servlet/jstl/1.2/jstl-1.2.jar!/org/apache/taglibs/standard/tag/common/sql/TransactionTagSupport.class
[WARNING] org.apache.taglibs.standard.tag.common.sql.UpdateTagSupport scanned from multiple locations: jar:file:///C:/Users/abclab-3/.m2/repository/org/apache/taglibs/taglibs-standard-impl/1.2.5/taglibs-standard-impl-1.2.5.jar!/org/apache/taglibs/standard/tag/common/sql/UpdateTagSupport.class, jar:file:///C:/Users/abclab-3/.m2/repository/javax/servlet/jstl/1.2/jstl-1.2.jar!/org/apache/taglibs/standard/tag/common/sql/UpdateTagSupport.class
[WARNING] org.aspectj.lang.reflect.CodeSignature scanned from multiple locations: jar:file:///C:/Users/abclab-3/.m2/repository/org/aspectj/aspectjrt/1.9.7/aspectjrt-1.9.7.jar!/org/aspectj/lang/reflect/CodeSignature.class, jar:file:///C:/Users/abclab-3/.m2/repository/org/aspectj/aspectjweaver/1.9.7/aspectjweaver-1.9.7.jar!/org/aspectj/lang/reflect/CodeSignature.class
[WARNING] org.apache.log4j.helpers.CountingQuietWriter scanned from multiple locations: jar:file:///C:/Users/abclab-3/.m2/repository/ch/qos/reload4j/reload4j/1.2.19/reload4j-1.2.19.jar!/org/apache/log4j/helpers/CountingQuietWriter.class, jar:file:///C:/Users/abclab-3/.m2/repository/log4j/log4j/1.2.17/log4j-1.2.17.jar!/org/apache/log4j/helpers/CountingQuietWriter.class
[WARNING] org.apache.taglibs.standard.tag.common.xml.ExprSupport scanned from multiple locations: jar:file:///C:/Users/abclab-3/.m2/repository/org/apache/taglibs/taglibs-standard-impl/1.2.5/taglibs-standard-impl-1.2.5.jar!/org/apache/taglibs/standard/tag/common/xml/ExprSupport.class, jar:file:///C:/Users/abclab-3/.m2/repository/javax/servlet/jstl/1.2/jstl-1.2.jar!/org/apache/taglibs/standard/tag/common/xml/ExprSupport.class
[WARNING] org.apache.log4j.helpers.CyclicBuffer scanned from multiple locations: jar:file:///C:/Users/abclab-3/.m2/repository/ch/qos/reload4j/reload4j/1.2.19/reload4j-1.2.19.jar!/org/apache/log4j/helpers/CyclicBuffer.class, jar:file:///C:/Users/abclab-3/.m2/repository/log4j/log4j/1.2.17/log4j-1.2.17.jar!/org/apache/log4j/helpers/CyclicBuffer.class
[WARNING] org.aspectj.lang.reflect.ConstructorSignature scanned from multiple locations: jar:file:///C:/Users/abclab-3/.m2/repository/org/aspectj/aspectjrt/1.9.7/aspectjrt-1.9.7.jar!/org/aspectj/lang/reflect/ConstructorSignature.class, jar:file:///C:/Users/abclab-3/.m2/repository/org/aspectj/aspectjweaver/1.9.7/aspectjweaver-1.9.7.jar!/org/aspectj/lang/reflect/ConstructorSignature.class
[WARNING] org.apache.taglibs.standard.tag.common.xml.ForEachTag scanned from multiple locations: jar:file:///C:/Users/abclab-3/.m2/repository/org/apache/taglibs/taglibs-standard-impl/1.2.5/taglibs-standard-impl-1.2.5.jar!/org/apache/taglibs/standard/tag/common/xml/ForEachTag.class, jar:file:///C:/Users/abclab-3/.m2/repository/javax/servlet/jstl/1.2/jstl-1.2.jar!/org/apache/taglibs/standard/tag/common/xml/ForEachTag.class
[WARNING] org.aspectj.lang.reflect.DeclareAnnotation$Kind scanned from multiple locations: jar:file:///C:/Users/abclab-3/.m2/repository/org/aspectj/aspectjrt/1.9.7/aspectjrt-1.9.7.jar!/org/aspectj/lang/reflect/DeclareAnnotation$Kind.class, jar:file:///C:/Users/abclab-3/.m2/repository/org/aspectj/aspectjweaver/1.9.7/aspectjweaver-1.9.7.jar!/org/aspectj/lang/reflect/DeclareAnnotation$Kind.class
[WARNING] org.aspectj.lang.reflect.DeclareAnnotation scanned from multiple locations: jar:file:///C:/Users/abclab-3/.m2/repository/org/aspectj/aspectjrt/1.9.7/aspectjrt-1.9.7.jar!/org/aspectj/lang/reflect/DeclareAnnotation.class, jar:file:///C:/Users/abclab-3/.m2/repository/org/aspectj/aspectjweaver/1.9.7/aspectjweaver-1.9.7.jar!/org/aspectj/lang/reflect/DeclareAnnotation.class
[WARNING] org.aspectj.lang.reflect.DeclareErrorOrWarning scanned from multiple locations: jar:file:///C:/Users/abclab-3/.m2/repository/org/aspectj/aspectjrt/1.9.7/aspectjrt-1.9.7.jar!/org/aspectj/lang/reflect/DeclareErrorOrWarning.class, jar:file:///C:/Users/abclab-3/.m2/repository/org/aspectj/aspectjweaver/1.9.7/aspectjweaver-1.9.7.jar!/org/aspectj/lang/reflect/DeclareErrorOrWarning.class
[WARNING] org.aspectj.lang.reflect.DeclareParents scanned from multiple locations: jar:file:///C:/Users/abclab-3/.m2/repository/org/aspectj/aspectjrt/1.9.7/aspectjrt-1.9.7.jar!/org/aspectj/lang/reflect/DeclareParents.class, jar:file:///C:/Users/abclab-3/.m2/repository/org/aspectj/aspectjweaver/1.9.7/aspectjweaver-1.9.7.jar!/org/aspectj/lang/reflect/DeclareParents.class
[WARNING] org.aspectj.lang.reflect.DeclarePrecedence scanned from multiple locations: jar:file:///C:/Users/abclab-3/.m2/repository/org/aspectj/aspectjrt/1.9.7/aspectjrt-1.9.7.jar!/org/aspectj/lang/reflect/DeclarePrecedence.class, jar:file:///C:/Users/abclab-3/.m2/repository/org/aspectj/aspectjweaver/1.9.7/aspectjweaver-1.9.7.jar!/org/aspectj/lang/reflect/DeclarePrecedence.class
[WARNING] org.aspectj.lang.reflect.DeclareSoft scanned from multiple locations: jar:file:///C:/Users/abclab-3/.m2/repository/org/aspectj/aspectjrt/1.9.7/aspectjrt-1.9.7.jar!/org/aspectj/lang/reflect/DeclareSoft.class, jar:file:///C:/Users/abclab-3/.m2/repository/org/aspectj/aspectjweaver/1.9.7/aspectjweaver-1.9.7.jar!/org/aspectj/lang/reflect/DeclareSoft.class
[WARNING] org.aspectj.lang.reflect.FieldSignature scanned from multiple locations: jar:file:///C:/Users/abclab-3/.m2/repository/org/aspectj/aspectjrt/1.9.7/aspectjrt-1.9.7.jar!/org/aspectj/lang/reflect/FieldSignature.class, jar:file:///C:/Users/abclab-3/.m2/repository/org/aspectj/aspectjweaver/1.9.7/aspectjweaver-1.9.7.jar!/org/aspectj/lang/reflect/FieldSignature.class
[WARNING] org.apache.taglibs.standard.tag.common.xml.IfTag scanned from multiple locations: jar:file:///C:/Users/abclab-3/.m2/repository/org/apache/taglibs/taglibs-standard-impl/1.2.5/taglibs-standard-impl-1.2.5.jar!/org/apache/taglibs/standard/tag/common/xml/IfTag.class, jar:file:///C:/Users/abclab-3/.m2/repository/javax/servlet/jstl/1.2/jstl-1.2.jar!/org/apache/taglibs/standard/tag/common/xml/IfTag.class
[WARNING] org.apache.log4j.helpers.DateLayout scanned from multiple locations: jar:file:///C:/Users/abclab-3/.m2/repository/ch/qos/reload4j/reload4j/1.2.19/reload4j-1.2.19.jar!/org/apache/log4j/helpers/DateLayout.class, jar:file:///C:/Users/abclab-3/.m2/repository/log4j/log4j/1.2.17/log4j-1.2.17.jar!/org/apache/log4j/helpers/DateLayout.class
[WARNING] org.aspectj.lang.reflect.InitializerSignature scanned from multiple locations: jar:file:///C:/Users/abclab-3/.m2/repository/org/aspectj/aspectjrt/1.9.7/aspectjrt-1.9.7.jar!/org/aspectj/lang/reflect/InitializerSignature.class, jar:file:///C:/Users/abclab-3/.m2/repository/org/aspectj/aspectjweaver/1.9.7/aspectjweaver-1.9.7.jar!/org/aspectj/lang/reflect/InitializerSignature.class
[WARNING] org.apache.log4j.helpers.DateTimeDateFormat scanned from multiple locations: jar:file:///C:/Users/abclab-3/.m2/repository/ch/qos/reload4j/reload4j/1.2.19/reload4j-1.2.19.jar!/org/apache/log4j/helpers/DateTimeDateFormat.class, jar:file:///C:/Users/abclab-3/.m2/repository/log4j/log4j/1.2.17/log4j-1.2.17.jar!/org/apache/log4j/helpers/DateTimeDateFormat.class
[WARNING] org.aspectj.lang.reflect.InterTypeConstructorDeclaration scanned from multiple locations: jar:file:///C:/Users/abclab-3/.m2/repository/org/aspectj/aspectjrt/1.9.7/aspectjrt-1.9.7.jar!/org/aspectj/lang/reflect/InterTypeConstructorDeclaration.class, jar:file:///C:/Users/abclab-3/.m2/repository/org/aspectj/aspectjweaver/1.9.7/aspectjweaver-1.9.7.jar!/org/aspectj/lang/reflect/InterTypeConstructorDeclaration.class
[WARNING] org.apache.log4j.helpers.FileWatchdog scanned from multiple locations: jar:file:///C:/Users/abclab-3/.m2/repository/ch/qos/reload4j/reload4j/1.2.19/reload4j-1.2.19.jar!/org/apache/log4j/helpers/FileWatchdog.class, jar:file:///C:/Users/abclab-3/.m2/repository/log4j/log4j/1.2.17/log4j-1.2.17.jar!/org/apache/log4j/helpers/FileWatchdog.class
[WARNING] org.aspectj.lang.reflect.InterTypeDeclaration scanned from multiple locations: jar:file:///C:/Users/abclab-3/.m2/repository/org/aspectj/aspectjrt/1.9.7/aspectjrt-1.9.7.jar!/org/aspectj/lang/reflect/InterTypeDeclaration.class, jar:file:///C:/Users/abclab-3/.m2/repository/org/aspectj/aspectjweaver/1.9.7/aspectjweaver-1.9.7.jar!/org/aspectj/lang/reflect/InterTypeDeclaration.class
[WARNING] org.apache.log4j.helpers.FormattingInfo scanned from multiple locations: jar:file:///C:/Users/abclab-3/.m2/repository/ch/qos/reload4j/reload4j/1.2.19/reload4j-1.2.19.jar!/org/apache/log4j/helpers/FormattingInfo.class, jar:file:///C:/Users/abclab-3/.m2/repository/log4j/log4j/1.2.17/log4j-1.2.17.jar!/org/apache/log4j/helpers/FormattingInfo.class
[WARNING] org.apache.taglibs.standard.tag.common.xml.ParamSupport scanned from multiple locations: jar:file:///C:/Users/abclab-3/.m2/repository/org/apache/taglibs/taglibs-standard-impl/1.2.5/taglibs-standard-impl-1.2.5.jar!/org/apache/taglibs/standard/tag/common/xml/ParamSupport.class, jar:file:///C:/Users/abclab-3/.m2/repository/javax/servlet/jstl/1.2/jstl-1.2.jar!/org/apache/taglibs/standard/tag/common/xml/ParamSupport.class
[WARNING] org.aspectj.lang.reflect.InterTypeFieldDeclaration scanned from multiple locations: jar:file:///C:/Users/abclab-3/.m2/repository/org/aspectj/aspectjrt/1.9.7/aspectjrt-1.9.7.jar!/org/aspectj/lang/reflect/InterTypeFieldDeclaration.class, jar:file:///C:/Users/abclab-3/.m2/repository/org/aspectj/aspectjweaver/1.9.7/aspectjweaver-1.9.7.jar!/org/aspectj/lang/reflect/InterTypeFieldDeclaration.class
[WARNING] org.apache.log4j.helpers.ISO8601DateFormat scanned from multiple locations: jar:file:///C:/Users/abclab-3/.m2/repository/ch/qos/reload4j/reload4j/1.2.19/reload4j-1.2.19.jar!/org/apache/log4j/helpers/ISO8601DateFormat.class, jar:file:///C:/Users/abclab-3/.m2/repository/log4j/log4j/1.2.17/log4j-1.2.17.jar!/org/apache/log4j/helpers/ISO8601DateFormat.class
[WARNING] org.apache.taglibs.standard.tag.common.xml.ParseSupport scanned from multiple locations: jar:file:///C:/Users/abclab-3/.m2/repository/org/apache/taglibs/taglibs-standard-impl/1.2.5/taglibs-standard-impl-1.2.5.jar!/org/apache/taglibs/standard/tag/common/xml/ParseSupport.class, jar:file:///C:/Users/abclab-3/.m2/repository/javax/servlet/jstl/1.2/jstl-1.2.jar!/org/apache/taglibs/standard/tag/common/xml/ParseSupport.class
[WARNING] org.aspectj.lang.reflect.InterTypeMethodDeclaration scanned from multiple locations: jar:file:///C:/Users/abclab-3/.m2/repository/org/aspectj/aspectjrt/1.9.7/aspectjrt-1.9.7.jar!/org/aspectj/lang/reflect/InterTypeMethodDeclaration.class, jar:file:///C:/Users/abclab-3/.m2/repository/org/aspectj/aspectjweaver/1.9.7/aspectjweaver-1.9.7.jar!/org/aspectj/lang/reflect/InterTypeMethodDeclaration.class
[WARNING] org.apache.log4j.helpers.Loader scanned from multiple locations: jar:file:///C:/Users/abclab-3/.m2/repository/ch/qos/reload4j/reload4j/1.2.19/reload4j-1.2.19.jar!/org/apache/log4j/helpers/Loader.class, jar:file:///C:/Users/abclab-3/.m2/repository/log4j/log4j/1.2.17/log4j-1.2.17.jar!/org/apache/log4j/helpers/Loader.class
[WARNING] org.apache.taglibs.standard.tag.common.xml.SetTag scanned from multiple locations: jar:file:///C:/Users/abclab-3/.m2/repository/org/apache/taglibs/taglibs-standard-impl/1.2.5/taglibs-standard-impl-1.2.5.jar!/org/apache/taglibs/standard/tag/common/xml/SetTag.class, jar:file:///C:/Users/abclab-3/.m2/repository/javax/servlet/jstl/1.2/jstl-1.2.jar!/org/apache/taglibs/standard/tag/common/xml/SetTag.class
[WARNING] org.apache.log4j.helpers.LogLog scanned from multiple locations: jar:file:///C:/Users/abclab-3/.m2/repository/org/slf4j/log4j-over-slf4j/1.7.36/log4j-over-slf4j-1.7.36.jar!/org/apache/log4j/helpers/LogLog.class, jar:file:///C:/Users/abclab-3/.m2/repository/log4j/log4j/1.2.17/log4j-1.2.17.jar!/org/apache/log4j/helpers/LogLog.class
[WARNING] org.aspectj.lang.reflect.LockSignature scanned from multiple locations: jar:file:///C:/Users/abclab-3/.m2/repository/org/aspectj/aspectjrt/1.9.7/aspectjrt-1.9.7.jar!/org/aspectj/lang/reflect/LockSignature.class, jar:file:///C:/Users/abclab-3/.m2/repository/org/aspectj/aspectjweaver/1.9.7/aspectjweaver-1.9.7.jar!/org/aspectj/lang/reflect/LockSignature.class
[WARNING] org.apache.log4j.helpers.MDCKeySetExtractor scanned from multiple locations: jar:file:///C:/Users/abclab-3/.m2/repository/ch/qos/reload4j/reload4j/1.2.19/reload4j-1.2.19.jar!/org/apache/log4j/helpers/MDCKeySetExtractor.class, jar:file:///C:/Users/abclab-3/.m2/repository/log4j/log4j/1.2.17/log4j-1.2.17.jar!/org/apache/log4j/helpers/MDCKeySetExtractor.class
[WARNING] org.aspectj.lang.reflect.MemberSignature scanned from multiple locations: jar:file:///C:/Users/abclab-3/.m2/repository/org/aspectj/aspectjrt/1.9.7/aspectjrt-1.9.7.jar!/org/aspectj/lang/reflect/MemberSignature.class, jar:file:///C:/Users/abclab-3/.m2/repository/org/aspectj/aspectjweaver/1.9.7/aspectjweaver-1.9.7.jar!/org/aspectj/lang/reflect/MemberSignature.class
[WARNING] org.apache.log4j.helpers.NullEnumeration scanned from multiple locations: jar:file:///C:/Users/abclab-3/.m2/repository/org/slf4j/log4j-over-slf4j/1.7.36/log4j-over-slf4j-1.7.36.jar!/org/apache/log4j/helpers/NullEnumeration.class, jar:file:///C:/Users/abclab-3/.m2/repository/log4j/log4j/1.2.17/log4j-1.2.17.jar!/org/apache/log4j/helpers/NullEnumeration.class
[WARNING] org.apache.taglibs.standard.tag.common.xml.TransformSupport scanned from multiple locations: jar:file:///C:/Users/abclab-3/.m2/repository/org/apache/taglibs/taglibs-standard-impl/1.2.5/taglibs-standard-impl-1.2.5.jar!/org/apache/taglibs/standard/tag/common/xml/TransformSupport.class, jar:file:///C:/Users/abclab-3/.m2/repository/javax/servlet/jstl/1.2/jstl-1.2.jar!/org/apache/taglibs/standard/tag/common/xml/TransformSupport.class
[WARNING] org.apache.log4j.helpers.OnlyOnceErrorHandler scanned from multiple locations: jar:file:///C:/Users/abclab-3/.m2/repository/ch/qos/reload4j/reload4j/1.2.19/reload4j-1.2.19.jar!/org/apache/log4j/helpers/OnlyOnceErrorHandler.class, jar:file:///C:/Users/abclab-3/.m2/repository/log4j/log4j/1.2.17/log4j-1.2.17.jar!/org/apache/log4j/helpers/OnlyOnceErrorHandler.class
[WARNING] org.aspectj.lang.reflect.MethodSignature scanned from multiple locations: jar:file:///C:/Users/abclab-3/.m2/repository/org/aspectj/aspectjrt/1.9.7/aspectjrt-1.9.7.jar!/org/aspectj/lang/reflect/MethodSignature.class, jar:file:///C:/Users/abclab-3/.m2/repository/org/aspectj/aspectjweaver/1.9.7/aspectjweaver-1.9.7.jar!/org/aspectj/lang/reflect/MethodSignature.class
[WARNING] org.apache.log4j.helpers.OptionConverter scanned from multiple locations: jar:file:///C:/Users/abclab-3/.m2/repository/ch/qos/reload4j/reload4j/1.2.19/reload4j-1.2.19.jar!/org/apache/log4j/helpers/OptionConverter.class, jar:file:///C:/Users/abclab-3/.m2/repository/log4j/log4j/1.2.17/log4j-1.2.17.jar!/org/apache/log4j/helpers/OptionConverter.class
[WARNING] org.aspectj.lang.reflect.NoSuchAdviceException scanned from multiple locations: jar:file:///C:/Users/abclab-3/.m2/repository/org/aspectj/aspectjrt/1.9.7/aspectjrt-1.9.7.jar!/org/aspectj/lang/reflect/NoSuchAdviceException.class, jar:file:///C:/Users/abclab-3/.m2/repository/org/aspectj/aspectjweaver/1.9.7/aspectjweaver-1.9.7.jar!/org/aspectj/lang/reflect/NoSuchAdviceException.class
[WARNING] org.apache.taglibs.standard.tag.common.xml.WhenTag scanned from multiple locations: jar:file:///C:/Users/abclab-3/.m2/repository/org/apache/taglibs/taglibs-standard-impl/1.2.5/taglibs-standard-impl-1.2.5.jar!/org/apache/taglibs/standard/tag/common/xml/WhenTag.class, jar:file:///C:/Users/abclab-3/.m2/repository/javax/servlet/jstl/1.2/jstl-1.2.jar!/org/apache/taglibs/standard/tag/common/xml/WhenTag.class
[WARNING] org.aspectj.lang.reflect.NoSuchPointcutException scanned from multiple locations: jar:file:///C:/Users/abclab-3/.m2/repository/org/aspectj/aspectjrt/1.9.7/aspectjrt-1.9.7.jar!/org/aspectj/lang/reflect/NoSuchPointcutException.class, jar:file:///C:/Users/abclab-3/.m2/repository/org/aspectj/aspectjweaver/1.9.7/aspectjweaver-1.9.7.jar!/org/aspectj/lang/reflect/NoSuchPointcutException.class
[WARNING] org.apache.log4j.helpers.PatternConverter scanned from multiple locations: jar:file:///C:/Users/abclab-3/.m2/repository/ch/qos/reload4j/reload4j/1.2.19/reload4j-1.2.19.jar!/org/apache/log4j/helpers/PatternConverter.class, jar:file:///C:/Users/abclab-3/.m2/repository/log4j/log4j/1.2.17/log4j-1.2.17.jar!/org/apache/log4j/helpers/PatternConverter.class
[WARNING] org.aspectj.lang.reflect.PerClause scanned from multiple locations: jar:file:///C:/Users/abclab-3/.m2/repository/org/aspectj/aspectjrt/1.9.7/aspectjrt-1.9.7.jar!/org/aspectj/lang/reflect/PerClause.class, jar:file:///C:/Users/abclab-3/.m2/repository/org/aspectj/aspectjweaver/1.9.7/aspectjweaver-1.9.7.jar!/org/aspectj/lang/reflect/PerClause.class
[WARNING] org.aspectj.lang.reflect.PerClauseKind scanned from multiple locations: jar:file:///C:/Users/abclab-3/.m2/repository/org/aspectj/aspectjrt/1.9.7/aspectjrt-1.9.7.jar!/org/aspectj/lang/reflect/PerClauseKind.class, jar:file:///C:/Users/abclab-3/.m2/repository/org/aspectj/aspectjweaver/1.9.7/aspectjweaver-1.9.7.jar!/org/aspectj/lang/reflect/PerClauseKind.class
[WARNING] org.apache.log4j.helpers.PatternParser$BasicPatternConverter scanned from multiple locations: jar:file:///C:/Users/abclab-3/.m2/repository/ch/qos/reload4j/reload4j/1.2.19/reload4j-1.2.19.jar!/org/apache/log4j/helpers/PatternParser$BasicPatternConverter.class, jar:file:///C:/Users/abclab-3/.m2/repository/log4j/log4j/1.2.17/log4j-1.2.17.jar!/org/apache/log4j/helpers/PatternParser$BasicPatternConverter.class
[WARNING] org.aspectj.lang.reflect.Pointcut scanned from multiple locations: jar:file:///C:/Users/abclab-3/.m2/repository/org/aspectj/aspectjrt/1.9.7/aspectjrt-1.9.7.jar!/org/aspectj/lang/reflect/Pointcut.class, jar:file:///C:/Users/abclab-3/.m2/repository/org/aspectj/aspectjweaver/1.9.7/aspectjweaver-1.9.7.jar!/org/aspectj/lang/reflect/Pointcut.class
[WARNING] org.aspectj.lang.reflect.PointcutBasedPerClause scanned from multiple locations: jar:file:///C:/Users/abclab-3/.m2/repository/org/aspectj/aspectjrt/1.9.7/aspectjrt-1.9.7.jar!/org/aspectj/lang/reflect/PointcutBasedPerClause.class, jar:file:///C:/Users/abclab-3/.m2/repository/org/aspectj/aspectjweaver/1.9.7/aspectjweaver-1.9.7.jar!/org/aspectj/lang/reflect/PointcutBasedPerClause.class
[WARNING] org.apache.log4j.helpers.PatternParser$CategoryPatternConverter scanned from multiple locations: jar:file:///C:/Users/abclab-3/.m2/repository/ch/qos/reload4j/reload4j/1.2.19/reload4j-1.2.19.jar!/org/apache/log4j/helpers/PatternParser$CategoryPatternConverter.class, jar:file:///C:/Users/abclab-3/.m2/repository/log4j/log4j/1.2.17/log4j-1.2.17.jar!/org/apache/log4j/helpers/PatternParser$CategoryPatternConverter.class
[WARNING] org.aspectj.lang.reflect.PointcutExpression scanned from multiple locations: jar:file:///C:/Users/abclab-3/.m2/repository/org/aspectj/aspectjrt/1.9.7/aspectjrt-1.9.7.jar!/org/aspectj/lang/reflect/PointcutExpression.class, jar:file:///C:/Users/abclab-3/.m2/repository/org/aspectj/aspectjweaver/1.9.7/aspectjweaver-1.9.7.jar!/org/aspectj/lang/reflect/PointcutExpression.class
[WARNING] org.apache.log4j.helpers.PatternParser$ClassNamePatternConverter scanned from multiple locations: jar:file:///C:/Users/abclab-3/.m2/repository/ch/qos/reload4j/reload4j/1.2.19/reload4j-1.2.19.jar!/org/apache/log4j/helpers/PatternParser$ClassNamePatternConverter.class, jar:file:///C:/Users/abclab-3/.m2/repository/log4j/log4j/1.2.17/log4j-1.2.17.jar!/org/apache/log4j/helpers/PatternParser$ClassNamePatternConverter.class
[WARNING] org.aspectj.lang.reflect.SignaturePattern scanned from multiple locations: jar:file:///C:/Users/abclab-3/.m2/repository/org/aspectj/aspectjrt/1.9.7/aspectjrt-1.9.7.jar!/org/aspectj/lang/reflect/SignaturePattern.class, jar:file:///C:/Users/abclab-3/.m2/repository/org/aspectj/aspectjweaver/1.9.7/aspectjweaver-1.9.7.jar!/org/aspectj/lang/reflect/SignaturePattern.class
[WARNING] org.aspectj.lang.reflect.SourceLocation scanned from multiple locations: jar:file:///C:/Users/abclab-3/.m2/repository/org/aspectj/aspectjrt/1.9.7/aspectjrt-1.9.7.jar!/org/aspectj/lang/reflect/SourceLocation.class, jar:file:///C:/Users/abclab-3/.m2/repository/org/aspectj/aspectjweaver/1.9.7/aspectjweaver-1.9.7.jar!/org/aspectj/lang/reflect/SourceLocation.class
[WARNING] org.apache.log4j.helpers.PatternParser$DatePatternConverter scanned from multiple locations: jar:file:///C:/Users/abclab-3/.m2/repository/ch/qos/reload4j/reload4j/1.2.19/reload4j-1.2.19.jar!/org/apache/log4j/helpers/PatternParser$DatePatternConverter.class, jar:file:///C:/Users/abclab-3/.m2/repository/log4j/log4j/1.2.17/log4j-1.2.17.jar!/org/apache/log4j/helpers/PatternParser$DatePatternConverter.class
[WARNING] org.aspectj.lang.reflect.TypePattern scanned from multiple locations: jar:file:///C:/Users/abclab-3/.m2/repository/org/aspectj/aspectjrt/1.9.7/aspectjrt-1.9.7.jar!/org/aspectj/lang/reflect/TypePattern.class, jar:file:///C:/Users/abclab-3/.m2/repository/org/aspectj/aspectjweaver/1.9.7/aspectjweaver-1.9.7.jar!/org/aspectj/lang/reflect/TypePattern.class
[WARNING] org.apache.log4j.helpers.PatternParser$LiteralPatternConverter scanned from multiple locations: jar:file:///C:/Users/abclab-3/.m2/repository/ch/qos/reload4j/reload4j/1.2.19/reload4j-1.2.19.jar!/org/apache/log4j/helpers/PatternParser$LiteralPatternConverter.class, jar:file:///C:/Users/abclab-3/.m2/repository/log4j/log4j/1.2.17/log4j-1.2.17.jar!/org/apache/log4j/helpers/PatternParser$LiteralPatternConverter.class
[WARNING] org.aspectj.lang.reflect.TypePatternBasedPerClause scanned from multiple locations: jar:file:///C:/Users/abclab-3/.m2/repository/org/aspectj/aspectjrt/1.9.7/aspectjrt-1.9.7.jar!/org/aspectj/lang/reflect/TypePatternBasedPerClause.class, jar:file:///C:/Users/abclab-3/.m2/repository/org/aspectj/aspectjweaver/1.9.7/aspectjweaver-1.9.7.jar!/org/aspectj/lang/reflect/TypePatternBasedPerClause.class
[WARNING] org.apache.log4j.helpers.PatternParser$LocationPatternConverter scanned from multiple locations: jar:file:///C:/Users/abclab-3/.m2/repository/ch/qos/reload4j/reload4j/1.2.19/reload4j-1.2.19.jar!/org/apache/log4j/helpers/PatternParser$LocationPatternConverter.class, jar:file:///C:/Users/abclab-3/.m2/repository/log4j/log4j/1.2.17/log4j-1.2.17.jar!/org/apache/log4j/helpers/PatternParser$LocationPatternConverter.class
[WARNING] org.aspectj.lang.reflect.UnlockSignature scanned from multiple locations: jar:file:///C:/Users/abclab-3/.m2/repository/org/aspectj/aspectjrt/1.9.7/aspectjrt-1.9.7.jar!/org/aspectj/lang/reflect/UnlockSignature.class, jar:file:///C:/Users/abclab-3/.m2/repository/org/aspectj/aspectjweaver/1.9.7/aspectjweaver-1.9.7.jar!/org/aspectj/lang/reflect/UnlockSignature.class
[WARNING] org.apache.log4j.helpers.PatternParser$MDCPatternConverter scanned from multiple locations: jar:file:///C:/Users/abclab-3/.m2/repository/ch/qos/reload4j/reload4j/1.2.19/reload4j-1.2.19.jar!/org/apache/log4j/helpers/PatternParser$MDCPatternConverter.class, jar:file:///C:/Users/abclab-3/.m2/repository/log4j/log4j/1.2.17/log4j-1.2.17.jar!/org/apache/log4j/helpers/PatternParser$MDCPatternConverter.class
[WARNING] org.aspectj.runtime.CFlow scanned from multiple locations: jar:file:///C:/Users/abclab-3/.m2/repository/org/aspectj/aspectjrt/1.9.7/aspectjrt-1.9.7.jar!/org/aspectj/runtime/CFlow.class, jar:file:///C:/Users/abclab-3/.m2/repository/org/aspectj/aspectjweaver/1.9.7/aspectjweaver-1.9.7.jar!/org/aspectj/runtime/CFlow.class
[WARNING] org.apache.log4j.helpers.PatternParser$NamedPatternConverter scanned from multiple locations: jar:file:///C:/Users/abclab-3/.m2/repository/ch/qos/reload4j/reload4j/1.2.19/reload4j-1.2.19.jar!/org/apache/log4j/helpers/PatternParser$NamedPatternConverter.class, jar:file:///C:/Users/abclab-3/.m2/repository/log4j/log4j/1.2.17/log4j-1.2.17.jar!/org/apache/log4j/helpers/PatternParser$NamedPatternConverter.class
[WARNING] org.aspectj.runtime.internal.AroundClosure scanned from multiple locations: jar:file:///C:/Users/abclab-3/.m2/repository/org/aspectj/aspectjrt/1.9.7/aspectjrt-1.9.7.jar!/org/aspectj/runtime/internal/AroundClosure.class, jar:file:///C:/Users/abclab-3/.m2/repository/org/aspectj/aspectjweaver/1.9.7/aspectjweaver-1.9.7.jar!/org/aspectj/runtime/internal/AroundClosure.class
[WARNING] org.apache.log4j.helpers.PatternParser scanned from multiple locations: jar:file:///C:/Users/abclab-3/.m2/repository/ch/qos/reload4j/reload4j/1.2.19/reload4j-1.2.19.jar!/org/apache/log4j/helpers/PatternParser.class, jar:file:///C:/Users/abclab-3/.m2/repository/log4j/log4j/1.2.17/log4j-1.2.17.jar!/org/apache/log4j/helpers/PatternParser.class
[WARNING] org.aspectj.runtime.internal.CFlowCounter scanned from multiple locations: jar:file:///C:/Users/abclab-3/.m2/repository/org/aspectj/aspectjrt/1.9.7/aspectjrt-1.9.7.jar!/org/aspectj/runtime/internal/CFlowCounter.class, jar:file:///C:/Users/abclab-3/.m2/repository/org/aspectj/aspectjweaver/1.9.7/aspectjweaver-1.9.7.jar!/org/aspectj/runtime/internal/CFlowCounter.class
[WARNING] org.apache.log4j.helpers.QuietWriter scanned from multiple locations: jar:file:///C:/Users/abclab-3/.m2/repository/ch/qos/reload4j/reload4j/1.2.19/reload4j-1.2.19.jar!/org/apache/log4j/helpers/QuietWriter.class, jar:file:///C:/Users/abclab-3/.m2/repository/log4j/log4j/1.2.17/log4j-1.2.17.jar!/org/apache/log4j/helpers/QuietWriter.class
[WARNING] org.apache.log4j.helpers.RelativeTimeDateFormat scanned from multiple locations: jar:file:///C:/Users/abclab-3/.m2/repository/ch/qos/reload4j/reload4j/1.2.19/reload4j-1.2.19.jar!/org/apache/log4j/helpers/RelativeTimeDateFormat.class, jar:file:///C:/Users/abclab-3/.m2/repository/log4j/log4j/1.2.17/log4j-1.2.17.jar!/org/apache/log4j/helpers/RelativeTimeDateFormat.class
[WARNING] org.aspectj.runtime.internal.CFlowPlusState scanned from multiple locations: jar:file:///C:/Users/abclab-3/.m2/repository/org/aspectj/aspectjrt/1.9.7/aspectjrt-1.9.7.jar!/org/aspectj/runtime/internal/CFlowPlusState.class, jar:file:///C:/Users/abclab-3/.m2/repository/org/aspectj/aspectjweaver/1.9.7/aspectjweaver-1.9.7.jar!/org/aspectj/runtime/internal/CFlowPlusState.class
[WARNING] org.apache.log4j.helpers.SyslogQuietWriter scanned from multiple locations: jar:file:///C:/Users/abclab-3/.m2/repository/ch/qos/reload4j/reload4j/1.2.19/reload4j-1.2.19.jar!/org/apache/log4j/helpers/SyslogQuietWriter.class, jar:file:///C:/Users/abclab-3/.m2/repository/log4j/log4j/1.2.17/log4j-1.2.17.jar!/org/apache/log4j/helpers/SyslogQuietWriter.class
[WARNING] org.apache.log4j.helpers.SyslogWriter scanned from multiple locations: jar:file:///C:/Users/abclab-3/.m2/repository/ch/qos/reload4j/reload4j/1.2.19/reload4j-1.2.19.jar!/org/apache/log4j/helpers/SyslogWriter.class, jar:file:///C:/Users/abclab-3/.m2/repository/log4j/log4j/1.2.17/log4j-1.2.17.jar!/org/apache/log4j/helpers/SyslogWriter.class
[WARNING] org.aspectj.runtime.internal.CFlowStack scanned from multiple locations: jar:file:///C:/Users/abclab-3/.m2/repository/org/aspectj/aspectjrt/1.9.7/aspectjrt-1.9.7.jar!/org/aspectj/runtime/internal/CFlowStack.class, jar:file:///C:/Users/abclab-3/.m2/repository/org/aspectj/aspectjweaver/1.9.7/aspectjweaver-1.9.7.jar!/org/aspectj/runtime/internal/CFlowStack.class
[WARNING] org.apache.log4j.helpers.ThreadLocalMap scanned from multiple locations: jar:file:///C:/Users/abclab-3/.m2/repository/ch/qos/reload4j/reload4j/1.2.19/reload4j-1.2.19.jar!/org/apache/log4j/helpers/ThreadLocalMap.class, jar:file:///C:/Users/abclab-3/.m2/repository/log4j/log4j/1.2.17/log4j-1.2.17.jar!/org/apache/log4j/helpers/ThreadLocalMap.class
[WARNING] org.apache.log4j.helpers.Transform scanned from multiple locations: jar:file:///C:/Users/abclab-3/.m2/repository/ch/qos/reload4j/reload4j/1.2.19/reload4j-1.2.19.jar!/org/apache/log4j/helpers/Transform.class, jar:file:///C:/Users/abclab-3/.m2/repository/log4j/log4j/1.2.17/log4j-1.2.17.jar!/org/apache/log4j/helpers/Transform.class
[WARNING] org.aspectj.runtime.internal.Conversions scanned from multiple locations: jar:file:///C:/Users/abclab-3/.m2/repository/org/aspectj/aspectjrt/1.9.7/aspectjrt-1.9.7.jar!/org/aspectj/runtime/internal/Conversions.class, jar:file:///C:/Users/abclab-3/.m2/repository/org/aspectj/aspectjweaver/1.9.7/aspectjweaver-1.9.7.jar!/org/aspectj/runtime/internal/Conversions.class
[WARNING] org.apache.log4j.helpers.UtilLoggingLevel scanned from multiple locations: jar:file:///C:/Users/abclab-3/.m2/repository/ch/qos/reload4j/reload4j/1.2.19/reload4j-1.2.19.jar!/org/apache/log4j/helpers/UtilLoggingLevel.class, jar:file:///C:/Users/abclab-3/.m2/repository/log4j/log4j/1.2.17/log4j-1.2.17.jar!/org/apache/log4j/helpers/UtilLoggingLevel.class
[WARNING] org.aspectj.runtime.internal.PerObjectMap scanned from multiple locations: jar:file:///C:/Users/abclab-3/.m2/repository/org/aspectj/aspectjrt/1.9.7/aspectjrt-1.9.7.jar!/org/aspectj/runtime/internal/PerObjectMap.class, jar:file:///C:/Users/abclab-3/.m2/repository/org/aspectj/aspectjweaver/1.9.7/aspectjweaver-1.9.7.jar!/org/aspectj/runtime/internal/PerObjectMap.class
[WARNING] org.apache.log4j.jdbc.JDBCAppender scanned from multiple locations: jar:file:///C:/Users/abclab-3/.m2/repository/ch/qos/reload4j/reload4j/1.2.19/reload4j-1.2.19.jar!/org/apache/log4j/jdbc/JDBCAppender.class, jar:file:///C:/Users/abclab-3/.m2/repository/log4j/log4j/1.2.17/log4j-1.2.17.jar!/org/apache/log4j/jdbc/JDBCAppender.class
[WARNING] org.aspectj.runtime.internal.cflowstack.ThreadCounter scanned from multiple locations: jar:file:///C:/Users/abclab-3/.m2/repository/org/aspectj/aspectjrt/1.9.7/aspectjrt-1.9.7.jar!/org/aspectj/runtime/internal/cflowstack/ThreadCounter.class, jar:file:///C:/Users/abclab-3/.m2/repository/org/aspectj/aspectjweaver/1.9.7/aspectjweaver-1.9.7.jar!/org/aspectj/runtime/internal/cflowstack/ThreadCounter.class
[WARNING] org.aspectj.runtime.internal.cflowstack.ThreadCounterImpl11$Counter scanned from multiple locations: jar:file:///C:/Users/abclab-3/.m2/repository/org/aspectj/aspectjrt/1.9.7/aspectjrt-1.9.7.jar!/org/aspectj/runtime/internal/cflowstack/ThreadCounterImpl11$Counter.class, jar:file:///C:/Users/abclab-3/.m2/repository/org/aspectj/aspectjweaver/1.9.7/aspectjweaver-1.9.7.jar!/org/aspectj/runtime/internal/cflowstack/ThreadCounterImpl11$Counter.class
[WARNING] org.aspectj.runtime.internal.cflowstack.ThreadCounterImpl11 scanned from multiple locations: jar:file:///C:/Users/abclab-3/.m2/repository/org/aspectj/aspectjrt/1.9.7/aspectjrt-1.9.7.jar!/org/aspectj/runtime/internal/cflowstack/ThreadCounterImpl11.class, jar:file:///C:/Users/abclab-3/.m2/repository/org/aspectj/aspectjweaver/1.9.7/aspectjweaver-1.9.7.jar!/org/aspectj/runtime/internal/cflowstack/ThreadCounterImpl11.class
[WARNING] org.aspectj.runtime.internal.cflowstack.ThreadStack scanned from multiple locations: jar:file:///C:/Users/abclab-3/.m2/repository/org/aspectj/aspectjrt/1.9.7/aspectjrt-1.9.7.jar!/org/aspectj/runtime/internal/cflowstack/ThreadStack.class, jar:file:///C:/Users/abclab-3/.m2/repository/org/aspectj/aspectjweaver/1.9.7/aspectjweaver-1.9.7.jar!/org/aspectj/runtime/internal/cflowstack/ThreadStack.class
[WARNING] org.aspectj.runtime.internal.cflowstack.ThreadStackFactory scanned from multiple locations: jar:file:///C:/Users/abclab-3/.m2/repository/org/aspectj/aspectjrt/1.9.7/aspectjrt-1.9.7.jar!/org/aspectj/runtime/internal/cflowstack/ThreadStackFactory.class, jar:file:///C:/Users/abclab-3/.m2/repository/org/aspectj/aspectjweaver/1.9.7/aspectjweaver-1.9.7.jar!/org/aspectj/runtime/internal/cflowstack/ThreadStackFactory.class
[WARNING] org.aspectj.runtime.internal.cflowstack.ThreadStackFactoryImpl$1 scanned from multiple locations: jar:file:///C:/Users/abclab-3/.m2/repository/org/aspectj/aspectjrt/1.9.7/aspectjrt-1.9.7.jar!/org/aspectj/runtime/internal/cflowstack/ThreadStackFactoryImpl$1.class, jar:file:///C:/Users/abclab-3/.m2/repository/org/aspectj/aspectjweaver/1.9.7/aspectjweaver-1.9.7.jar!/org/aspectj/runtime/internal/cflowstack/ThreadStackFactoryImpl$1.class
[WARNING] org.aspectj.runtime.internal.cflowstack.ThreadStackFactoryImpl$ThreadCounterImpl$Counter scanned from multiple locations: jar:file:///C:/Users/abclab-3/.m2/repository/org/aspectj/aspectjrt/1.9.7/aspectjrt-1.9.7.jar!/org/aspectj/runtime/internal/cflowstack/ThreadStackFactoryImpl$ThreadCounterImpl$Counter.class, jar:file:///C:/Users/abclab-3/.m2/repository/org/aspectj/aspectjweaver/1.9.7/aspectjweaver-1.9.7.jar!/org/aspectj/runtime/internal/cflowstack/ThreadStackFactoryImpl$ThreadCounterImpl$Counter.class
[WARNING] org.aspectj.runtime.internal.cflowstack.ThreadStackFactoryImpl$ThreadCounterImpl scanned from multiple locations: jar:file:///C:/Users/abclab-3/.m2/repository/org/aspectj/aspectjrt/1.9.7/aspectjrt-1.9.7.jar!/org/aspectj/runtime/internal/cflowstack/ThreadStackFactoryImpl$ThreadCounterImpl.class, jar:file:///C:/Users/abclab-3/.m2/repository/org/aspectj/aspectjweaver/1.9.7/aspectjweaver-1.9.7.jar!/org/aspectj/runtime/internal/cflowstack/ThreadStackFactoryImpl$ThreadCounterImpl.class
[WARNING] org.aspectj.runtime.internal.cflowstack.ThreadStackFactoryImpl$ThreadStackImpl scanned from multiple locations: jar:file:///C:/Users/abclab-3/.m2/repository/org/aspectj/aspectjrt/1.9.7/aspectjrt-1.9.7.jar!/org/aspectj/runtime/internal/cflowstack/ThreadStackFactoryImpl$ThreadStackImpl.class, jar:file:///C:/Users/abclab-3/.m2/repository/org/aspectj/aspectjweaver/1.9.7/aspectjweaver-1.9.7.jar!/org/aspectj/runtime/internal/cflowstack/ThreadStackFactoryImpl$ThreadStackImpl.class
[WARNING] org.aspectj.runtime.internal.cflowstack.ThreadStackFactoryImpl scanned from multiple locations: jar:file:///C:/Users/abclab-3/.m2/repository/org/aspectj/aspectjrt/1.9.7/aspectjrt-1.9.7.jar!/org/aspectj/runtime/internal/cflowstack/ThreadStackFactoryImpl.class, jar:file:///C:/Users/abclab-3/.m2/repository/org/aspectj/aspectjweaver/1.9.7/aspectjweaver-1.9.7.jar!/org/aspectj/runtime/internal/cflowstack/ThreadStackFactoryImpl.class
[WARNING] org.aspectj.runtime.internal.cflowstack.ThreadStackFactoryImpl11 scanned from multiple locations: jar:file:///C:/Users/abclab-3/.m2/repository/org/aspectj/aspectjrt/1.9.7/aspectjrt-1.9.7.jar!/org/aspectj/runtime/internal/cflowstack/ThreadStackFactoryImpl11.class, jar:file:///C:/Users/abclab-3/.m2/repository/org/aspectj/aspectjweaver/1.9.7/aspectjweaver-1.9.7.jar!/org/aspectj/runtime/internal/cflowstack/ThreadStackFactoryImpl11.class
[WARNING] org.aspectj.runtime.internal.cflowstack.ThreadStackImpl11 scanned from multiple locations: jar:file:///C:/Users/abclab-3/.m2/repository/org/aspectj/aspectjrt/1.9.7/aspectjrt-1.9.7.jar!/org/aspectj/runtime/internal/cflowstack/ThreadStackImpl11.class, jar:file:///C:/Users/abclab-3/.m2/repository/org/aspectj/aspectjweaver/1.9.7/aspectjweaver-1.9.7.jar!/org/aspectj/runtime/internal/cflowstack/ThreadStackImpl11.class
[WARNING] org.aspectj.runtime.reflect.AdviceSignatureImpl scanned from multiple locations: jar:file:///C:/Users/abclab-3/.m2/repository/org/aspectj/aspectjrt/1.9.7/aspectjrt-1.9.7.jar!/org/aspectj/runtime/reflect/AdviceSignatureImpl.class, jar:file:///C:/Users/abclab-3/.m2/repository/org/aspectj/aspectjweaver/1.9.7/aspectjweaver-1.9.7.jar!/org/aspectj/runtime/reflect/AdviceSignatureImpl.class
[WARNING] org.aspectj.runtime.reflect.CatchClauseSignatureImpl scanned from multiple locations: jar:file:///C:/Users/abclab-3/.m2/repository/org/aspectj/aspectjrt/1.9.7/aspectjrt-1.9.7.jar!/org/aspectj/runtime/reflect/CatchClauseSignatureImpl.class, jar:file:///C:/Users/abclab-3/.m2/repository/org/aspectj/aspectjweaver/1.9.7/aspectjweaver-1.9.7.jar!/org/aspectj/runtime/reflect/CatchClauseSignatureImpl.class
[WARNING] org.aspectj.runtime.reflect.CodeSignatureImpl scanned from multiple locations: jar:file:///C:/Users/abclab-3/.m2/repository/org/aspectj/aspectjrt/1.9.7/aspectjrt-1.9.7.jar!/org/aspectj/runtime/reflect/CodeSignatureImpl.class, jar:file:///C:/Users/abclab-3/.m2/repository/org/aspectj/aspectjweaver/1.9.7/aspectjweaver-1.9.7.jar!/org/aspectj/runtime/reflect/CodeSignatureImpl.class
[WARNING] org.aspectj.runtime.reflect.ConstructorSignatureImpl scanned from multiple locations: jar:file:///C:/Users/abclab-3/.m2/repository/org/aspectj/aspectjrt/1.9.7/aspectjrt-1.9.7.jar!/org/aspectj/runtime/reflect/ConstructorSignatureImpl.class, jar:file:///C:/Users/abclab-3/.m2/repository/org/aspectj/aspectjweaver/1.9.7/aspectjweaver-1.9.7.jar!/org/aspectj/runtime/reflect/ConstructorSignatureImpl.class
[WARNING] org.aspectj.runtime.reflect.Factory scanned from multiple locations: jar:file:///C:/Users/abclab-3/.m2/repository/org/aspectj/aspectjrt/1.9.7/aspectjrt-1.9.7.jar!/org/aspectj/runtime/reflect/Factory.class, jar:file:///C:/Users/abclab-3/.m2/repository/org/aspectj/aspectjweaver/1.9.7/aspectjweaver-1.9.7.jar!/org/aspectj/runtime/reflect/Factory.class
[WARNING] org.aspectj.runtime.reflect.FieldSignatureImpl scanned from multiple locations: jar:file:///C:/Users/abclab-3/.m2/repository/org/aspectj/aspectjrt/1.9.7/aspectjrt-1.9.7.jar!/org/aspectj/runtime/reflect/FieldSignatureImpl.class, jar:file:///C:/Users/abclab-3/.m2/repository/org/aspectj/aspectjweaver/1.9.7/aspectjweaver-1.9.7.jar!/org/aspectj/runtime/reflect/FieldSignatureImpl.class
[WARNING] org.aspectj.runtime.reflect.InitializerSignatureImpl scanned from multiple locations: jar:file:///C:/Users/abclab-3/.m2/repository/org/aspectj/aspectjrt/1.9.7/aspectjrt-1.9.7.jar!/org/aspectj/runtime/reflect/InitializerSignatureImpl.class, jar:file:///C:/Users/abclab-3/.m2/repository/org/aspectj/aspectjweaver/1.9.7/aspectjweaver-1.9.7.jar!/org/aspectj/runtime/reflect/InitializerSignatureImpl.class
[WARNING] org.aspectj.runtime.reflect.JoinPointImpl$EnclosingStaticPartImpl scanned from multiple locations: jar:file:///C:/Users/abclab-3/.m2/repository/org/aspectj/aspectjrt/1.9.7/aspectjrt-1.9.7.jar!/org/aspectj/runtime/reflect/JoinPointImpl$EnclosingStaticPartImpl.class, jar:file:///C:/Users/abclab-3/.m2/repository/org/aspectj/aspectjweaver/1.9.7/aspectjweaver-1.9.7.jar!/org/aspectj/runtime/reflect/JoinPointImpl$EnclosingStaticPartImpl.class
[WARNING] org.aspectj.runtime.reflect.JoinPointImpl$StaticPartImpl scanned from multiple locations: jar:file:///C:/Users/abclab-3/.m2/repository/org/aspectj/aspectjrt/1.9.7/aspectjrt-1.9.7.jar!/org/aspectj/runtime/reflect/JoinPointImpl$StaticPartImpl.class, jar:file:///C:/Users/abclab-3/.m2/repository/org/aspectj/aspectjweaver/1.9.7/aspectjweaver-1.9.7.jar!/org/aspectj/runtime/reflect/JoinPointImpl$StaticPartImpl.class
[WARNING] org.aspectj.runtime.reflect.JoinPointImpl scanned from multiple locations: jar:file:///C:/Users/abclab-3/.m2/repository/org/aspectj/aspectjrt/1.9.7/aspectjrt-1.9.7.jar!/org/aspectj/runtime/reflect/JoinPointImpl.class, jar:file:///C:/Users/abclab-3/.m2/repository/org/aspectj/aspectjweaver/1.9.7/aspectjweaver-1.9.7.jar!/org/aspectj/runtime/reflect/JoinPointImpl.class
[WARNING] org.aspectj.runtime.reflect.LockSignatureImpl scanned from multiple locations: jar:file:///C:/Users/abclab-3/.m2/repository/org/aspectj/aspectjrt/1.9.7/aspectjrt-1.9.7.jar!/org/aspectj/runtime/reflect/LockSignatureImpl.class, jar:file:///C:/Users/abclab-3/.m2/repository/org/aspectj/aspectjweaver/1.9.7/aspectjweaver-1.9.7.jar!/org/aspectj/runtime/reflect/LockSignatureImpl.class
[WARNING] org.aspectj.runtime.reflect.MemberSignatureImpl scanned from multiple locations: jar:file:///C:/Users/abclab-3/.m2/repository/org/aspectj/aspectjrt/1.9.7/aspectjrt-1.9.7.jar!/org/aspectj/runtime/reflect/MemberSignatureImpl.class, jar:file:///C:/Users/abclab-3/.m2/repository/org/aspectj/aspectjweaver/1.9.7/aspectjweaver-1.9.7.jar!/org/aspectj/runtime/reflect/MemberSignatureImpl.class
[WARNING] org.aspectj.runtime.reflect.MethodSignatureImpl scanned from multiple locations: jar:file:///C:/Users/abclab-3/.m2/repository/org/aspectj/aspectjrt/1.9.7/aspectjrt-1.9.7.jar!/org/aspectj/runtime/reflect/MethodSignatureImpl.class, jar:file:///C:/Users/abclab-3/.m2/repository/org/aspectj/aspectjweaver/1.9.7/aspectjweaver-1.9.7.jar!/org/aspectj/runtime/reflect/MethodSignatureImpl.class
[WARNING] org.aspectj.runtime.reflect.SignatureImpl$Cache scanned from multiple locations: jar:file:///C:/Users/abclab-3/.m2/repository/org/aspectj/aspectjrt/1.9.7/aspectjrt-1.9.7.jar!/org/aspectj/runtime/reflect/SignatureImpl$Cache.class, jar:file:///C:/Users/abclab-3/.m2/repository/org/aspectj/aspectjweaver/1.9.7/aspectjweaver-1.9.7.jar!/org/aspectj/runtime/reflect/SignatureImpl$Cache.class
[WARNING] org.aspectj.runtime.reflect.SignatureImpl$CacheImpl scanned from multiple locations: jar:file:///C:/Users/abclab-3/.m2/repository/org/aspectj/aspectjrt/1.9.7/aspectjrt-1.9.7.jar!/org/aspectj/runtime/reflect/SignatureImpl$CacheImpl.class, jar:file:///C:/Users/abclab-3/.m2/repository/org/aspectj/aspectjweaver/1.9.7/aspectjweaver-1.9.7.jar!/org/aspectj/runtime/reflect/SignatureImpl$CacheImpl.class
[WARNING] org.aspectj.runtime.reflect.SignatureImpl scanned from multiple locations: jar:file:///C:/Users/abclab-3/.m2/repository/org/aspectj/aspectjrt/1.9.7/aspectjrt-1.9.7.jar!/org/aspectj/runtime/reflect/SignatureImpl.class, jar:file:///C:/Users/abclab-3/.m2/repository/org/aspectj/aspectjweaver/1.9.7/aspectjweaver-1.9.7.jar!/org/aspectj/runtime/reflect/SignatureImpl.class
[WARNING] org.aspectj.runtime.reflect.SourceLocationImpl scanned from multiple locations: jar:file:///C:/Users/abclab-3/.m2/repository/org/aspectj/aspectjrt/1.9.7/aspectjrt-1.9.7.jar!/org/aspectj/runtime/reflect/SourceLocationImpl.class, jar:file:///C:/Users/abclab-3/.m2/repository/org/aspectj/aspectjweaver/1.9.7/aspectjweaver-1.9.7.jar!/org/aspectj/runtime/reflect/SourceLocationImpl.class
[WARNING] org.aspectj.runtime.reflect.StringMaker scanned from multiple locations: jar:file:///C:/Users/abclab-3/.m2/repository/org/aspectj/aspectjrt/1.9.7/aspectjrt-1.9.7.jar!/org/aspectj/runtime/reflect/StringMaker.class, jar:file:///C:/Users/abclab-3/.m2/repository/org/aspectj/aspectjweaver/1.9.7/aspectjweaver-1.9.7.jar!/org/aspectj/runtime/reflect/StringMaker.class
[WARNING] org.aspectj.runtime.reflect.UnlockSignatureImpl scanned from multiple locations: jar:file:///C:/Users/abclab-3/.m2/repository/org/aspectj/aspectjrt/1.9.7/aspectjrt-1.9.7.jar!/org/aspectj/runtime/reflect/UnlockSignatureImpl.class, jar:file:///C:/Users/abclab-3/.m2/repository/org/aspectj/aspectjweaver/1.9.7/aspectjweaver-1.9.7.jar!/org/aspectj/runtime/reflect/UnlockSignatureImpl.class
[WARNING] javax.json.EmptyArray scanned from multiple locations: jar:file:///C:/Users/abclab-3/.m2/repository/javax/javaee-api/8.0.1/javaee-api-8.0.1.jar!/javax/json/EmptyArray.class, jar:file:///C:/Users/abclab-3/.m2/repository/jakarta/json/jakarta.json-api/1.1.5/jakarta.json-api-1.1.5.jar!/javax/json/EmptyArray.class
[WARNING] javax.json.EmptyObject scanned from multiple locations: jar:file:///C:/Users/abclab-3/.m2/repository/javax/javaee-api/8.0.1/javaee-api-8.0.1.jar!/javax/json/EmptyObject.class, jar:file:///C:/Users/abclab-3/.m2/repository/jakarta/json/jakarta.json-api/1.1.5/jakarta.json-api-1.1.5.jar!/javax/json/EmptyObject.class
[WARNING] javax.json.Json scanned from multiple locations: jar:file:///C:/Users/abclab-3/.m2/repository/javax/javaee-api/8.0.1/javaee-api-8.0.1.jar!/javax/json/Json.class, jar:file:///C:/Users/abclab-3/.m2/repository/jakarta/json/jakarta.json-api/1.1.5/jakarta.json-api-1.1.5.jar!/javax/json/Json.class
[WARNING] javax.json.JsonArray scanned from multiple locations: jar:file:///C:/Users/abclab-3/.m2/repository/javax/javaee-api/8.0.1/javaee-api-8.0.1.jar!/javax/json/JsonArray.class, jar:file:///C:/Users/abclab-3/.m2/repository/jakarta/json/jakarta.json-api/1.1.5/jakarta.json-api-1.1.5.jar!/javax/json/JsonArray.class
[WARNING] javax.json.JsonArrayBuilder scanned from multiple locations: jar:file:///C:/Users/abclab-3/.m2/repository/javax/javaee-api/8.0.1/javaee-api-8.0.1.jar!/javax/json/JsonArrayBuilder.class, jar:file:///C:/Users/abclab-3/.m2/repository/jakarta/json/jakarta.json-api/1.1.5/jakarta.json-api-1.1.5.jar!/javax/json/JsonArrayBuilder.class
[WARNING] javax.json.JsonBuilderFactory scanned from multiple locations: jar:file:///C:/Users/abclab-3/.m2/repository/javax/javaee-api/8.0.1/javaee-api-8.0.1.jar!/javax/json/JsonBuilderFactory.class, jar:file:///C:/Users/abclab-3/.m2/repository/jakarta/json/jakarta.json-api/1.1.5/jakarta.json-api-1.1.5.jar!/javax/json/JsonBuilderFactory.class
[WARNING] javax.json.JsonException scanned from multiple locations: jar:file:///C:/Users/abclab-3/.m2/repository/javax/javaee-api/8.0.1/javaee-api-8.0.1.jar!/javax/json/JsonException.class, jar:file:///C:/Users/abclab-3/.m2/repository/jakarta/json/jakarta.json-api/1.1.5/jakarta.json-api-1.1.5.jar!/javax/json/JsonException.class
[WARNING] org.apache.taglibs.standard.tag.rt.core.ForEachTag scanned from multiple locations: jar:file:///C:/Users/abclab-3/.m2/repository/org/apache/taglibs/taglibs-standard-impl/1.2.5/taglibs-standard-impl-1.2.5.jar!/org/apache/taglibs/standard/tag/rt/core/ForEachTag.class, jar:file:///C:/Users/abclab-3/.m2/repository/javax/servlet/jstl/1.2/jstl-1.2.jar!/org/apache/taglibs/standard/tag/rt/core/ForEachTag.class
[WARNING] org.apache.taglibs.standard.tag.rt.core.ForTokensTag scanned from multiple locations: jar:file:///C:/Users/abclab-3/.m2/repository/org/apache/taglibs/taglibs-standard-impl/1.2.5/taglibs-standard-impl-1.2.5.jar!/org/apache/taglibs/standard/tag/rt/core/ForTokensTag.class, jar:file:///C:/Users/abclab-3/.m2/repository/javax/servlet/jstl/1.2/jstl-1.2.jar!/org/apache/taglibs/standard/tag/rt/core/ForTokensTag.class
[WARNING] org.apache.taglibs.standard.tag.rt.core.IfTag scanned from multiple locations: jar:file:///C:/Users/abclab-3/.m2/repository/org/apache/taglibs/taglibs-standard-impl/1.2.5/taglibs-standard-impl-1.2.5.jar!/org/apache/taglibs/standard/tag/rt/core/IfTag.class, jar:file:///C:/Users/abclab-3/.m2/repository/javax/servlet/jstl/1.2/jstl-1.2.jar!/org/apache/taglibs/standard/tag/rt/core/IfTag.class
[WARNING] org.apache.taglibs.standard.tag.rt.core.ImportTag scanned from multiple locations: jar:file:///C:/Users/abclab-3/.m2/repository/org/apache/taglibs/taglibs-standard-impl/1.2.5/taglibs-standard-impl-1.2.5.jar!/org/apache/taglibs/standard/tag/rt/core/ImportTag.class, jar:file:///C:/Users/abclab-3/.m2/repository/javax/servlet/jstl/1.2/jstl-1.2.jar!/org/apache/taglibs/standard/tag/rt/core/ImportTag.class
[WARNING] org.apache.taglibs.standard.tag.rt.core.OutTag scanned from multiple locations: jar:file:///C:/Users/abclab-3/.m2/repository/org/apache/taglibs/taglibs-standard-impl/1.2.5/taglibs-standard-impl-1.2.5.jar!/org/apache/taglibs/standard/tag/rt/core/OutTag.class, jar:file:///C:/Users/abclab-3/.m2/repository/javax/servlet/jstl/1.2/jstl-1.2.jar!/org/apache/taglibs/standard/tag/rt/core/OutTag.class
[WARNING] org.apache.taglibs.standard.tag.rt.core.ParamTag scanned from multiple locations: jar:file:///C:/Users/abclab-3/.m2/repository/org/apache/taglibs/taglibs-standard-impl/1.2.5/taglibs-standard-impl-1.2.5.jar!/org/apache/taglibs/standard/tag/rt/core/ParamTag.class, jar:file:///C:/Users/abclab-3/.m2/repository/javax/servlet/jstl/1.2/jstl-1.2.jar!/org/apache/taglibs/standard/tag/rt/core/ParamTag.class
[WARNING] org.apache.taglibs.standard.tag.rt.core.RedirectTag scanned from multiple locations: jar:file:///C:/Users/abclab-3/.m2/repository/org/apache/taglibs/taglibs-standard-impl/1.2.5/taglibs-standard-impl-1.2.5.jar!/org/apache/taglibs/standard/tag/rt/core/RedirectTag.class, jar:file:///C:/Users/abclab-3/.m2/repository/javax/servlet/jstl/1.2/jstl-1.2.jar!/org/apache/taglibs/standard/tag/rt/core/RedirectTag.class
[WARNING] org.apache.taglibs.standard.tag.rt.core.SetTag scanned from multiple locations: jar:file:///C:/Users/abclab-3/.m2/repository/org/apache/taglibs/taglibs-standard-impl/1.2.5/taglibs-standard-impl-1.2.5.jar!/org/apache/taglibs/standard/tag/rt/core/SetTag.class, jar:file:///C:/Users/abclab-3/.m2/repository/javax/servlet/jstl/1.2/jstl-1.2.jar!/org/apache/taglibs/standard/tag/rt/core/SetTag.class
[WARNING] javax.json.JsonMergePatch scanned from multiple locations: jar:file:///C:/Users/abclab-3/.m2/repository/javax/javaee-api/8.0.1/javaee-api-8.0.1.jar!/javax/json/JsonMergePatch.class, jar:file:///C:/Users/abclab-3/.m2/repository/jakarta/json/jakarta.json-api/1.1.5/jakarta.json-api-1.1.5.jar!/javax/json/JsonMergePatch.class
[WARNING] javax.json.bind.Jsonb scanned from multiple locations: jar:file:///C:/Users/abclab-3/.m2/repository/javax/javaee-api/8.0.1/javaee-api-8.0.1.jar!/javax/json/bind/Jsonb.class, jar:file:///C:/Users/abclab-3/.m2/repository/jakarta/json/bind/jakarta.json.bind-api/1.0.1/jakarta.json.bind-api-1.0.1.jar!/javax/json/bind/Jsonb.class
[WARNING] javax.json.bind.JsonbBuilder scanned from multiple locations: jar:file:///C:/Users/abclab-3/.m2/repository/javax/javaee-api/8.0.1/javaee-api-8.0.1.jar!/javax/json/bind/JsonbBuilder.class, jar:file:///C:/Users/abclab-3/.m2/repository/jakarta/json/bind/jakarta.json.bind-api/1.0.1/jakarta.json.bind-api-1.0.1.jar!/javax/json/bind/JsonbBuilder.class
[WARNING] javax.json.bind.JsonbConfig scanned from multiple locations: jar:file:///C:/Users/abclab-3/.m2/repository/javax/javaee-api/8.0.1/javaee-api-8.0.1.jar!/javax/json/bind/JsonbConfig.class, jar:file:///C:/Users/abclab-3/.m2/repository/jakarta/json/bind/jakarta.json.bind-api/1.0.1/jakarta.json.bind-api-1.0.1.jar!/javax/json/bind/JsonbConfig.class
[WARNING] javax.json.bind.JsonbException scanned from multiple locations: jar:file:///C:/Users/abclab-3/.m2/repository/javax/javaee-api/8.0.1/javaee-api-8.0.1.jar!/javax/json/bind/JsonbException.class, jar:file:///C:/Users/abclab-3/.m2/repository/jakarta/json/bind/jakarta.json.bind-api/1.0.1/jakarta.json.bind-api-1.0.1.jar!/javax/json/bind/JsonbException.class
[WARNING] javax.json.JsonNumber scanned from multiple locations: jar:file:///C:/Users/abclab-3/.m2/repository/javax/javaee-api/8.0.1/javaee-api-8.0.1.jar!/javax/json/JsonNumber.class, jar:file:///C:/Users/abclab-3/.m2/repository/jakarta/json/jakarta.json-api/1.1.5/jakarta.json-api-1.1.5.jar!/javax/json/JsonNumber.class
[WARNING] org.apache.taglibs.standard.tag.rt.core.UrlTag scanned from multiple locations: jar:file:///C:/Users/abclab-3/.m2/repository/org/apache/taglibs/taglibs-standard-impl/1.2.5/taglibs-standard-impl-1.2.5.jar!/org/apache/taglibs/standard/tag/rt/core/UrlTag.class, jar:file:///C:/Users/abclab-3/.m2/repository/javax/servlet/jstl/1.2/jstl-1.2.jar!/org/apache/taglibs/standard/tag/rt/core/UrlTag.class
[WARNING] org.apache.log4j.net.DefaultEvaluator scanned from multiple locations: jar:file:///C:/Users/abclab-3/.m2/repository/ch/qos/reload4j/reload4j/1.2.19/reload4j-1.2.19.jar!/org/apache/log4j/net/DefaultEvaluator.class, jar:file:///C:/Users/abclab-3/.m2/repository/log4j/log4j/1.2.17/log4j-1.2.17.jar!/org/apache/log4j/net/DefaultEvaluator.class
[WARNING] javax.json.bind.adapter.JsonbAdapter scanned from multiple locations: jar:file:///C:/Users/abclab-3/.m2/repository/javax/javaee-api/8.0.1/javaee-api-8.0.1.jar!/javax/json/bind/adapter/JsonbAdapter.class, jar:file:///C:/Users/abclab-3/.m2/repository/jakarta/json/bind/jakarta.json.bind-api/1.0.1/jakarta.json.bind-api-1.0.1.jar!/javax/json/bind/adapter/JsonbAdapter.class
[WARNING] org.apache.log4j.net.JMSAppender scanned from multiple locations: jar:file:///C:/Users/abclab-3/.m2/repository/ch/qos/reload4j/reload4j/1.2.19/reload4j-1.2.19.jar!/org/apache/log4j/net/JMSAppender.class, jar:file:///C:/Users/abclab-3/.m2/repository/log4j/log4j/1.2.17/log4j-1.2.17.jar!/org/apache/log4j/net/JMSAppender.class
[WARNING] javax.json.JsonObject scanned from multiple locations: jar:file:///C:/Users/abclab-3/.m2/repository/javax/javaee-api/8.0.1/javaee-api-8.0.1.jar!/javax/json/JsonObject.class, jar:file:///C:/Users/abclab-3/.m2/repository/jakarta/json/jakarta.json-api/1.1.5/jakarta.json-api-1.1.5.jar!/javax/json/JsonObject.class
[WARNING] javax.json.bind.annotation.JsonbAnnotation scanned from multiple locations: jar:file:///C:/Users/abclab-3/.m2/repository/javax/javaee-api/8.0.1/javaee-api-8.0.1.jar!/javax/json/bind/annotation/JsonbAnnotation.class, jar:file:///C:/Users/abclab-3/.m2/repository/jakarta/json/bind/jakarta.json.bind-api/1.0.1/jakarta.json.bind-api-1.0.1.jar!/javax/json/bind/annotation/JsonbAnnotation.class
[WARNING] org.apache.log4j.net.JMSSink scanned from multiple locations: jar:file:///C:/Users/abclab-3/.m2/repository/ch/qos/reload4j/reload4j/1.2.19/reload4j-1.2.19.jar!/org/apache/log4j/net/JMSSink.class, jar:file:///C:/Users/abclab-3/.m2/repository/log4j/log4j/1.2.17/log4j-1.2.17.jar!/org/apache/log4j/net/JMSSink.class
[WARNING] javax.json.JsonObjectBuilder scanned from multiple locations: jar:file:///C:/Users/abclab-3/.m2/repository/javax/javaee-api/8.0.1/javaee-api-8.0.1.jar!/javax/json/JsonObjectBuilder.class, jar:file:///C:/Users/abclab-3/.m2/repository/jakarta/json/jakarta.json-api/1.1.5/jakarta.json-api-1.1.5.jar!/javax/json/JsonObjectBuilder.class
[WARNING] org.apache.taglibs.standard.tag.rt.core.WhenTag scanned from multiple locations: jar:file:///C:/Users/abclab-3/.m2/repository/org/apache/taglibs/taglibs-standard-impl/1.2.5/taglibs-standard-impl-1.2.5.jar!/org/apache/taglibs/standard/tag/rt/core/WhenTag.class, jar:file:///C:/Users/abclab-3/.m2/repository/javax/servlet/jstl/1.2/jstl-1.2.jar!/org/apache/taglibs/standard/tag/rt/core/WhenTag.class
[WARNING] javax.json.JsonPatch$Operation scanned from multiple locations: jar:file:///C:/Users/abclab-3/.m2/repository/javax/javaee-api/8.0.1/javaee-api-8.0.1.jar!/javax/json/JsonPatch$Operation.class, jar:file:///C:/Users/abclab-3/.m2/repository/jakarta/json/jakarta.json-api/1.1.5/jakarta.json-api-1.1.5.jar!/javax/json/JsonPatch$Operation.class
[WARNING] org.apache.log4j.net.SMTPAppender$1 scanned from multiple locations: jar:file:///C:/Users/abclab-3/.m2/repository/ch/qos/reload4j/reload4j/1.2.19/reload4j-1.2.19.jar!/org/apache/log4j/net/SMTPAppender$1.class, jar:file:///C:/Users/abclab-3/.m2/repository/log4j/log4j/1.2.17/log4j-1.2.17.jar!/org/apache/log4j/net/SMTPAppender$1.class
[WARNING] javax.json.bind.annotation.JsonbCreator scanned from multiple locations: jar:file:///C:/Users/abclab-3/.m2/repository/javax/javaee-api/8.0.1/javaee-api-8.0.1.jar!/javax/json/bind/annotation/JsonbCreator.class, jar:file:///C:/Users/abclab-3/.m2/repository/jakarta/json/bind/jakarta.json.bind-api/1.0.1/jakarta.json.bind-api-1.0.1.jar!/javax/json/bind/annotation/JsonbCreator.class
[WARNING] javax.json.JsonPatch scanned from multiple locations: jar:file:///C:/Users/abclab-3/.m2/repository/javax/javaee-api/8.0.1/javaee-api-8.0.1.jar!/javax/json/JsonPatch.class, jar:file:///C:/Users/abclab-3/.m2/repository/jakarta/json/jakarta.json-api/1.1.5/jakarta.json-api-1.1.5.jar!/javax/json/JsonPatch.class
[WARNING] org.apache.log4j.net.SMTPAppender scanned from multiple locations: jar:file:///C:/Users/abclab-3/.m2/repository/ch/qos/reload4j/reload4j/1.2.19/reload4j-1.2.19.jar!/org/apache/log4j/net/SMTPAppender.class, jar:file:///C:/Users/abclab-3/.m2/repository/log4j/log4j/1.2.17/log4j-1.2.17.jar!/org/apache/log4j/net/SMTPAppender.class
[WARNING] org.apache.log4j.net.SimpleSocketServer scanned from multiple locations: jar:file:///C:/Users/abclab-3/.m2/repository/ch/qos/reload4j/reload4j/1.2.19/reload4j-1.2.19.jar!/org/apache/log4j/net/SimpleSocketServer.class, jar:file:///C:/Users/abclab-3/.m2/repository/log4j/log4j/1.2.17/log4j-1.2.17.jar!/org/apache/log4j/net/SimpleSocketServer.class
[WARNING] org.apache.log4j.net.SocketAppender$Connector scanned from multiple locations: jar:file:///C:/Users/abclab-3/.m2/repository/ch/qos/reload4j/reload4j/1.2.19/reload4j-1.2.19.jar!/org/apache/log4j/net/SocketAppender$Connector.class, jar:file:///C:/Users/abclab-3/.m2/repository/log4j/log4j/1.2.17/log4j-1.2.17.jar!/org/apache/log4j/net/SocketAppender$Connector.class
[WARNING] org.apache.log4j.net.SocketAppender scanned from multiple locations: jar:file:///C:/Users/abclab-3/.m2/repository/ch/qos/reload4j/reload4j/1.2.19/reload4j-1.2.19.jar!/org/apache/log4j/net/SocketAppender.class, jar:file:///C:/Users/abclab-3/.m2/repository/log4j/log4j/1.2.17/log4j-1.2.17.jar!/org/apache/log4j/net/SocketAppender.class
[WARNING] org.apache.taglibs.standard.tag.rt.fmt.BundleTag scanned from multiple locations: jar:file:///C:/Users/abclab-3/.m2/repository/org/apache/taglibs/taglibs-standard-impl/1.2.5/taglibs-standard-impl-1.2.5.jar!/org/apache/taglibs/standard/tag/rt/fmt/BundleTag.class, jar:file:///C:/Users/abclab-3/.m2/repository/javax/servlet/jstl/1.2/jstl-1.2.jar!/org/apache/taglibs/standard/tag/rt/fmt/BundleTag.class
[WARNING] org.apache.log4j.net.SocketHubAppender$ServerMonitor scanned from multiple locations: jar:file:///C:/Users/abclab-3/.m2/repository/ch/qos/reload4j/reload4j/1.2.19/reload4j-1.2.19.jar!/org/apache/log4j/net/SocketHubAppender$ServerMonitor.class, jar:file:///C:/Users/abclab-3/.m2/repository/log4j/log4j/1.2.17/log4j-1.2.17.jar!/org/apache/log4j/net/SocketHubAppender$ServerMonitor.class
[WARNING] javax.json.JsonPatchBuilder scanned from multiple locations: jar:file:///C:/Users/abclab-3/.m2/repository/javax/javaee-api/8.0.1/javaee-api-8.0.1.jar!/javax/json/JsonPatchBuilder.class, jar:file:///C:/Users/abclab-3/.m2/repository/jakarta/json/jakarta.json-api/1.1.5/jakarta.json-api-1.1.5.jar!/javax/json/JsonPatchBuilder.class
[WARNING] javax.json.bind.annotation.JsonbDateFormat scanned from multiple locations: jar:file:///C:/Users/abclab-3/.m2/repository/javax/javaee-api/8.0.1/javaee-api-8.0.1.jar!/javax/json/bind/annotation/JsonbDateFormat.class, jar:file:///C:/Users/abclab-3/.m2/repository/jakarta/json/bind/jakarta.json.bind-api/1.0.1/jakarta.json.bind-api-1.0.1.jar!/javax/json/bind/annotation/JsonbDateFormat.class
[WARNING] org.apache.log4j.net.SocketHubAppender scanned from multiple locations: jar:file:///C:/Users/abclab-3/.m2/repository/ch/qos/reload4j/reload4j/1.2.19/reload4j-1.2.19.jar!/org/apache/log4j/net/SocketHubAppender.class, jar:file:///C:/Users/abclab-3/.m2/repository/log4j/log4j/1.2.17/log4j-1.2.17.jar!/org/apache/log4j/net/SocketHubAppender.class
[WARNING] org.apache.taglibs.standard.tag.rt.fmt.FormatDateTag scanned from multiple locations: jar:file:///C:/Users/abclab-3/.m2/repository/org/apache/taglibs/taglibs-standard-impl/1.2.5/taglibs-standard-impl-1.2.5.jar!/org/apache/taglibs/standard/tag/rt/fmt/FormatDateTag.class, jar:file:///C:/Users/abclab-3/.m2/repository/javax/servlet/jstl/1.2/jstl-1.2.jar!/org/apache/taglibs/standard/tag/rt/fmt/FormatDateTag.class
[WARNING] javax.json.bind.annotation.JsonbNillable scanned from multiple locations: jar:file:///C:/Users/abclab-3/.m2/repository/javax/javaee-api/8.0.1/javaee-api-8.0.1.jar!/javax/json/bind/annotation/JsonbNillable.class, jar:file:///C:/Users/abclab-3/.m2/repository/jakarta/json/bind/jakarta.json.bind-api/1.0.1/jakarta.json.bind-api-1.0.1.jar!/javax/json/bind/annotation/JsonbNillable.class
[WARNING] javax.json.JsonPointer scanned from multiple locations: jar:file:///C:/Users/abclab-3/.m2/repository/javax/javaee-api/8.0.1/javaee-api-8.0.1.jar!/javax/json/JsonPointer.class, jar:file:///C:/Users/abclab-3/.m2/repository/jakarta/json/jakarta.json-api/1.1.5/jakarta.json-api-1.1.5.jar!/javax/json/JsonPointer.class
[WARNING] javax.json.bind.annotation.JsonbNumberFormat scanned from multiple locations: jar:file:///C:/Users/abclab-3/.m2/repository/javax/javaee-api/8.0.1/javaee-api-8.0.1.jar!/javax/json/bind/annotation/JsonbNumberFormat.class, jar:file:///C:/Users/abclab-3/.m2/repository/jakarta/json/bind/jakarta.json.bind-api/1.0.1/jakarta.json.bind-api-1.0.1.jar!/javax/json/bind/annotation/JsonbNumberFormat.class
[WARNING] org.apache.taglibs.standard.tag.rt.fmt.FormatNumberTag scanned from multiple locations: jar:file:///C:/Users/abclab-3/.m2/repository/org/apache/taglibs/taglibs-standard-impl/1.2.5/taglibs-standard-impl-1.2.5.jar!/org/apache/taglibs/standard/tag/rt/fmt/FormatNumberTag.class, jar:file:///C:/Users/abclab-3/.m2/repository/javax/servlet/jstl/1.2/jstl-1.2.jar!/org/apache/taglibs/standard/tag/rt/fmt/FormatNumberTag.class
[WARNING] org.apache.log4j.net.SocketNode scanned from multiple locations: jar:file:///C:/Users/abclab-3/.m2/repository/ch/qos/reload4j/reload4j/1.2.19/reload4j-1.2.19.jar!/org/apache/log4j/net/SocketNode.class, jar:file:///C:/Users/abclab-3/.m2/repository/log4j/log4j/1.2.17/log4j-1.2.17.jar!/org/apache/log4j/net/SocketNode.class
[WARNING] org.apache.taglibs.standard.tag.rt.fmt.MessageTag scanned from multiple locations: jar:file:///C:/Users/abclab-3/.m2/repository/org/apache/taglibs/taglibs-standard-impl/1.2.5/taglibs-standard-impl-1.2.5.jar!/org/apache/taglibs/standard/tag/rt/fmt/MessageTag.class, jar:file:///C:/Users/abclab-3/.m2/repository/javax/servlet/jstl/1.2/jstl-1.2.jar!/org/apache/taglibs/standard/tag/rt/fmt/MessageTag.class
[WARNING] javax.json.bind.annotation.JsonbProperty scanned from multiple locations: jar:file:///C:/Users/abclab-3/.m2/repository/javax/javaee-api/8.0.1/javaee-api-8.0.1.jar!/javax/json/bind/annotation/JsonbProperty.class, jar:file:///C:/Users/abclab-3/.m2/repository/jakarta/json/bind/jakarta.json.bind-api/1.0.1/jakarta.json.bind-api-1.0.1.jar!/javax/json/bind/annotation/JsonbProperty.class
[WARNING] javax.json.JsonReader scanned from multiple locations: jar:file:///C:/Users/abclab-3/.m2/repository/javax/javaee-api/8.0.1/javaee-api-8.0.1.jar!/javax/json/JsonReader.class, jar:file:///C:/Users/abclab-3/.m2/repository/jakarta/json/jakarta.json-api/1.1.5/jakarta.json-api-1.1.5.jar!/javax/json/JsonReader.class
[WARNING] org.apache.taglibs.standard.tag.rt.fmt.ParamTag scanned from multiple locations: jar:file:///C:/Users/abclab-3/.m2/repository/org/apache/taglibs/taglibs-standard-impl/1.2.5/taglibs-standard-impl-1.2.5.jar!/org/apache/taglibs/standard/tag/rt/fmt/ParamTag.class, jar:file:///C:/Users/abclab-3/.m2/repository/javax/servlet/jstl/1.2/jstl-1.2.jar!/org/apache/taglibs/standard/tag/rt/fmt/ParamTag.class
[WARNING] org.apache.log4j.net.SocketServer scanned from multiple locations: jar:file:///C:/Users/abclab-3/.m2/repository/ch/qos/reload4j/reload4j/1.2.19/reload4j-1.2.19.jar!/org/apache/log4j/net/SocketServer.class, jar:file:///C:/Users/abclab-3/.m2/repository/log4j/log4j/1.2.17/log4j-1.2.17.jar!/org/apache/log4j/net/SocketServer.class
[WARNING] javax.json.JsonReaderFactory scanned from multiple locations: jar:file:///C:/Users/abclab-3/.m2/repository/javax/javaee-api/8.0.1/javaee-api-8.0.1.jar!/javax/json/JsonReaderFactory.class, jar:file:///C:/Users/abclab-3/.m2/repository/jakarta/json/jakarta.json-api/1.1.5/jakarta.json-api-1.1.5.jar!/javax/json/JsonReaderFactory.class
[WARNING] javax.json.bind.annotation.JsonbPropertyOrder scanned from multiple locations: jar:file:///C:/Users/abclab-3/.m2/repository/javax/javaee-api/8.0.1/javaee-api-8.0.1.jar!/javax/json/bind/annotation/JsonbPropertyOrder.class, jar:file:///C:/Users/abclab-3/.m2/repository/jakarta/json/bind/jakarta.json.bind-api/1.0.1/jakarta.json.bind-api-1.0.1.jar!/javax/json/bind/annotation/JsonbPropertyOrder.class
[WARNING] org.apache.log4j.net.SyslogAppender scanned from multiple locations: jar:file:///C:/Users/abclab-3/.m2/repository/ch/qos/reload4j/reload4j/1.2.19/reload4j-1.2.19.jar!/org/apache/log4j/net/SyslogAppender.class, jar:file:///C:/Users/abclab-3/.m2/repository/log4j/log4j/1.2.17/log4j-1.2.17.jar!/org/apache/log4j/net/SyslogAppender.class
[WARNING] javax.json.bind.annotation.JsonbTransient scanned from multiple locations: jar:file:///C:/Users/abclab-3/.m2/repository/javax/javaee-api/8.0.1/javaee-api-8.0.1.jar!/javax/json/bind/annotation/JsonbTransient.class, jar:file:///C:/Users/abclab-3/.m2/repository/jakarta/json/bind/jakarta.json.bind-api/1.0.1/jakarta.json.bind-api-1.0.1.jar!/javax/json/bind/annotation/JsonbTransient.class
[WARNING] javax.json.bind.annotation.JsonbTypeAdapter scanned from multiple locations: jar:file:///C:/Users/abclab-3/.m2/repository/javax/javaee-api/8.0.1/javaee-api-8.0.1.jar!/javax/json/bind/annotation/JsonbTypeAdapter.class, jar:file:///C:/Users/abclab-3/.m2/repository/jakarta/json/bind/jakarta.json.bind-api/1.0.1/jakarta.json.bind-api-1.0.1.jar!/javax/json/bind/annotation/JsonbTypeAdapter.class
[WARNING] javax.json.JsonString scanned from multiple locations: jar:file:///C:/Users/abclab-3/.m2/repository/javax/javaee-api/8.0.1/javaee-api-8.0.1.jar!/javax/json/JsonString.class, jar:file:///C:/Users/abclab-3/.m2/repository/jakarta/json/jakarta.json-api/1.1.5/jakarta.json-api-1.1.5.jar!/javax/json/JsonString.class
[WARNING] javax.json.bind.annotation.JsonbTypeDeserializer scanned from multiple locations: jar:file:///C:/Users/abclab-3/.m2/repository/javax/javaee-api/8.0.1/javaee-api-8.0.1.jar!/javax/json/bind/annotation/JsonbTypeDeserializer.class, jar:file:///C:/Users/abclab-3/.m2/repository/jakarta/json/bind/jakarta.json.bind-api/1.0.1/jakarta.json.bind-api-1.0.1.jar!/javax/json/bind/annotation/JsonbTypeDeserializer.class
[WARNING] javax.json.JsonStructure scanned from multiple locations: jar:file:///C:/Users/abclab-3/.m2/repository/javax/javaee-api/8.0.1/javaee-api-8.0.1.jar!/javax/json/JsonStructure.class, jar:file:///C:/Users/abclab-3/.m2/repository/jakarta/json/jakarta.json-api/1.1.5/jakarta.json-api-1.1.5.jar!/javax/json/JsonStructure.class
[WARNING] javax.json.bind.annotation.JsonbTypeSerializer scanned from multiple locations: jar:file:///C:/Users/abclab-3/.m2/repository/javax/javaee-api/8.0.1/javaee-api-8.0.1.jar!/javax/json/bind/annotation/JsonbTypeSerializer.class, jar:file:///C:/Users/abclab-3/.m2/repository/jakarta/json/bind/jakarta.json.bind-api/1.0.1/jakarta.json.bind-api-1.0.1.jar!/javax/json/bind/annotation/JsonbTypeSerializer.class
[WARNING] org.apache.log4j.net.TelnetAppender$SocketHandler scanned from multiple locations: jar:file:///C:/Users/abclab-3/.m2/repository/ch/qos/reload4j/reload4j/1.2.19/reload4j-1.2.19.jar!/org/apache/log4j/net/TelnetAppender$SocketHandler.class, jar:file:///C:/Users/abclab-3/.m2/repository/log4j/log4j/1.2.17/log4j-1.2.17.jar!/org/apache/log4j/net/TelnetAppender$SocketHandler.class
[WARNING] javax.json.bind.annotation.JsonbVisibility scanned from multiple locations: jar:file:///C:/Users/abclab-3/.m2/repository/javax/javaee-api/8.0.1/javaee-api-8.0.1.jar!/javax/json/bind/annotation/JsonbVisibility.class, jar:file:///C:/Users/abclab-3/.m2/repository/jakarta/json/bind/jakarta.json.bind-api/1.0.1/jakarta.json.bind-api-1.0.1.jar!/javax/json/bind/annotation/JsonbVisibility.class
[WARNING] javax.json.bind.config.BinaryDataStrategy scanned from multiple locations: jar:file:///C:/Users/abclab-3/.m2/repository/javax/javaee-api/8.0.1/javaee-api-8.0.1.jar!/javax/json/bind/config/BinaryDataStrategy.class, jar:file:///C:/Users/abclab-3/.m2/repository/jakarta/json/bind/jakarta.json.bind-api/1.0.1/jakarta.json.bind-api-1.0.1.jar!/javax/json/bind/config/BinaryDataStrategy.class
[WARNING] javax.json.bind.config.PropertyNamingStrategy scanned from multiple locations: jar:file:///C:/Users/abclab-3/.m2/repository/javax/javaee-api/8.0.1/javaee-api-8.0.1.jar!/javax/json/bind/config/PropertyNamingStrategy.class, jar:file:///C:/Users/abclab-3/.m2/repository/jakarta/json/bind/jakarta.json.bind-api/1.0.1/jakarta.json.bind-api-1.0.1.jar!/javax/json/bind/config/PropertyNamingStrategy.class
[WARNING] javax.json.bind.config.PropertyOrderStrategy scanned from multiple locations: jar:file:///C:/Users/abclab-3/.m2/repository/javax/javaee-api/8.0.1/javaee-api-8.0.1.jar!/javax/json/bind/config/PropertyOrderStrategy.class, jar:file:///C:/Users/abclab-3/.m2/repository/jakarta/json/bind/jakarta.json.bind-api/1.0.1/jakarta.json.bind-api-1.0.1.jar!/javax/json/bind/config/PropertyOrderStrategy.class
[WARNING] javax.json.JsonValue$ValueType scanned from multiple locations: jar:file:///C:/Users/abclab-3/.m2/repository/javax/javaee-api/8.0.1/javaee-api-8.0.1.jar!/javax/json/JsonValue$ValueType.class, jar:file:///C:/Users/abclab-3/.m2/repository/jakarta/json/jakarta.json-api/1.1.5/jakarta.json-api-1.1.5.jar!/javax/json/JsonValue$ValueType.class
[WARNING] javax.json.bind.config.PropertyVisibilityStrategy scanned from multiple locations: jar:file:///C:/Users/abclab-3/.m2/repository/javax/javaee-api/8.0.1/javaee-api-8.0.1.jar!/javax/json/bind/config/PropertyVisibilityStrategy.class, jar:file:///C:/Users/abclab-3/.m2/repository/jakarta/json/bind/jakarta.json.bind-api/1.0.1/jakarta.json.bind-api-1.0.1.jar!/javax/json/bind/config/PropertyVisibilityStrategy.class
[WARNING] javax.json.JsonValue scanned from multiple locations: jar:file:///C:/Users/abclab-3/.m2/repository/javax/javaee-api/8.0.1/javaee-api-8.0.1.jar!/javax/json/JsonValue.class, jar:file:///C:/Users/abclab-3/.m2/repository/jakarta/json/jakarta.json-api/1.1.5/jakarta.json-api-1.1.5.jar!/javax/json/JsonValue.class
[WARNING] org.apache.log4j.net.TelnetAppender scanned from multiple locations: jar:file:///C:/Users/abclab-3/.m2/repository/ch/qos/reload4j/reload4j/1.2.19/reload4j-1.2.19.jar!/org/apache/log4j/net/TelnetAppender.class, jar:file:///C:/Users/abclab-3/.m2/repository/log4j/log4j/1.2.17/log4j-1.2.17.jar!/org/apache/log4j/net/TelnetAppender.class
[WARNING] javax.json.bind.serializer.DeserializationContext scanned from multiple locations: jar:file:///C:/Users/abclab-3/.m2/repository/javax/javaee-api/8.0.1/javaee-api-8.0.1.jar!/javax/json/bind/serializer/DeserializationContext.class, jar:file:///C:/Users/abclab-3/.m2/repository/jakarta/json/bind/jakarta.json.bind-api/1.0.1/jakarta.json.bind-api-1.0.1.jar!/javax/json/bind/serializer/DeserializationContext.class
[WARNING] javax.json.bind.serializer.JsonbDeserializer scanned from multiple locations: jar:file:///C:/Users/abclab-3/.m2/repository/javax/javaee-api/8.0.1/javaee-api-8.0.1.jar!/javax/json/bind/serializer/JsonbDeserializer.class, jar:file:///C:/Users/abclab-3/.m2/repository/jakarta/json/bind/jakarta.json.bind-api/1.0.1/jakarta.json.bind-api-1.0.1.jar!/javax/json/bind/serializer/JsonbDeserializer.class
[WARNING] javax.json.bind.serializer.JsonbSerializer scanned from multiple locations: jar:file:///C:/Users/abclab-3/.m2/repository/javax/javaee-api/8.0.1/javaee-api-8.0.1.jar!/javax/json/bind/serializer/JsonbSerializer.class, jar:file:///C:/Users/abclab-3/.m2/repository/jakarta/json/bind/jakarta.json.bind-api/1.0.1/jakarta.json.bind-api-1.0.1.jar!/javax/json/bind/serializer/JsonbSerializer.class
[WARNING] javax.json.JsonValueImpl scanned from multiple locations: jar:file:///C:/Users/abclab-3/.m2/repository/javax/javaee-api/8.0.1/javaee-api-8.0.1.jar!/javax/json/JsonValueImpl.class, jar:file:///C:/Users/abclab-3/.m2/repository/jakarta/json/jakarta.json-api/1.1.5/jakarta.json-api-1.1.5.jar!/javax/json/JsonValueImpl.class
[WARNING] org.apache.taglibs.standard.tag.rt.fmt.ParseDateTag scanned from multiple locations: jar:file:///C:/Users/abclab-3/.m2/repository/org/apache/taglibs/taglibs-standard-impl/1.2.5/taglibs-standard-impl-1.2.5.jar!/org/apache/taglibs/standard/tag/rt/fmt/ParseDateTag.class, jar:file:///C:/Users/abclab-3/.m2/repository/javax/servlet/jstl/1.2/jstl-1.2.jar!/org/apache/taglibs/standard/tag/rt/fmt/ParseDateTag.class
[WARNING] org.apache.log4j.net.ZeroConfSupport scanned from multiple locations: jar:file:///C:/Users/abclab-3/.m2/repository/ch/qos/reload4j/reload4j/1.2.19/reload4j-1.2.19.jar!/org/apache/log4j/net/ZeroConfSupport.class, jar:file:///C:/Users/abclab-3/.m2/repository/log4j/log4j/1.2.17/log4j-1.2.17.jar!/org/apache/log4j/net/ZeroConfSupport.class
[WARNING] org.apache.taglibs.standard.tag.rt.fmt.ParseNumberTag scanned from multiple locations: jar:file:///C:/Users/abclab-3/.m2/repository/org/apache/taglibs/taglibs-standard-impl/1.2.5/taglibs-standard-impl-1.2.5.jar!/org/apache/taglibs/standard/tag/rt/fmt/ParseNumberTag.class, jar:file:///C:/Users/abclab-3/.m2/repository/javax/servlet/jstl/1.2/jstl-1.2.jar!/org/apache/taglibs/standard/tag/rt/fmt/ParseNumberTag.class
[WARNING] org.apache.taglibs.standard.tag.rt.fmt.RequestEncodingTag scanned from multiple locations: jar:file:///C:/Users/abclab-3/.m2/repository/org/apache/taglibs/taglibs-standard-impl/1.2.5/taglibs-standard-impl-1.2.5.jar!/org/apache/taglibs/standard/tag/rt/fmt/RequestEncodingTag.class, jar:file:///C:/Users/abclab-3/.m2/repository/javax/servlet/jstl/1.2/jstl-1.2.jar!/org/apache/taglibs/standard/tag/rt/fmt/RequestEncodingTag.class
[WARNING] org.apache.log4j.or.DefaultRenderer scanned from multiple locations: jar:file:///C:/Users/abclab-3/.m2/repository/ch/qos/reload4j/reload4j/1.2.19/reload4j-1.2.19.jar!/org/apache/log4j/or/DefaultRenderer.class, jar:file:///C:/Users/abclab-3/.m2/repository/log4j/log4j/1.2.17/log4j-1.2.17.jar!/org/apache/log4j/or/DefaultRenderer.class
[WARNING] org.apache.taglibs.standard.tag.rt.fmt.SetBundleTag scanned from multiple locations: jar:file:///C:/Users/abclab-3/.m2/repository/org/apache/taglibs/taglibs-standard-impl/1.2.5/taglibs-standard-impl-1.2.5.jar!/org/apache/taglibs/standard/tag/rt/fmt/SetBundleTag.class, jar:file:///C:/Users/abclab-3/.m2/repository/javax/servlet/jstl/1.2/jstl-1.2.jar!/org/apache/taglibs/standard/tag/rt/fmt/SetBundleTag.class
[WARNING] org.apache.log4j.or.ObjectRenderer scanned from multiple locations: jar:file:///C:/Users/abclab-3/.m2/repository/ch/qos/reload4j/reload4j/1.2.19/reload4j-1.2.19.jar!/org/apache/log4j/or/ObjectRenderer.class, jar:file:///C:/Users/abclab-3/.m2/repository/log4j/log4j/1.2.17/log4j-1.2.17.jar!/org/apache/log4j/or/ObjectRenderer.class
[WARNING] javax.json.JsonWriter scanned from multiple locations: jar:file:///C:/Users/abclab-3/.m2/repository/javax/javaee-api/8.0.1/javaee-api-8.0.1.jar!/javax/json/JsonWriter.class, jar:file:///C:/Users/abclab-3/.m2/repository/jakarta/json/jakarta.json-api/1.1.5/jakarta.json-api-1.1.5.jar!/javax/json/JsonWriter.class
[WARNING] javax.json.bind.serializer.SerializationContext scanned from multiple locations: jar:file:///C:/Users/abclab-3/.m2/repository/javax/javaee-api/8.0.1/javaee-api-8.0.1.jar!/javax/json/bind/serializer/SerializationContext.class, jar:file:///C:/Users/abclab-3/.m2/repository/jakarta/json/bind/jakarta.json.bind-api/1.0.1/jakarta.json.bind-api-1.0.1.jar!/javax/json/bind/serializer/SerializationContext.class
[WARNING] org.apache.log4j.or.RendererMap scanned from multiple locations: jar:file:///C:/Users/abclab-3/.m2/repository/ch/qos/reload4j/reload4j/1.2.19/reload4j-1.2.19.jar!/org/apache/log4j/or/RendererMap.class, jar:file:///C:/Users/abclab-3/.m2/repository/log4j/log4j/1.2.17/log4j-1.2.17.jar!/org/apache/log4j/or/RendererMap.class
[WARNING] org.apache.log4j.or.ThreadGroupRenderer scanned from multiple locations: jar:file:///C:/Users/abclab-3/.m2/repository/ch/qos/reload4j/reload4j/1.2.19/reload4j-1.2.19.jar!/org/apache/log4j/or/ThreadGroupRenderer.class, jar:file:///C:/Users/abclab-3/.m2/repository/log4j/log4j/1.2.17/log4j-1.2.17.jar!/org/apache/log4j/or/ThreadGroupRenderer.class
[WARNING] org.apache.log4j.or.jms.MessageRenderer scanned from multiple locations: jar:file:///C:/Users/abclab-3/.m2/repository/ch/qos/reload4j/reload4j/1.2.19/reload4j-1.2.19.jar!/org/apache/log4j/or/jms/MessageRenderer.class, jar:file:///C:/Users/abclab-3/.m2/repository/log4j/log4j/1.2.17/log4j-1.2.17.jar!/org/apache/log4j/or/jms/MessageRenderer.class
[WARNING] org.apache.taglibs.standard.tag.rt.fmt.SetLocaleTag scanned from multiple locations: jar:file:///C:/Users/abclab-3/.m2/repository/org/apache/taglibs/taglibs-standard-impl/1.2.5/taglibs-standard-impl-1.2.5.jar!/org/apache/taglibs/standard/tag/rt/fmt/SetLocaleTag.class, jar:file:///C:/Users/abclab-3/.m2/repository/javax/servlet/jstl/1.2/jstl-1.2.jar!/org/apache/taglibs/standard/tag/rt/fmt/SetLocaleTag.class
[WARNING] javax.json.JsonWriterFactory scanned from multiple locations: jar:file:///C:/Users/abclab-3/.m2/repository/javax/javaee-api/8.0.1/javaee-api-8.0.1.jar!/javax/json/JsonWriterFactory.class, jar:file:///C:/Users/abclab-3/.m2/repository/jakarta/json/jakarta.json-api/1.1.5/jakarta.json-api-1.1.5.jar!/javax/json/JsonWriterFactory.class
[WARNING] javax.json.bind.spi.JsonbProvider scanned from multiple locations: jar:file:///C:/Users/abclab-3/.m2/repository/javax/javaee-api/8.0.1/javaee-api-8.0.1.jar!/javax/json/bind/spi/JsonbProvider.class, jar:file:///C:/Users/abclab-3/.m2/repository/jakarta/json/bind/jakarta.json.bind-api/1.0.1/jakarta.json.bind-api-1.0.1.jar!/javax/json/bind/spi/JsonbProvider.class
[WARNING] javax.json.spi.JsonProvider scanned from multiple locations: jar:file:///C:/Users/abclab-3/.m2/repository/javax/javaee-api/8.0.1/javaee-api-8.0.1.jar!/javax/json/spi/JsonProvider.class, jar:file:///C:/Users/abclab-3/.m2/repository/jakarta/json/jakarta.json-api/1.1.5/jakarta.json-api-1.1.5.jar!/javax/json/spi/JsonProvider.class
[WARNING] javax.json.stream.JsonCollectors scanned from multiple locations: jar:file:///C:/Users/abclab-3/.m2/repository/javax/javaee-api/8.0.1/javaee-api-8.0.1.jar!/javax/json/stream/JsonCollectors.class, jar:file:///C:/Users/abclab-3/.m2/repository/jakarta/json/jakarta.json-api/1.1.5/jakarta.json-api-1.1.5.jar!/javax/json/stream/JsonCollectors.class
[WARNING] javax.json.stream.JsonGenerationException scanned from multiple locations: jar:file:///C:/Users/abclab-3/.m2/repository/javax/javaee-api/8.0.1/javaee-api-8.0.1.jar!/javax/json/stream/JsonGenerationException.class, jar:file:///C:/Users/abclab-3/.m2/repository/jakarta/json/jakarta.json-api/1.1.5/jakarta.json-api-1.1.5.jar!/javax/json/stream/JsonGenerationException.class
[WARNING] org.apache.taglibs.standard.tag.rt.fmt.SetTimeZoneTag scanned from multiple locations: jar:file:///C:/Users/abclab-3/.m2/repository/org/apache/taglibs/taglibs-standard-impl/1.2.5/taglibs-standard-impl-1.2.5.jar!/org/apache/taglibs/standard/tag/rt/fmt/SetTimeZoneTag.class, jar:file:///C:/Users/abclab-3/.m2/repository/javax/servlet/jstl/1.2/jstl-1.2.jar!/org/apache/taglibs/standard/tag/rt/fmt/SetTimeZoneTag.class
[WARNING] org.apache.log4j.or.sax.AttributesRenderer scanned from multiple locations: jar:file:///C:/Users/abclab-3/.m2/repository/ch/qos/reload4j/reload4j/1.2.19/reload4j-1.2.19.jar!/org/apache/log4j/or/sax/AttributesRenderer.class, jar:file:///C:/Users/abclab-3/.m2/repository/log4j/log4j/1.2.17/log4j-1.2.17.jar!/org/apache/log4j/or/sax/AttributesRenderer.class
[WARNING] org.apache.log4j.pattern.BridgePatternConverter scanned from multiple locations: jar:file:///C:/Users/abclab-3/.m2/repository/ch/qos/reload4j/reload4j/1.2.19/reload4j-1.2.19.jar!/org/apache/log4j/pattern/BridgePatternConverter.class, jar:file:///C:/Users/abclab-3/.m2/repository/log4j/log4j/1.2.17/log4j-1.2.17.jar!/org/apache/log4j/pattern/BridgePatternConverter.class
[WARNING] org.apache.log4j.pattern.BridgePatternParser scanned from multiple locations: jar:file:///C:/Users/abclab-3/.m2/repository/ch/qos/reload4j/reload4j/1.2.19/reload4j-1.2.19.jar!/org/apache/log4j/pattern/BridgePatternParser.class, jar:file:///C:/Users/abclab-3/.m2/repository/log4j/log4j/1.2.17/log4j-1.2.17.jar!/org/apache/log4j/pattern/BridgePatternParser.class
[WARNING] org.apache.log4j.pattern.CachedDateFormat scanned from multiple locations: jar:file:///C:/Users/abclab-3/.m2/repository/ch/qos/reload4j/reload4j/1.2.19/reload4j-1.2.19.jar!/org/apache/log4j/pattern/CachedDateFormat.class, jar:file:///C:/Users/abclab-3/.m2/repository/log4j/log4j/1.2.17/log4j-1.2.17.jar!/org/apache/log4j/pattern/CachedDateFormat.class
[WARNING] org.apache.log4j.pattern.ClassNamePatternConverter scanned from multiple locations: jar:file:///C:/Users/abclab-3/.m2/repository/ch/qos/reload4j/reload4j/1.2.19/reload4j-1.2.19.jar!/org/apache/log4j/pattern/ClassNamePatternConverter.class, jar:file:///C:/Users/abclab-3/.m2/repository/log4j/log4j/1.2.17/log4j-1.2.17.jar!/org/apache/log4j/pattern/ClassNamePatternConverter.class
[WARNING] org.apache.log4j.pattern.DatePatternConverter$DefaultZoneDateFormat scanned from multiple locations: jar:file:///C:/Users/abclab-3/.m2/repository/ch/qos/reload4j/reload4j/1.2.19/reload4j-1.2.19.jar!/org/apache/log4j/pattern/DatePatternConverter$DefaultZoneDateFormat.class, jar:file:///C:/Users/abclab-3/.m2/repository/log4j/log4j/1.2.17/log4j-1.2.17.jar!/org/apache/log4j/pattern/DatePatternConverter$DefaultZoneDateFormat.class
[WARNING] org.apache.log4j.pattern.DatePatternConverter scanned from multiple locations: jar:file:///C:/Users/abclab-3/.m2/repository/ch/qos/reload4j/reload4j/1.2.19/reload4j-1.2.19.jar!/org/apache/log4j/pattern/DatePatternConverter.class, jar:file:///C:/Users/abclab-3/.m2/repository/log4j/log4j/1.2.17/log4j-1.2.17.jar!/org/apache/log4j/pattern/DatePatternConverter.class
[WARNING] org.apache.log4j.pattern.FileDatePatternConverter scanned from multiple locations: jar:file:///C:/Users/abclab-3/.m2/repository/ch/qos/reload4j/reload4j/1.2.19/reload4j-1.2.19.jar!/org/apache/log4j/pattern/FileDatePatternConverter.class, jar:file:///C:/Users/abclab-3/.m2/repository/log4j/log4j/1.2.17/log4j-1.2.17.jar!/org/apache/log4j/pattern/FileDatePatternConverter.class
[WARNING] org.apache.log4j.pattern.FileLocationPatternConverter scanned from multiple locations: jar:file:///C:/Users/abclab-3/.m2/repository/ch/qos/reload4j/reload4j/1.2.19/reload4j-1.2.19.jar!/org/apache/log4j/pattern/FileLocationPatternConverter.class, jar:file:///C:/Users/abclab-3/.m2/repository/log4j/log4j/1.2.17/log4j-1.2.17.jar!/org/apache/log4j/pattern/FileLocationPatternConverter.class
[WARNING] org.apache.log4j.pattern.FormattingInfo scanned from multiple locations: jar:file:///C:/Users/abclab-3/.m2/repository/ch/qos/reload4j/reload4j/1.2.19/reload4j-1.2.19.jar!/org/apache/log4j/pattern/FormattingInfo.class, jar:file:///C:/Users/abclab-3/.m2/repository/log4j/log4j/1.2.17/log4j-1.2.17.jar!/org/apache/log4j/pattern/FormattingInfo.class
[WARNING] org.apache.log4j.pattern.FullLocationPatternConverter scanned from multiple locations: jar:file:///C:/Users/abclab-3/.m2/repository/ch/qos/reload4j/reload4j/1.2.19/reload4j-1.2.19.jar!/org/apache/log4j/pattern/FullLocationPatternConverter.class, jar:file:///C:/Users/abclab-3/.m2/repository/log4j/log4j/1.2.17/log4j-1.2.17.jar!/org/apache/log4j/pattern/FullLocationPatternConverter.class
[WARNING] org.apache.taglibs.standard.tag.rt.fmt.TimeZoneTag scanned from multiple locations: jar:file:///C:/Users/abclab-3/.m2/repository/org/apache/taglibs/taglibs-standard-impl/1.2.5/taglibs-standard-impl-1.2.5.jar!/org/apache/taglibs/standard/tag/rt/fmt/TimeZoneTag.class, jar:file:///C:/Users/abclab-3/.m2/repository/javax/servlet/jstl/1.2/jstl-1.2.jar!/org/apache/taglibs/standard/tag/rt/fmt/TimeZoneTag.class
[WARNING] org.apache.taglibs.standard.tag.rt.sql.DateParamTag scanned from multiple locations: jar:file:///C:/Users/abclab-3/.m2/repository/org/apache/taglibs/taglibs-standard-impl/1.2.5/taglibs-standard-impl-1.2.5.jar!/org/apache/taglibs/standard/tag/rt/sql/DateParamTag.class, jar:file:///C:/Users/abclab-3/.m2/repository/javax/servlet/jstl/1.2/jstl-1.2.jar!/org/apache/taglibs/standard/tag/rt/sql/DateParamTag.class
[WARNING] org.apache.taglibs.standard.tag.rt.sql.ParamTag scanned from multiple locations: jar:file:///C:/Users/abclab-3/.m2/repository/org/apache/taglibs/taglibs-standard-impl/1.2.5/taglibs-standard-impl-1.2.5.jar!/org/apache/taglibs/standard/tag/rt/sql/ParamTag.class, jar:file:///C:/Users/abclab-3/.m2/repository/javax/servlet/jstl/1.2/jstl-1.2.jar!/org/apache/taglibs/standard/tag/rt/sql/ParamTag.class
[WARNING] javax.json.stream.JsonGenerator scanned from multiple locations: jar:file:///C:/Users/abclab-3/.m2/repository/javax/javaee-api/8.0.1/javaee-api-8.0.1.jar!/javax/json/stream/JsonGenerator.class, jar:file:///C:/Users/abclab-3/.m2/repository/jakarta/json/jakarta.json-api/1.1.5/jakarta.json-api-1.1.5.jar!/javax/json/stream/JsonGenerator.class
[WARNING] javax.json.stream.JsonGeneratorFactory scanned from multiple locations: jar:file:///C:/Users/abclab-3/.m2/repository/javax/javaee-api/8.0.1/javaee-api-8.0.1.jar!/javax/json/stream/JsonGeneratorFactory.class, jar:file:///C:/Users/abclab-3/.m2/repository/jakarta/json/jakarta.json-api/1.1.5/jakarta.json-api-1.1.5.jar!/javax/json/stream/JsonGeneratorFactory.class
[WARNING] javax.json.stream.JsonLocation scanned from multiple locations: jar:file:///C:/Users/abclab-3/.m2/repository/javax/javaee-api/8.0.1/javaee-api-8.0.1.jar!/javax/json/stream/JsonLocation.class, jar:file:///C:/Users/abclab-3/.m2/repository/jakarta/json/jakarta.json-api/1.1.5/jakarta.json-api-1.1.5.jar!/javax/json/stream/JsonLocation.class
[WARNING] javax.json.stream.JsonParser$Event scanned from multiple locations: jar:file:///C:/Users/abclab-3/.m2/repository/javax/javaee-api/8.0.1/javaee-api-8.0.1.jar!/javax/json/stream/JsonParser$Event.class, jar:file:///C:/Users/abclab-3/.m2/repository/jakarta/json/jakarta.json-api/1.1.5/jakarta.json-api-1.1.5.jar!/javax/json/stream/JsonParser$Event.class
[WARNING] org.apache.taglibs.standard.tag.rt.sql.QueryTag scanned from multiple locations: jar:file:///C:/Users/abclab-3/.m2/repository/org/apache/taglibs/taglibs-standard-impl/1.2.5/taglibs-standard-impl-1.2.5.jar!/org/apache/taglibs/standard/tag/rt/sql/QueryTag.class, jar:file:///C:/Users/abclab-3/.m2/repository/javax/servlet/jstl/1.2/jstl-1.2.jar!/org/apache/taglibs/standard/tag/rt/sql/QueryTag.class
[WARNING] org.apache.taglibs.standard.tag.rt.sql.SetDataSourceTag scanned from multiple locations: jar:file:///C:/Users/abclab-3/.m2/repository/org/apache/taglibs/taglibs-standard-impl/1.2.5/taglibs-standard-impl-1.2.5.jar!/org/apache/taglibs/standard/tag/rt/sql/SetDataSourceTag.class, jar:file:///C:/Users/abclab-3/.m2/repository/javax/servlet/jstl/1.2/jstl-1.2.jar!/org/apache/taglibs/standard/tag/rt/sql/SetDataSourceTag.class
[WARNING] org.apache.taglibs.standard.tag.rt.sql.TransactionTag scanned from multiple locations: jar:file:///C:/Users/abclab-3/.m2/repository/org/apache/taglibs/taglibs-standard-impl/1.2.5/taglibs-standard-impl-1.2.5.jar!/org/apache/taglibs/standard/tag/rt/sql/TransactionTag.class, jar:file:///C:/Users/abclab-3/.m2/repository/javax/servlet/jstl/1.2/jstl-1.2.jar!/org/apache/taglibs/standard/tag/rt/sql/TransactionTag.class
[WARNING] org.apache.taglibs.standard.tag.rt.sql.UpdateTag scanned from multiple locations: jar:file:///C:/Users/abclab-3/.m2/repository/org/apache/taglibs/taglibs-standard-impl/1.2.5/taglibs-standard-impl-1.2.5.jar!/org/apache/taglibs/standard/tag/rt/sql/UpdateTag.class, jar:file:///C:/Users/abclab-3/.m2/repository/javax/servlet/jstl/1.2/jstl-1.2.jar!/org/apache/taglibs/standard/tag/rt/sql/UpdateTag.class
[WARNING] javax.json.EmptyArray scanned from multiple locations: jar:file:///C:/Users/abclab-3/.m2/repository/javax/javaee-api/8.0.1/javaee-api-8.0.1.jar!/javax/json/EmptyArray.class, jar:file:///C:/Users/abclab-3/.m2/repository/org/glassfish/javax.json/1.1.4/javax.json-1.1.4.jar!/javax/json/EmptyArray.class
[WARNING] org.apache.taglibs.standard.tag.rt.xml.ExprTag scanned from multiple locations: jar:file:///C:/Users/abclab-3/.m2/repository/org/apache/taglibs/taglibs-standard-impl/1.2.5/taglibs-standard-impl-1.2.5.jar!/org/apache/taglibs/standard/tag/rt/xml/ExprTag.class, jar:file:///C:/Users/abclab-3/.m2/repository/javax/servlet/jstl/1.2/jstl-1.2.jar!/org/apache/taglibs/standard/tag/rt/xml/ExprTag.class
[WARNING] org.apache.taglibs.standard.tag.rt.xml.ParamTag scanned from multiple locations: jar:file:///C:/Users/abclab-3/.m2/repository/org/apache/taglibs/taglibs-standard-impl/1.2.5/taglibs-standard-impl-1.2.5.jar!/org/apache/taglibs/standard/tag/rt/xml/ParamTag.class, jar:file:///C:/Users/abclab-3/.m2/repository/javax/servlet/jstl/1.2/jstl-1.2.jar!/org/apache/taglibs/standard/tag/rt/xml/ParamTag.class
[WARNING] org.apache.taglibs.standard.tag.rt.xml.ParseTag scanned from multiple locations: jar:file:///C:/Users/abclab-3/.m2/repository/org/apache/taglibs/taglibs-standard-impl/1.2.5/taglibs-standard-impl-1.2.5.jar!/org/apache/taglibs/standard/tag/rt/xml/ParseTag.class, jar:file:///C:/Users/abclab-3/.m2/repository/javax/servlet/jstl/1.2/jstl-1.2.jar!/org/apache/taglibs/standard/tag/rt/xml/ParseTag.class
[WARNING] org.apache.taglibs.standard.tag.rt.xml.TransformTag scanned from multiple locations: jar:file:///C:/Users/abclab-3/.m2/repository/org/apache/taglibs/taglibs-standard-impl/1.2.5/taglibs-standard-impl-1.2.5.jar!/org/apache/taglibs/standard/tag/rt/xml/TransformTag.class, jar:file:///C:/Users/abclab-3/.m2/repository/javax/servlet/jstl/1.2/jstl-1.2.jar!/org/apache/taglibs/standard/tag/rt/xml/TransformTag.class
[WARNING] org.apache.log4j.pattern.IntegerPatternConverter scanned from multiple locations: jar:file:///C:/Users/abclab-3/.m2/repository/ch/qos/reload4j/reload4j/1.2.19/reload4j-1.2.19.jar!/org/apache/log4j/pattern/IntegerPatternConverter.class, jar:file:///C:/Users/abclab-3/.m2/repository/log4j/log4j/1.2.17/log4j-1.2.17.jar!/org/apache/log4j/pattern/IntegerPatternConverter.class
[WARNING] org.apache.taglibs.standard.tei.DeclareTEI scanned from multiple locations: jar:file:///C:/Users/abclab-3/.m2/repository/org/apache/taglibs/taglibs-standard-impl/1.2.5/taglibs-standard-impl-1.2.5.jar!/org/apache/taglibs/standard/tei/DeclareTEI.class, jar:file:///C:/Users/abclab-3/.m2/repository/javax/servlet/jstl/1.2/jstl-1.2.jar!/org/apache/taglibs/standard/tei/DeclareTEI.class
[WARNING] javax.json.EmptyObject scanned from multiple locations: jar:file:///C:/Users/abclab-3/.m2/repository/javax/javaee-api/8.0.1/javaee-api-8.0.1.jar!/javax/json/EmptyObject.class, jar:file:///C:/Users/abclab-3/.m2/repository/org/glassfish/javax.json/1.1.4/javax.json-1.1.4.jar!/javax/json/EmptyObject.class
[WARNING] javax.json.stream.JsonParser scanned from multiple locations: jar:file:///C:/Users/abclab-3/.m2/repository/javax/javaee-api/8.0.1/javaee-api-8.0.1.jar!/javax/json/stream/JsonParser.class, jar:file:///C:/Users/abclab-3/.m2/repository/jakarta/json/jakarta.json-api/1.1.5/jakarta.json-api-1.1.5.jar!/javax/json/stream/JsonParser.class
[WARNING] javax.json.Json scanned from multiple locations: jar:file:///C:/Users/abclab-3/.m2/repository/javax/javaee-api/8.0.1/javaee-api-8.0.1.jar!/javax/json/Json.class, jar:file:///C:/Users/abclab-3/.m2/repository/org/glassfish/javax.json/1.1.4/javax.json-1.1.4.jar!/javax/json/Json.class
[WARNING] org.apache.taglibs.standard.tei.ForEachTEI scanned from multiple locations: jar:file:///C:/Users/abclab-3/.m2/repository/org/apache/taglibs/taglibs-standard-impl/1.2.5/taglibs-standard-impl-1.2.5.jar!/org/apache/taglibs/standard/tei/ForEachTEI.class, jar:file:///C:/Users/abclab-3/.m2/repository/javax/servlet/jstl/1.2/jstl-1.2.jar!/org/apache/taglibs/standard/tei/ForEachTEI.class
[WARNING] org.apache.log4j.pattern.LevelPatternConverter scanned from multiple locations: jar:file:///C:/Users/abclab-3/.m2/repository/ch/qos/reload4j/reload4j/1.2.19/reload4j-1.2.19.jar!/org/apache/log4j/pattern/LevelPatternConverter.class, jar:file:///C:/Users/abclab-3/.m2/repository/log4j/log4j/1.2.17/log4j-1.2.17.jar!/org/apache/log4j/pattern/LevelPatternConverter.class
[WARNING] org.apache.taglibs.standard.tei.ImportTEI scanned from multiple locations: jar:file:///C:/Users/abclab-3/.m2/repository/org/apache/taglibs/taglibs-standard-impl/1.2.5/taglibs-standard-impl-1.2.5.jar!/org/apache/taglibs/standard/tei/ImportTEI.class, jar:file:///C:/Users/abclab-3/.m2/repository/javax/servlet/jstl/1.2/jstl-1.2.jar!/org/apache/taglibs/standard/tei/ImportTEI.class
[WARNING] javax.json.JsonArray scanned from multiple locations: jar:file:///C:/Users/abclab-3/.m2/repository/javax/javaee-api/8.0.1/javaee-api-8.0.1.jar!/javax/json/JsonArray.class, jar:file:///C:/Users/abclab-3/.m2/repository/org/glassfish/javax.json/1.1.4/javax.json-1.1.4.jar!/javax/json/JsonArray.class
[WARNING] javax.json.stream.JsonParserFactory scanned from multiple locations: jar:file:///C:/Users/abclab-3/.m2/repository/javax/javaee-api/8.0.1/javaee-api-8.0.1.jar!/javax/json/stream/JsonParserFactory.class, jar:file:///C:/Users/abclab-3/.m2/repository/jakarta/json/jakarta.json-api/1.1.5/jakarta.json-api-1.1.5.jar!/javax/json/stream/JsonParserFactory.class
[WARNING] org.apache.log4j.pattern.LineLocationPatternConverter scanned from multiple locations: jar:file:///C:/Users/abclab-3/.m2/repository/ch/qos/reload4j/reload4j/1.2.19/reload4j-1.2.19.jar!/org/apache/log4j/pattern/LineLocationPatternConverter.class, jar:file:///C:/Users/abclab-3/.m2/repository/log4j/log4j/1.2.17/log4j-1.2.17.jar!/org/apache/log4j/pattern/LineLocationPatternConverter.class
[WARNING] javax.json.stream.JsonParsingException scanned from multiple locations: jar:file:///C:/Users/abclab-3/.m2/repository/javax/javaee-api/8.0.1/javaee-api-8.0.1.jar!/javax/json/stream/JsonParsingException.class, jar:file:///C:/Users/abclab-3/.m2/repository/jakarta/json/jakarta.json-api/1.1.5/jakarta.json-api-1.1.5.jar!/javax/json/stream/JsonParsingException.class
[WARNING] javax.json.JsonArrayBuilder scanned from multiple locations: jar:file:///C:/Users/abclab-3/.m2/repository/javax/javaee-api/8.0.1/javaee-api-8.0.1.jar!/javax/json/JsonArrayBuilder.class, jar:file:///C:/Users/abclab-3/.m2/repository/org/glassfish/javax.json/1.1.4/javax.json-1.1.4.jar!/javax/json/JsonArrayBuilder.class
[WARNING] org.apache.log4j.pattern.LineSeparatorPatternConverter scanned from multiple locations: jar:file:///C:/Users/abclab-3/.m2/repository/ch/qos/reload4j/reload4j/1.2.19/reload4j-1.2.19.jar!/org/apache/log4j/pattern/LineSeparatorPatternConverter.class, jar:file:///C:/Users/abclab-3/.m2/repository/log4j/log4j/1.2.17/log4j-1.2.17.jar!/org/apache/log4j/pattern/LineSeparatorPatternConverter.class
[WARNING] org.apache.log4j.pattern.LiteralPatternConverter scanned from multiple locations: jar:file:///C:/Users/abclab-3/.m2/repository/ch/qos/reload4j/reload4j/1.2.19/reload4j-1.2.19.jar!/org/apache/log4j/pattern/LiteralPatternConverter.class, jar:file:///C:/Users/abclab-3/.m2/repository/log4j/log4j/1.2.17/log4j-1.2.17.jar!/org/apache/log4j/pattern/LiteralPatternConverter.class
[WARNING] javax.json.JsonBuilderFactory scanned from multiple locations: jar:file:///C:/Users/abclab-3/.m2/repository/javax/javaee-api/8.0.1/javaee-api-8.0.1.jar!/javax/json/JsonBuilderFactory.class, jar:file:///C:/Users/abclab-3/.m2/repository/org/glassfish/javax.json/1.1.4/javax.json-1.1.4.jar!/javax/json/JsonBuilderFactory.class
[WARNING] javax.json.JsonException scanned from multiple locations: jar:file:///C:/Users/abclab-3/.m2/repository/javax/javaee-api/8.0.1/javaee-api-8.0.1.jar!/javax/json/JsonException.class, jar:file:///C:/Users/abclab-3/.m2/repository/org/glassfish/javax.json/1.1.4/javax.json-1.1.4.jar!/javax/json/JsonException.class
[WARNING] javax.json.JsonMergePatch scanned from multiple locations: jar:file:///C:/Users/abclab-3/.m2/repository/javax/javaee-api/8.0.1/javaee-api-8.0.1.jar!/javax/json/JsonMergePatch.class, jar:file:///C:/Users/abclab-3/.m2/repository/org/glassfish/javax.json/1.1.4/javax.json-1.1.4.jar!/javax/json/JsonMergePatch.class
[WARNING] javax.json.JsonNumber scanned from multiple locations: jar:file:///C:/Users/abclab-3/.m2/repository/javax/javaee-api/8.0.1/javaee-api-8.0.1.jar!/javax/json/JsonNumber.class, jar:file:///C:/Users/abclab-3/.m2/repository/org/glassfish/javax.json/1.1.4/javax.json-1.1.4.jar!/javax/json/JsonNumber.class
[WARNING] javax.json.JsonObject scanned from multiple locations: jar:file:///C:/Users/abclab-3/.m2/repository/javax/javaee-api/8.0.1/javaee-api-8.0.1.jar!/javax/json/JsonObject.class, jar:file:///C:/Users/abclab-3/.m2/repository/org/glassfish/javax.json/1.1.4/javax.json-1.1.4.jar!/javax/json/JsonObject.class
[WARNING] javax.json.JsonObjectBuilder scanned from multiple locations: jar:file:///C:/Users/abclab-3/.m2/repository/javax/javaee-api/8.0.1/javaee-api-8.0.1.jar!/javax/json/JsonObjectBuilder.class, jar:file:///C:/Users/abclab-3/.m2/repository/org/glassfish/javax.json/1.1.4/javax.json-1.1.4.jar!/javax/json/JsonObjectBuilder.class
[WARNING] javax.json.JsonPatch$Operation scanned from multiple locations: jar:file:///C:/Users/abclab-3/.m2/repository/javax/javaee-api/8.0.1/javaee-api-8.0.1.jar!/javax/json/JsonPatch$Operation.class, jar:file:///C:/Users/abclab-3/.m2/repository/org/glassfish/javax.json/1.1.4/javax.json-1.1.4.jar!/javax/json/JsonPatch$Operation.class
[WARNING] javax.json.JsonPatch scanned from multiple locations: jar:file:///C:/Users/abclab-3/.m2/repository/javax/javaee-api/8.0.1/javaee-api-8.0.1.jar!/javax/json/JsonPatch.class, jar:file:///C:/Users/abclab-3/.m2/repository/org/glassfish/javax.json/1.1.4/javax.json-1.1.4.jar!/javax/json/JsonPatch.class
[WARNING] javax.json.JsonPatchBuilder scanned from multiple locations: jar:file:///C:/Users/abclab-3/.m2/repository/javax/javaee-api/8.0.1/javaee-api-8.0.1.jar!/javax/json/JsonPatchBuilder.class, jar:file:///C:/Users/abclab-3/.m2/repository/org/glassfish/javax.json/1.1.4/javax.json-1.1.4.jar!/javax/json/JsonPatchBuilder.class
[WARNING] javax.json.JsonPointer scanned from multiple locations: jar:file:///C:/Users/abclab-3/.m2/repository/javax/javaee-api/8.0.1/javaee-api-8.0.1.jar!/javax/json/JsonPointer.class, jar:file:///C:/Users/abclab-3/.m2/repository/org/glassfish/javax.json/1.1.4/javax.json-1.1.4.jar!/javax/json/JsonPointer.class
[WARNING] javax.json.JsonReader scanned from multiple locations: jar:file:///C:/Users/abclab-3/.m2/repository/javax/javaee-api/8.0.1/javaee-api-8.0.1.jar!/javax/json/JsonReader.class, jar:file:///C:/Users/abclab-3/.m2/repository/org/glassfish/javax.json/1.1.4/javax.json-1.1.4.jar!/javax/json/JsonReader.class
[WARNING] javax.json.JsonReaderFactory scanned from multiple locations: jar:file:///C:/Users/abclab-3/.m2/repository/javax/javaee-api/8.0.1/javaee-api-8.0.1.jar!/javax/json/JsonReaderFactory.class, jar:file:///C:/Users/abclab-3/.m2/repository/org/glassfish/javax.json/1.1.4/javax.json-1.1.4.jar!/javax/json/JsonReaderFactory.class
[WARNING] javax.json.JsonString scanned from multiple locations: jar:file:///C:/Users/abclab-3/.m2/repository/javax/javaee-api/8.0.1/javaee-api-8.0.1.jar!/javax/json/JsonString.class, jar:file:///C:/Users/abclab-3/.m2/repository/org/glassfish/javax.json/1.1.4/javax.json-1.1.4.jar!/javax/json/JsonString.class
[WARNING] javax.json.JsonStructure scanned from multiple locations: jar:file:///C:/Users/abclab-3/.m2/repository/javax/javaee-api/8.0.1/javaee-api-8.0.1.jar!/javax/json/JsonStructure.class, jar:file:///C:/Users/abclab-3/.m2/repository/org/glassfish/javax.json/1.1.4/javax.json-1.1.4.jar!/javax/json/JsonStructure.class
[WARNING] javax.json.JsonValue$ValueType scanned from multiple locations: jar:file:///C:/Users/abclab-3/.m2/repository/javax/javaee-api/8.0.1/javaee-api-8.0.1.jar!/javax/json/JsonValue$ValueType.class, jar:file:///C:/Users/abclab-3/.m2/repository/org/glassfish/javax.json/1.1.4/javax.json-1.1.4.jar!/javax/json/JsonValue$ValueType.class
[WARNING] javax.json.JsonValue scanned from multiple locations: jar:file:///C:/Users/abclab-3/.m2/repository/javax/javaee-api/8.0.1/javaee-api-8.0.1.jar!/javax/json/JsonValue.class, jar:file:///C:/Users/abclab-3/.m2/repository/org/glassfish/javax.json/1.1.4/javax.json-1.1.4.jar!/javax/json/JsonValue.class
[WARNING] javax.json.JsonValueImpl scanned from multiple locations: jar:file:///C:/Users/abclab-3/.m2/repository/javax/javaee-api/8.0.1/javaee-api-8.0.1.jar!/javax/json/JsonValueImpl.class, jar:file:///C:/Users/abclab-3/.m2/repository/org/glassfish/javax.json/1.1.4/javax.json-1.1.4.jar!/javax/json/JsonValueImpl.class
[WARNING] javax.json.JsonWriter scanned from multiple locations: jar:file:///C:/Users/abclab-3/.m2/repository/javax/javaee-api/8.0.1/javaee-api-8.0.1.jar!/javax/json/JsonWriter.class, jar:file:///C:/Users/abclab-3/.m2/repository/org/glassfish/javax.json/1.1.4/javax.json-1.1.4.jar!/javax/json/JsonWriter.class
[WARNING] org.apache.taglibs.standard.tei.Util scanned from multiple locations: jar:file:///C:/Users/abclab-3/.m2/repository/org/apache/taglibs/taglibs-standard-impl/1.2.5/taglibs-standard-impl-1.2.5.jar!/org/apache/taglibs/standard/tei/Util.class, jar:file:///C:/Users/abclab-3/.m2/repository/javax/servlet/jstl/1.2/jstl-1.2.jar!/org/apache/taglibs/standard/tei/Util.class
[WARNING] javax.json.JsonWriterFactory scanned from multiple locations: jar:file:///C:/Users/abclab-3/.m2/repository/javax/javaee-api/8.0.1/javaee-api-8.0.1.jar!/javax/json/JsonWriterFactory.class, jar:file:///C:/Users/abclab-3/.m2/repository/org/glassfish/javax.json/1.1.4/javax.json-1.1.4.jar!/javax/json/JsonWriterFactory.class
[WARNING] org.apache.taglibs.standard.tei.XmlParseTEI scanned from multiple locations: jar:file:///C:/Users/abclab-3/.m2/repository/org/apache/taglibs/taglibs-standard-impl/1.2.5/taglibs-standard-impl-1.2.5.jar!/org/apache/taglibs/standard/tei/XmlParseTEI.class, jar:file:///C:/Users/abclab-3/.m2/repository/javax/servlet/jstl/1.2/jstl-1.2.jar!/org/apache/taglibs/standard/tei/XmlParseTEI.class
[WARNING] javax.json.spi.JsonProvider scanned from multiple locations: jar:file:///C:/Users/abclab-3/.m2/repository/javax/javaee-api/8.0.1/javaee-api-8.0.1.jar!/javax/json/spi/JsonProvider.class, jar:file:///C:/Users/abclab-3/.m2/repository/org/glassfish/javax.json/1.1.4/javax.json-1.1.4.jar!/javax/json/spi/JsonProvider.class
[WARNING] javax.servlet.AsyncContext scanned from multiple locations: jar:file:///C:/Users/abclab-3/.m2/repository/org/eclipse/jetty/toolchain/jetty-servlet-api/4.0.6/jetty-servlet-api-4.0.6.jar!/javax/servlet/AsyncContext.class, jar:file:///C:/Users/abclab-3/.m2/repository/javax/javaee-api/8.0.1/javaee-api-8.0.1.jar!/javax/servlet/AsyncContext.class
[WARNING] org.apache.log4j.pattern.LogEvent scanned from multiple locations: jar:file:///C:/Users/abclab-3/.m2/repository/ch/qos/reload4j/reload4j/1.2.19/reload4j-1.2.19.jar!/org/apache/log4j/pattern/LogEvent.class, jar:file:///C:/Users/abclab-3/.m2/repository/log4j/log4j/1.2.17/log4j-1.2.17.jar!/org/apache/log4j/pattern/LogEvent.class
[WARNING] javax.servlet.AsyncEvent scanned from multiple locations: jar:file:///C:/Users/abclab-3/.m2/repository/org/eclipse/jetty/toolchain/jetty-servlet-api/4.0.6/jetty-servlet-api-4.0.6.jar!/javax/servlet/AsyncEvent.class, jar:file:///C:/Users/abclab-3/.m2/repository/javax/javaee-api/8.0.1/javaee-api-8.0.1.jar!/javax/servlet/AsyncEvent.class
[WARNING] org.apache.taglibs.standard.tei.XmlTransformTEI scanned from multiple locations: jar:file:///C:/Users/abclab-3/.m2/repository/org/apache/taglibs/taglibs-standard-impl/1.2.5/taglibs-standard-impl-1.2.5.jar!/org/apache/taglibs/standard/tei/XmlTransformTEI.class, jar:file:///C:/Users/abclab-3/.m2/repository/javax/servlet/jstl/1.2/jstl-1.2.jar!/org/apache/taglibs/standard/tei/XmlTransformTEI.class
[WARNING] javax.servlet.AsyncListener scanned from multiple locations: jar:file:///C:/Users/abclab-3/.m2/repository/org/eclipse/jetty/toolchain/jetty-servlet-api/4.0.6/jetty-servlet-api-4.0.6.jar!/javax/servlet/AsyncListener.class, jar:file:///C:/Users/abclab-3/.m2/repository/javax/javaee-api/8.0.1/javaee-api-8.0.1.jar!/javax/servlet/AsyncListener.class
[WARNING] javax.json.stream.JsonCollectors scanned from multiple locations: jar:file:///C:/Users/abclab-3/.m2/repository/javax/javaee-api/8.0.1/javaee-api-8.0.1.jar!/javax/json/stream/JsonCollectors.class, jar:file:///C:/Users/abclab-3/.m2/repository/org/glassfish/javax.json/1.1.4/javax.json-1.1.4.jar!/javax/json/stream/JsonCollectors.class
[WARNING] org.apache.taglibs.standard.tlv.JstlBaseTLV scanned from multiple locations: jar:file:///C:/Users/abclab-3/.m2/repository/org/apache/taglibs/taglibs-standard-impl/1.2.5/taglibs-standard-impl-1.2.5.jar!/org/apache/taglibs/standard/tlv/JstlBaseTLV.class, jar:file:///C:/Users/abclab-3/.m2/repository/javax/servlet/jstl/1.2/jstl-1.2.jar!/org/apache/taglibs/standard/tlv/JstlBaseTLV.class
[WARNING] org.apache.log4j.pattern.LoggerPatternConverter scanned from multiple locations: jar:file:///C:/Users/abclab-3/.m2/repository/ch/qos/reload4j/reload4j/1.2.19/reload4j-1.2.19.jar!/org/apache/log4j/pattern/LoggerPatternConverter.class, jar:file:///C:/Users/abclab-3/.m2/repository/log4j/log4j/1.2.17/log4j-1.2.17.jar!/org/apache/log4j/pattern/LoggerPatternConverter.class
[WARNING] javax.json.stream.JsonGenerationException scanned from multiple locations: jar:file:///C:/Users/abclab-3/.m2/repository/javax/javaee-api/8.0.1/javaee-api-8.0.1.jar!/javax/json/stream/JsonGenerationException.class, jar:file:///C:/Users/abclab-3/.m2/repository/org/glassfish/javax.json/1.1.4/javax.json-1.1.4.jar!/javax/json/stream/JsonGenerationException.class
[WARNING] org.apache.taglibs.standard.tlv.JstlCoreTLV$1 scanned from multiple locations: jar:file:///C:/Users/abclab-3/.m2/repository/org/apache/taglibs/taglibs-standard-impl/1.2.5/taglibs-standard-impl-1.2.5.jar!/org/apache/taglibs/standard/tlv/JstlCoreTLV$1.class, jar:file:///C:/Users/abclab-3/.m2/repository/javax/servlet/jstl/1.2/jstl-1.2.jar!/org/apache/taglibs/standard/tlv/JstlCoreTLV$1.class
[WARNING] javax.json.stream.JsonGenerator scanned from multiple locations: jar:file:///C:/Users/abclab-3/.m2/repository/javax/javaee-api/8.0.1/javaee-api-8.0.1.jar!/javax/json/stream/JsonGenerator.class, jar:file:///C:/Users/abclab-3/.m2/repository/org/glassfish/javax.json/1.1.4/javax.json-1.1.4.jar!/javax/json/stream/JsonGenerator.class
[WARNING] javax.servlet.DispatcherType scanned from multiple locations: jar:file:///C:/Users/abclab-3/.m2/repository/org/eclipse/jetty/toolchain/jetty-servlet-api/4.0.6/jetty-servlet-api-4.0.6.jar!/javax/servlet/DispatcherType.class, jar:file:///C:/Users/abclab-3/.m2/repository/javax/javaee-api/8.0.1/javaee-api-8.0.1.jar!/javax/servlet/DispatcherType.class
[WARNING] org.apache.taglibs.standard.tlv.JstlCoreTLV$Handler scanned from multiple locations: jar:file:///C:/Users/abclab-3/.m2/repository/org/apache/taglibs/taglibs-standard-impl/1.2.5/taglibs-standard-impl-1.2.5.jar!/org/apache/taglibs/standard/tlv/JstlCoreTLV$Handler.class, jar:file:///C:/Users/abclab-3/.m2/repository/javax/servlet/jstl/1.2/jstl-1.2.jar!/org/apache/taglibs/standard/tlv/JstlCoreTLV$Handler.class
[WARNING] org.apache.log4j.pattern.LoggingEventPatternConverter scanned from multiple locations: jar:file:///C:/Users/abclab-3/.m2/repository/ch/qos/reload4j/reload4j/1.2.19/reload4j-1.2.19.jar!/org/apache/log4j/pattern/LoggingEventPatternConverter.class, jar:file:///C:/Users/abclab-3/.m2/repository/log4j/log4j/1.2.17/log4j-1.2.17.jar!/org/apache/log4j/pattern/LoggingEventPatternConverter.class
[WARNING] javax.servlet.Filter scanned from multiple locations: jar:file:///C:/Users/abclab-3/.m2/repository/org/eclipse/jetty/toolchain/jetty-servlet-api/4.0.6/jetty-servlet-api-4.0.6.jar!/javax/servlet/Filter.class, jar:file:///C:/Users/abclab-3/.m2/repository/javax/javaee-api/8.0.1/javaee-api-8.0.1.jar!/javax/servlet/Filter.class
[WARNING] org.apache.taglibs.standard.tlv.JstlCoreTLV scanned from multiple locations: jar:file:///C:/Users/abclab-3/.m2/repository/org/apache/taglibs/taglibs-standard-impl/1.2.5/taglibs-standard-impl-1.2.5.jar!/org/apache/taglibs/standard/tlv/JstlCoreTLV.class, jar:file:///C:/Users/abclab-3/.m2/repository/javax/servlet/jstl/1.2/jstl-1.2.jar!/org/apache/taglibs/standard/tlv/JstlCoreTLV.class
[WARNING] org.apache.log4j.pattern.MessagePatternConverter scanned from multiple locations: jar:file:///C:/Users/abclab-3/.m2/repository/ch/qos/reload4j/reload4j/1.2.19/reload4j-1.2.19.jar!/org/apache/log4j/pattern/MessagePatternConverter.class, jar:file:///C:/Users/abclab-3/.m2/repository/log4j/log4j/1.2.17/log4j-1.2.17.jar!/org/apache/log4j/pattern/MessagePatternConverter.class
[WARNING] javax.json.stream.JsonGeneratorFactory scanned from multiple locations: jar:file:///C:/Users/abclab-3/.m2/repository/javax/javaee-api/8.0.1/javaee-api-8.0.1.jar!/javax/json/stream/JsonGeneratorFactory.class, jar:file:///C:/Users/abclab-3/.m2/repository/org/glassfish/javax.json/1.1.4/javax.json-1.1.4.jar!/javax/json/stream/JsonGeneratorFactory.class
[WARNING] org.apache.log4j.pattern.MethodLocationPatternConverter scanned from multiple locations: jar:file:///C:/Users/abclab-3/.m2/repository/ch/qos/reload4j/reload4j/1.2.19/reload4j-1.2.19.jar!/org/apache/log4j/pattern/MethodLocationPatternConverter.class, jar:file:///C:/Users/abclab-3/.m2/repository/log4j/log4j/1.2.17/log4j-1.2.17.jar!/org/apache/log4j/pattern/MethodLocationPatternConverter.class
[WARNING] org.apache.taglibs.standard.tlv.JstlFmtTLV$1 scanned from multiple locations: jar:file:///C:/Users/abclab-3/.m2/repository/org/apache/taglibs/taglibs-standard-impl/1.2.5/taglibs-standard-impl-1.2.5.jar!/org/apache/taglibs/standard/tlv/JstlFmtTLV$1.class, jar:file:///C:/Users/abclab-3/.m2/repository/javax/servlet/jstl/1.2/jstl-1.2.jar!/org/apache/taglibs/standard/tlv/JstlFmtTLV$1.class
[WARNING] javax.json.stream.JsonLocation scanned from multiple locations: jar:file:///C:/Users/abclab-3/.m2/repository/javax/javaee-api/8.0.1/javaee-api-8.0.1.jar!/javax/json/stream/JsonLocation.class, jar:file:///C:/Users/abclab-3/.m2/repository/org/glassfish/javax.json/1.1.4/javax.json-1.1.4.jar!/javax/json/stream/JsonLocation.class
[WARNING] javax.servlet.FilterChain scanned from multiple locations: jar:file:///C:/Users/abclab-3/.m2/repository/org/eclipse/jetty/toolchain/jetty-servlet-api/4.0.6/jetty-servlet-api-4.0.6.jar!/javax/servlet/FilterChain.class, jar:file:///C:/Users/abclab-3/.m2/repository/javax/javaee-api/8.0.1/javaee-api-8.0.1.jar!/javax/servlet/FilterChain.class
[WARNING] javax.json.stream.JsonParser$Event scanned from multiple locations: jar:file:///C:/Users/abclab-3/.m2/repository/javax/javaee-api/8.0.1/javaee-api-8.0.1.jar!/javax/json/stream/JsonParser$Event.class, jar:file:///C:/Users/abclab-3/.m2/repository/org/glassfish/javax.json/1.1.4/javax.json-1.1.4.jar!/javax/json/stream/JsonParser$Event.class
[WARNING] javax.servlet.FilterConfig scanned from multiple locations: jar:file:///C:/Users/abclab-3/.m2/repository/org/eclipse/jetty/toolchain/jetty-servlet-api/4.0.6/jetty-servlet-api-4.0.6.jar!/javax/servlet/FilterConfig.class, jar:file:///C:/Users/abclab-3/.m2/repository/javax/javaee-api/8.0.1/javaee-api-8.0.1.jar!/javax/servlet/FilterConfig.class
[WARNING] javax.json.stream.JsonParser scanned from multiple locations: jar:file:///C:/Users/abclab-3/.m2/repository/javax/javaee-api/8.0.1/javaee-api-8.0.1.jar!/javax/json/stream/JsonParser.class, jar:file:///C:/Users/abclab-3/.m2/repository/org/glassfish/javax.json/1.1.4/javax.json-1.1.4.jar!/javax/json/stream/JsonParser.class
[WARNING] org.apache.taglibs.standard.tlv.JstlFmtTLV$Handler scanned from multiple locations: jar:file:///C:/Users/abclab-3/.m2/repository/org/apache/taglibs/taglibs-standard-impl/1.2.5/taglibs-standard-impl-1.2.5.jar!/org/apache/taglibs/standard/tlv/JstlFmtTLV$Handler.class, jar:file:///C:/Users/abclab-3/.m2/repository/javax/servlet/jstl/1.2/jstl-1.2.jar!/org/apache/taglibs/standard/tlv/JstlFmtTLV$Handler.class
[WARNING] org.apache.log4j.pattern.NDCPatternConverter scanned from multiple locations: jar:file:///C:/Users/abclab-3/.m2/repository/ch/qos/reload4j/reload4j/1.2.19/reload4j-1.2.19.jar!/org/apache/log4j/pattern/NDCPatternConverter.class, jar:file:///C:/Users/abclab-3/.m2/repository/log4j/log4j/1.2.17/log4j-1.2.17.jar!/org/apache/log4j/pattern/NDCPatternConverter.class
[WARNING] javax.json.stream.JsonParserFactory scanned from multiple locations: jar:file:///C:/Users/abclab-3/.m2/repository/javax/javaee-api/8.0.1/javaee-api-8.0.1.jar!/javax/json/stream/JsonParserFactory.class, jar:file:///C:/Users/abclab-3/.m2/repository/org/glassfish/javax.json/1.1.4/javax.json-1.1.4.jar!/javax/json/stream/JsonParserFactory.class
[WARNING] javax.servlet.FilterRegistration$Dynamic scanned from multiple locations: jar:file:///C:/Users/abclab-3/.m2/repository/org/eclipse/jetty/toolchain/jetty-servlet-api/4.0.6/jetty-servlet-api-4.0.6.jar!/javax/servlet/FilterRegistration$Dynamic.class, jar:file:///C:/Users/abclab-3/.m2/repository/javax/javaee-api/8.0.1/javaee-api-8.0.1.jar!/javax/servlet/FilterRegistration$Dynamic.class
[WARNING] org.apache.log4j.pattern.NameAbbreviator$DropElementAbbreviator scanned from multiple locations: jar:file:///C:/Users/abclab-3/.m2/repository/ch/qos/reload4j/reload4j/1.2.19/reload4j-1.2.19.jar!/org/apache/log4j/pattern/NameAbbreviator$DropElementAbbreviator.class, jar:file:///C:/Users/abclab-3/.m2/repository/log4j/log4j/1.2.17/log4j-1.2.17.jar!/org/apache/log4j/pattern/NameAbbreviator$DropElementAbbreviator.class
[WARNING] javax.servlet.FilterRegistration scanned from multiple locations: jar:file:///C:/Users/abclab-3/.m2/repository/org/eclipse/jetty/toolchain/jetty-servlet-api/4.0.6/jetty-servlet-api-4.0.6.jar!/javax/servlet/FilterRegistration.class, jar:file:///C:/Users/abclab-3/.m2/repository/javax/javaee-api/8.0.1/javaee-api-8.0.1.jar!/javax/servlet/FilterRegistration.class
[WARNING] org.apache.log4j.pattern.NameAbbreviator$MaxElementAbbreviator scanned from multiple locations: jar:file:///C:/Users/abclab-3/.m2/repository/ch/qos/reload4j/reload4j/1.2.19/reload4j-1.2.19.jar!/org/apache/log4j/pattern/NameAbbreviator$MaxElementAbbreviator.class, jar:file:///C:/Users/abclab-3/.m2/repository/log4j/log4j/1.2.17/log4j-1.2.17.jar!/org/apache/log4j/pattern/NameAbbreviator$MaxElementAbbreviator.class
[WARNING] org.apache.taglibs.standard.tlv.JstlFmtTLV scanned from multiple locations: jar:file:///C:/Users/abclab-3/.m2/repository/org/apache/taglibs/taglibs-standard-impl/1.2.5/taglibs-standard-impl-1.2.5.jar!/org/apache/taglibs/standard/tlv/JstlFmtTLV.class, jar:file:///C:/Users/abclab-3/.m2/repository/javax/servlet/jstl/1.2/jstl-1.2.jar!/org/apache/taglibs/standard/tlv/JstlFmtTLV.class
[WARNING] org.apache.log4j.pattern.NameAbbreviator$NOPAbbreviator scanned from multiple locations: jar:file:///C:/Users/abclab-3/.m2/repository/ch/qos/reload4j/reload4j/1.2.19/reload4j-1.2.19.jar!/org/apache/log4j/pattern/NameAbbreviator$NOPAbbreviator.class, jar:file:///C:/Users/abclab-3/.m2/repository/log4j/log4j/1.2.17/log4j-1.2.17.jar!/org/apache/log4j/pattern/NameAbbreviator$NOPAbbreviator.class
[WARNING] org.apache.taglibs.standard.tlv.JstlSqlTLV$1 scanned from multiple locations: jar:file:///C:/Users/abclab-3/.m2/repository/org/apache/taglibs/taglibs-standard-impl/1.2.5/taglibs-standard-impl-1.2.5.jar!/org/apache/taglibs/standard/tlv/JstlSqlTLV$1.class, jar:file:///C:/Users/abclab-3/.m2/repository/javax/servlet/jstl/1.2/jstl-1.2.jar!/org/apache/taglibs/standard/tlv/JstlSqlTLV$1.class
[WARNING] javax.servlet.GenericFilter scanned from multiple locations: jar:file:///C:/Users/abclab-3/.m2/repository/org/eclipse/jetty/toolchain/jetty-servlet-api/4.0.6/jetty-servlet-api-4.0.6.jar!/javax/servlet/GenericFilter.class, jar:file:///C:/Users/abclab-3/.m2/repository/javax/javaee-api/8.0.1/javaee-api-8.0.1.jar!/javax/servlet/GenericFilter.class
[WARNING] javax.json.stream.JsonParsingException scanned from multiple locations: jar:file:///C:/Users/abclab-3/.m2/repository/javax/javaee-api/8.0.1/javaee-api-8.0.1.jar!/javax/json/stream/JsonParsingException.class, jar:file:///C:/Users/abclab-3/.m2/repository/org/glassfish/javax.json/1.1.4/javax.json-1.1.4.jar!/javax/json/stream/JsonParsingException.class
[WARNING] org.apache.log4j.pattern.NameAbbreviator$PatternAbbreviator scanned from multiple locations: jar:file:///C:/Users/abclab-3/.m2/repository/ch/qos/reload4j/reload4j/1.2.19/reload4j-1.2.19.jar!/org/apache/log4j/pattern/NameAbbreviator$PatternAbbreviator.class, jar:file:///C:/Users/abclab-3/.m2/repository/log4j/log4j/1.2.17/log4j-1.2.17.jar!/org/apache/log4j/pattern/NameAbbreviator$PatternAbbreviator.class
[WARNING] org.apache.taglibs.standard.tlv.JstlSqlTLV$Handler scanned from multiple locations: jar:file:///C:/Users/abclab-3/.m2/repository/org/apache/taglibs/taglibs-standard-impl/1.2.5/taglibs-standard-impl-1.2.5.jar!/org/apache/taglibs/standard/tlv/JstlSqlTLV$Handler.class, jar:file:///C:/Users/abclab-3/.m2/repository/javax/servlet/jstl/1.2/jstl-1.2.jar!/org/apache/taglibs/standard/tlv/JstlSqlTLV$Handler.class
[WARNING] org.apache.taglibs.standard.tlv.JstlSqlTLV scanned from multiple locations: jar:file:///C:/Users/abclab-3/.m2/repository/org/apache/taglibs/taglibs-standard-impl/1.2.5/taglibs-standard-impl-1.2.5.jar!/org/apache/taglibs/standard/tlv/JstlSqlTLV.class, jar:file:///C:/Users/abclab-3/.m2/repository/javax/servlet/jstl/1.2/jstl-1.2.jar!/org/apache/taglibs/standard/tlv/JstlSqlTLV.class
[WARNING] javax.servlet.GenericServlet scanned from multiple locations: jar:file:///C:/Users/abclab-3/.m2/repository/org/eclipse/jetty/toolchain/jetty-servlet-api/4.0.6/jetty-servlet-api-4.0.6.jar!/javax/servlet/GenericServlet.class, jar:file:///C:/Users/abclab-3/.m2/repository/javax/javaee-api/8.0.1/javaee-api-8.0.1.jar!/javax/servlet/GenericServlet.class
[WARNING] org.apache.taglibs.standard.tlv.JstlXmlTLV$1 scanned from multiple locations: jar:file:///C:/Users/abclab-3/.m2/repository/org/apache/taglibs/taglibs-standard-impl/1.2.5/taglibs-standard-impl-1.2.5.jar!/org/apache/taglibs/standard/tlv/JstlXmlTLV$1.class, jar:file:///C:/Users/abclab-3/.m2/repository/javax/servlet/jstl/1.2/jstl-1.2.jar!/org/apache/taglibs/standard/tlv/JstlXmlTLV$1.class
[WARNING] org.apache.taglibs.standard.tlv.JstlXmlTLV$Handler scanned from multiple locations: jar:file:///C:/Users/abclab-3/.m2/repository/org/apache/taglibs/taglibs-standard-impl/1.2.5/taglibs-standard-impl-1.2.5.jar!/org/apache/taglibs/standard/tlv/JstlXmlTLV$Handler.class, jar:file:///C:/Users/abclab-3/.m2/repository/javax/servlet/jstl/1.2/jstl-1.2.jar!/org/apache/taglibs/standard/tlv/JstlXmlTLV$Handler.class
[WARNING] javax.servlet.HttpConstraintElement scanned from multiple locations: jar:file:///C:/Users/abclab-3/.m2/repository/org/eclipse/jetty/toolchain/jetty-servlet-api/4.0.6/jetty-servlet-api-4.0.6.jar!/javax/servlet/HttpConstraintElement.class, jar:file:///C:/Users/abclab-3/.m2/repository/javax/javaee-api/8.0.1/javaee-api-8.0.1.jar!/javax/servlet/HttpConstraintElement.class
[WARNING] javax.servlet.HttpMethodConstraintElement scanned from multiple locations: jar:file:///C:/Users/abclab-3/.m2/repository/org/eclipse/jetty/toolchain/jetty-servlet-api/4.0.6/jetty-servlet-api-4.0.6.jar!/javax/servlet/HttpMethodConstraintElement.class, jar:file:///C:/Users/abclab-3/.m2/repository/javax/javaee-api/8.0.1/javaee-api-8.0.1.jar!/javax/servlet/HttpMethodConstraintElement.class
[WARNING] javax.servlet.MultipartConfigElement scanned from multiple locations: jar:file:///C:/Users/abclab-3/.m2/repository/org/eclipse/jetty/toolchain/jetty-servlet-api/4.0.6/jetty-servlet-api-4.0.6.jar!/javax/servlet/MultipartConfigElement.class, jar:file:///C:/Users/abclab-3/.m2/repository/javax/javaee-api/8.0.1/javaee-api-8.0.1.jar!/javax/servlet/MultipartConfigElement.class
[WARNING] org.apache.taglibs.standard.tlv.JstlXmlTLV scanned from multiple locations: jar:file:///C:/Users/abclab-3/.m2/repository/org/apache/taglibs/taglibs-standard-impl/1.2.5/taglibs-standard-impl-1.2.5.jar!/org/apache/taglibs/standard/tlv/JstlXmlTLV.class, jar:file:///C:/Users/abclab-3/.m2/repository/javax/servlet/jstl/1.2/jstl-1.2.jar!/org/apache/taglibs/standard/tlv/JstlXmlTLV.class
[WARNING] org.apache.log4j.pattern.NameAbbreviator$PatternAbbreviatorFragment scanned from multiple locations: jar:file:///C:/Users/abclab-3/.m2/repository/ch/qos/reload4j/reload4j/1.2.19/reload4j-1.2.19.jar!/org/apache/log4j/pattern/NameAbbreviator$PatternAbbreviatorFragment.class, jar:file:///C:/Users/abclab-3/.m2/repository/log4j/log4j/1.2.17/log4j-1.2.17.jar!/org/apache/log4j/pattern/NameAbbreviator$PatternAbbreviatorFragment.class
[WARNING] javax.servlet.ReadListener scanned from multiple locations: jar:file:///C:/Users/abclab-3/.m2/repository/org/eclipse/jetty/toolchain/jetty-servlet-api/4.0.6/jetty-servlet-api-4.0.6.jar!/javax/servlet/ReadListener.class, jar:file:///C:/Users/abclab-3/.m2/repository/javax/javaee-api/8.0.1/javaee-api-8.0.1.jar!/javax/servlet/ReadListener.class
[WARNING] org.apache.log4j.pattern.NameAbbreviator scanned from multiple locations: jar:file:///C:/Users/abclab-3/.m2/repository/ch/qos/reload4j/reload4j/1.2.19/reload4j-1.2.19.jar!/org/apache/log4j/pattern/NameAbbreviator.class, jar:file:///C:/Users/abclab-3/.m2/repository/log4j/log4j/1.2.17/log4j-1.2.17.jar!/org/apache/log4j/pattern/NameAbbreviator.class
[WARNING] javax.servlet.Registration$Dynamic scanned from multiple locations: jar:file:///C:/Users/abclab-3/.m2/repository/org/eclipse/jetty/toolchain/jetty-servlet-api/4.0.6/jetty-servlet-api-4.0.6.jar!/javax/servlet/Registration$Dynamic.class, jar:file:///C:/Users/abclab-3/.m2/repository/javax/javaee-api/8.0.1/javaee-api-8.0.1.jar!/javax/servlet/Registration$Dynamic.class
[WARNING] javax.servlet.Registration scanned from multiple locations: jar:file:///C:/Users/abclab-3/.m2/repository/org/eclipse/jetty/toolchain/jetty-servlet-api/4.0.6/jetty-servlet-api-4.0.6.jar!/javax/servlet/Registration.class, jar:file:///C:/Users/abclab-3/.m2/repository/javax/javaee-api/8.0.1/javaee-api-8.0.1.jar!/javax/servlet/Registration.class
[WARNING] javax.servlet.RequestDispatcher scanned from multiple locations: jar:file:///C:/Users/abclab-3/.m2/repository/org/eclipse/jetty/toolchain/jetty-servlet-api/4.0.6/jetty-servlet-api-4.0.6.jar!/javax/servlet/RequestDispatcher.class, jar:file:///C:/Users/abclab-3/.m2/repository/javax/javaee-api/8.0.1/javaee-api-8.0.1.jar!/javax/servlet/RequestDispatcher.class
[WARNING] javax.servlet.Servlet scanned from multiple locations: jar:file:///C:/Users/abclab-3/.m2/repository/org/eclipse/jetty/toolchain/jetty-servlet-api/4.0.6/jetty-servlet-api-4.0.6.jar!/javax/servlet/Servlet.class, jar:file:///C:/Users/abclab-3/.m2/repository/javax/javaee-api/8.0.1/javaee-api-8.0.1.jar!/javax/servlet/Servlet.class
[WARNING] javax.servlet.ServletConfig scanned from multiple locations: jar:file:///C:/Users/abclab-3/.m2/repository/org/eclipse/jetty/toolchain/jetty-servlet-api/4.0.6/jetty-servlet-api-4.0.6.jar!/javax/servlet/ServletConfig.class, jar:file:///C:/Users/abclab-3/.m2/repository/javax/javaee-api/8.0.1/javaee-api-8.0.1.jar!/javax/servlet/ServletConfig.class
[WARNING] javax.servlet.ServletContainerInitializer scanned from multiple locations: jar:file:///C:/Users/abclab-3/.m2/repository/org/eclipse/jetty/toolchain/jetty-servlet-api/4.0.6/jetty-servlet-api-4.0.6.jar!/javax/servlet/ServletContainerInitializer.class, jar:file:///C:/Users/abclab-3/.m2/repository/javax/javaee-api/8.0.1/javaee-api-8.0.1.jar!/javax/servlet/ServletContainerInitializer.class
[WARNING] javax.servlet.ServletContext scanned from multiple locations: jar:file:///C:/Users/abclab-3/.m2/repository/org/eclipse/jetty/toolchain/jetty-servlet-api/4.0.6/jetty-servlet-api-4.0.6.jar!/javax/servlet/ServletContext.class, jar:file:///C:/Users/abclab-3/.m2/repository/javax/javaee-api/8.0.1/javaee-api-8.0.1.jar!/javax/servlet/ServletContext.class
[WARNING] org.apache.log4j.pattern.NamePatternConverter scanned from multiple locations: jar:file:///C:/Users/abclab-3/.m2/repository/ch/qos/reload4j/reload4j/1.2.19/reload4j-1.2.19.jar!/org/apache/log4j/pattern/NamePatternConverter.class, jar:file:///C:/Users/abclab-3/.m2/repository/log4j/log4j/1.2.17/log4j-1.2.17.jar!/org/apache/log4j/pattern/NamePatternConverter.class
[WARNING] javax.servlet.ServletContextAttributeEvent scanned from multiple locations: jar:file:///C:/Users/abclab-3/.m2/repository/org/eclipse/jetty/toolchain/jetty-servlet-api/4.0.6/jetty-servlet-api-4.0.6.jar!/javax/servlet/ServletContextAttributeEvent.class, jar:file:///C:/Users/abclab-3/.m2/repository/javax/javaee-api/8.0.1/javaee-api-8.0.1.jar!/javax/servlet/ServletContextAttributeEvent.class
[WARNING] org.apache.log4j.pattern.PatternConverter scanned from multiple locations: jar:file:///C:/Users/abclab-3/.m2/repository/ch/qos/reload4j/reload4j/1.2.19/reload4j-1.2.19.jar!/org/apache/log4j/pattern/PatternConverter.class, jar:file:///C:/Users/abclab-3/.m2/repository/log4j/log4j/1.2.17/log4j-1.2.17.jar!/org/apache/log4j/pattern/PatternConverter.class
[WARNING] javax.servlet.ServletContextAttributeListener scanned from multiple locations: jar:file:///C:/Users/abclab-3/.m2/repository/org/eclipse/jetty/toolchain/jetty-servlet-api/4.0.6/jetty-servlet-api-4.0.6.jar!/javax/servlet/ServletContextAttributeListener.class, jar:file:///C:/Users/abclab-3/.m2/repository/javax/javaee-api/8.0.1/javaee-api-8.0.1.jar!/javax/servlet/ServletContextAttributeListener.class
[WARNING] org.apache.log4j.pattern.PatternParser$ReadOnlyMap scanned from multiple locations: jar:file:///C:/Users/abclab-3/.m2/repository/ch/qos/reload4j/reload4j/1.2.19/reload4j-1.2.19.jar!/org/apache/log4j/pattern/PatternParser$ReadOnlyMap.class, jar:file:///C:/Users/abclab-3/.m2/repository/log4j/log4j/1.2.17/log4j-1.2.17.jar!/org/apache/log4j/pattern/PatternParser$ReadOnlyMap.class
[WARNING] javax.servlet.ServletContextEvent scanned from multiple locations: jar:file:///C:/Users/abclab-3/.m2/repository/org/eclipse/jetty/toolchain/jetty-servlet-api/4.0.6/jetty-servlet-api-4.0.6.jar!/javax/servlet/ServletContextEvent.class, jar:file:///C:/Users/abclab-3/.m2/repository/javax/javaee-api/8.0.1/javaee-api-8.0.1.jar!/javax/servlet/ServletContextEvent.class
[WARNING] org.apache.log4j.pattern.PatternParser scanned from multiple locations: jar:file:///C:/Users/abclab-3/.m2/repository/ch/qos/reload4j/reload4j/1.2.19/reload4j-1.2.19.jar!/org/apache/log4j/pattern/PatternParser.class, jar:file:///C:/Users/abclab-3/.m2/repository/log4j/log4j/1.2.17/log4j-1.2.17.jar!/org/apache/log4j/pattern/PatternParser.class
[WARNING] javax.servlet.ServletContextListener scanned from multiple locations: jar:file:///C:/Users/abclab-3/.m2/repository/org/eclipse/jetty/toolchain/jetty-servlet-api/4.0.6/jetty-servlet-api-4.0.6.jar!/javax/servlet/ServletContextListener.class, jar:file:///C:/Users/abclab-3/.m2/repository/javax/javaee-api/8.0.1/javaee-api-8.0.1.jar!/javax/servlet/ServletContextListener.class
[WARNING] org.apache.log4j.pattern.PropertiesPatternConverter scanned from multiple locations: jar:file:///C:/Users/abclab-3/.m2/repository/ch/qos/reload4j/reload4j/1.2.19/reload4j-1.2.19.jar!/org/apache/log4j/pattern/PropertiesPatternConverter.class, jar:file:///C:/Users/abclab-3/.m2/repository/log4j/log4j/1.2.17/log4j-1.2.17.jar!/org/apache/log4j/pattern/PropertiesPatternConverter.class
[WARNING] javax.servlet.ServletException scanned from multiple locations: jar:file:///C:/Users/abclab-3/.m2/repository/org/eclipse/jetty/toolchain/jetty-servlet-api/4.0.6/jetty-servlet-api-4.0.6.jar!/javax/servlet/ServletException.class, jar:file:///C:/Users/abclab-3/.m2/repository/javax/javaee-api/8.0.1/javaee-api-8.0.1.jar!/javax/servlet/ServletException.class
[WARNING] org.apache.log4j.pattern.RelativeTimePatternConverter$CachedTimestamp scanned from multiple locations: jar:file:///C:/Users/abclab-3/.m2/repository/ch/qos/reload4j/reload4j/1.2.19/reload4j-1.2.19.jar!/org/apache/log4j/pattern/RelativeTimePatternConverter$CachedTimestamp.class, jar:file:///C:/Users/abclab-3/.m2/repository/log4j/log4j/1.2.17/log4j-1.2.17.jar!/org/apache/log4j/pattern/RelativeTimePatternConverter$CachedTimestamp.class
[WARNING] javax.servlet.ServletInputStream scanned from multiple locations: jar:file:///C:/Users/abclab-3/.m2/repository/org/eclipse/jetty/toolchain/jetty-servlet-api/4.0.6/jetty-servlet-api-4.0.6.jar!/javax/servlet/ServletInputStream.class, jar:file:///C:/Users/abclab-3/.m2/repository/javax/javaee-api/8.0.1/javaee-api-8.0.1.jar!/javax/servlet/ServletInputStream.class
[WARNING] org.apache.log4j.pattern.RelativeTimePatternConverter scanned from multiple locations: jar:file:///C:/Users/abclab-3/.m2/repository/ch/qos/reload4j/reload4j/1.2.19/reload4j-1.2.19.jar!/org/apache/log4j/pattern/RelativeTimePatternConverter.class, jar:file:///C:/Users/abclab-3/.m2/repository/log4j/log4j/1.2.17/log4j-1.2.17.jar!/org/apache/log4j/pattern/RelativeTimePatternConverter.class
[WARNING] javax.servlet.ServletOutputStream scanned from multiple locations: jar:file:///C:/Users/abclab-3/.m2/repository/org/eclipse/jetty/toolchain/jetty-servlet-api/4.0.6/jetty-servlet-api-4.0.6.jar!/javax/servlet/ServletOutputStream.class, jar:file:///C:/Users/abclab-3/.m2/repository/javax/javaee-api/8.0.1/javaee-api-8.0.1.jar!/javax/servlet/ServletOutputStream.class
[WARNING] org.apache.log4j.pattern.SequenceNumberPatternConverter scanned from multiple locations: jar:file:///C:/Users/abclab-3/.m2/repository/ch/qos/reload4j/reload4j/1.2.19/reload4j-1.2.19.jar!/org/apache/log4j/pattern/SequenceNumberPatternConverter.class, jar:file:///C:/Users/abclab-3/.m2/repository/log4j/log4j/1.2.17/log4j-1.2.17.jar!/org/apache/log4j/pattern/SequenceNumberPatternConverter.class
[WARNING] javax.servlet.ServletRegistration$Dynamic scanned from multiple locations: jar:file:///C:/Users/abclab-3/.m2/repository/org/eclipse/jetty/toolchain/jetty-servlet-api/4.0.6/jetty-servlet-api-4.0.6.jar!/javax/servlet/ServletRegistration$Dynamic.class, jar:file:///C:/Users/abclab-3/.m2/repository/javax/javaee-api/8.0.1/javaee-api-8.0.1.jar!/javax/servlet/ServletRegistration$Dynamic.class
[WARNING] javax.servlet.ServletRegistration scanned from multiple locations: jar:file:///C:/Users/abclab-3/.m2/repository/org/eclipse/jetty/toolchain/jetty-servlet-api/4.0.6/jetty-servlet-api-4.0.6.jar!/javax/servlet/ServletRegistration.class, jar:file:///C:/Users/abclab-3/.m2/repository/javax/javaee-api/8.0.1/javaee-api-8.0.1.jar!/javax/servlet/ServletRegistration.class
[WARNING] javax.servlet.ServletRequest scanned from multiple locations: jar:file:///C:/Users/abclab-3/.m2/repository/org/eclipse/jetty/toolchain/jetty-servlet-api/4.0.6/jetty-servlet-api-4.0.6.jar!/javax/servlet/ServletRequest.class, jar:file:///C:/Users/abclab-3/.m2/repository/javax/javaee-api/8.0.1/javaee-api-8.0.1.jar!/javax/servlet/ServletRequest.class
[WARNING] org.apache.log4j.pattern.ThreadPatternConverter scanned from multiple locations: jar:file:///C:/Users/abclab-3/.m2/repository/ch/qos/reload4j/reload4j/1.2.19/reload4j-1.2.19.jar!/org/apache/log4j/pattern/ThreadPatternConverter.class, jar:file:///C:/Users/abclab-3/.m2/repository/log4j/log4j/1.2.17/log4j-1.2.17.jar!/org/apache/log4j/pattern/ThreadPatternConverter.class
[WARNING] org.apache.log4j.pattern.ThrowableInformationPatternConverter scanned from multiple locations: jar:file:///C:/Users/abclab-3/.m2/repository/ch/qos/reload4j/reload4j/1.2.19/reload4j-1.2.19.jar!/org/apache/log4j/pattern/ThrowableInformationPatternConverter.class, jar:file:///C:/Users/abclab-3/.m2/repository/log4j/log4j/1.2.17/log4j-1.2.17.jar!/org/apache/log4j/pattern/ThrowableInformationPatternConverter.class
[WARNING] org.apache.log4j.rewrite.MapRewritePolicy scanned from multiple locations: jar:file:///C:/Users/abclab-3/.m2/repository/ch/qos/reload4j/reload4j/1.2.19/reload4j-1.2.19.jar!/org/apache/log4j/rewrite/MapRewritePolicy.class, jar:file:///C:/Users/abclab-3/.m2/repository/log4j/log4j/1.2.17/log4j-1.2.17.jar!/org/apache/log4j/rewrite/MapRewritePolicy.class
[WARNING] org.apache.log4j.rewrite.PropertyRewritePolicy scanned from multiple locations: jar:file:///C:/Users/abclab-3/.m2/repository/ch/qos/reload4j/reload4j/1.2.19/reload4j-1.2.19.jar!/org/apache/log4j/rewrite/PropertyRewritePolicy.class, jar:file:///C:/Users/abclab-3/.m2/repository/log4j/log4j/1.2.17/log4j-1.2.17.jar!/org/apache/log4j/rewrite/PropertyRewritePolicy.class
[WARNING] org.apache.log4j.rewrite.ReflectionRewritePolicy scanned from multiple locations: jar:file:///C:/Users/abclab-3/.m2/repository/ch/qos/reload4j/reload4j/1.2.19/reload4j-1.2.19.jar!/org/apache/log4j/rewrite/ReflectionRewritePolicy.class, jar:file:///C:/Users/abclab-3/.m2/repository/log4j/log4j/1.2.17/log4j-1.2.17.jar!/org/apache/log4j/rewrite/ReflectionRewritePolicy.class
[WARNING] org.apache.log4j.rewrite.RewriteAppender scanned from multiple locations: jar:file:///C:/Users/abclab-3/.m2/repository/ch/qos/reload4j/reload4j/1.2.19/reload4j-1.2.19.jar!/org/apache/log4j/rewrite/RewriteAppender.class, jar:file:///C:/Users/abclab-3/.m2/repository/log4j/log4j/1.2.17/log4j-1.2.17.jar!/org/apache/log4j/rewrite/RewriteAppender.class
[WARNING] org.apache.log4j.rewrite.RewritePolicy scanned from multiple locations: jar:file:///C:/Users/abclab-3/.m2/repository/ch/qos/reload4j/reload4j/1.2.19/reload4j-1.2.19.jar!/org/apache/log4j/rewrite/RewritePolicy.class, jar:file:///C:/Users/abclab-3/.m2/repository/log4j/log4j/1.2.17/log4j-1.2.17.jar!/org/apache/log4j/rewrite/RewritePolicy.class
[WARNING] org.apache.log4j.spi.AppenderAttachable scanned from multiple locations: jar:file:///C:/Users/abclab-3/.m2/repository/ch/qos/reload4j/reload4j/1.2.19/reload4j-1.2.19.jar!/org/apache/log4j/spi/AppenderAttachable.class, jar:file:///C:/Users/abclab-3/.m2/repository/log4j/log4j/1.2.17/log4j-1.2.17.jar!/org/apache/log4j/spi/AppenderAttachable.class
[WARNING] org.apache.log4j.spi.Configurator scanned from multiple locations: jar:file:///C:/Users/abclab-3/.m2/repository/org/slf4j/log4j-over-slf4j/1.7.36/log4j-over-slf4j-1.7.36.jar!/org/apache/log4j/spi/Configurator.class, jar:file:///C:/Users/abclab-3/.m2/repository/log4j/log4j/1.2.17/log4j-1.2.17.jar!/org/apache/log4j/spi/Configurator.class
[WARNING] org.apache.log4j.spi.DefaultRepositorySelector scanned from multiple locations: jar:file:///C:/Users/abclab-3/.m2/repository/ch/qos/reload4j/reload4j/1.2.19/reload4j-1.2.19.jar!/org/apache/log4j/spi/DefaultRepositorySelector.class, jar:file:///C:/Users/abclab-3/.m2/repository/log4j/log4j/1.2.17/log4j-1.2.17.jar!/org/apache/log4j/spi/DefaultRepositorySelector.class
[WARNING] org.apache.log4j.spi.ErrorCode scanned from multiple locations: jar:file:///C:/Users/abclab-3/.m2/repository/ch/qos/reload4j/reload4j/1.2.19/reload4j-1.2.19.jar!/org/apache/log4j/spi/ErrorCode.class, jar:file:///C:/Users/abclab-3/.m2/repository/log4j/log4j/1.2.17/log4j-1.2.17.jar!/org/apache/log4j/spi/ErrorCode.class
[WARNING] org.apache.log4j.spi.ErrorHandler scanned from multiple locations: jar:file:///C:/Users/abclab-3/.m2/repository/org/slf4j/log4j-over-slf4j/1.7.36/log4j-over-slf4j-1.7.36.jar!/org/apache/log4j/spi/ErrorHandler.class, jar:file:///C:/Users/abclab-3/.m2/repository/log4j/log4j/1.2.17/log4j-1.2.17.jar!/org/apache/log4j/spi/ErrorHandler.class
[WARNING] org.apache.log4j.spi.Filter scanned from multiple locations: jar:file:///C:/Users/abclab-3/.m2/repository/org/slf4j/log4j-over-slf4j/1.7.36/log4j-over-slf4j-1.7.36.jar!/org/apache/log4j/spi/Filter.class, jar:file:///C:/Users/abclab-3/.m2/repository/log4j/log4j/1.2.17/log4j-1.2.17.jar!/org/apache/log4j/spi/Filter.class
[WARNING] org.apache.log4j.spi.HierarchyEventListener scanned from multiple locations: jar:file:///C:/Users/abclab-3/.m2/repository/org/slf4j/log4j-over-slf4j/1.7.36/log4j-over-slf4j-1.7.36.jar!/org/apache/log4j/spi/HierarchyEventListener.class, jar:file:///C:/Users/abclab-3/.m2/repository/log4j/log4j/1.2.17/log4j-1.2.17.jar!/org/apache/log4j/spi/HierarchyEventListener.class
[WARNING] org.apache.log4j.spi.LocationInfo scanned from multiple locations: jar:file:///C:/Users/abclab-3/.m2/repository/ch/qos/reload4j/reload4j/1.2.19/reload4j-1.2.19.jar!/org/apache/log4j/spi/LocationInfo.class, jar:file:///C:/Users/abclab-3/.m2/repository/log4j/log4j/1.2.17/log4j-1.2.17.jar!/org/apache/log4j/spi/LocationInfo.class
[WARNING] org.apache.log4j.spi.LoggerFactory scanned from multiple locations: jar:file:///C:/Users/abclab-3/.m2/repository/org/slf4j/log4j-over-slf4j/1.7.36/log4j-over-slf4j-1.7.36.jar!/org/apache/log4j/spi/LoggerFactory.class, jar:file:///C:/Users/abclab-3/.m2/repository/log4j/log4j/1.2.17/log4j-1.2.17.jar!/org/apache/log4j/spi/LoggerFactory.class
[WARNING] org.apache.log4j.spi.LoggerRepository scanned from multiple locations: jar:file:///C:/Users/abclab-3/.m2/repository/org/slf4j/log4j-over-slf4j/1.7.36/log4j-over-slf4j-1.7.36.jar!/org/apache/log4j/spi/LoggerRepository.class, jar:file:///C:/Users/abclab-3/.m2/repository/log4j/log4j/1.2.17/log4j-1.2.17.jar!/org/apache/log4j/spi/LoggerRepository.class
[WARNING] org.apache.log4j.spi.LoggingEvent scanned from multiple locations: jar:file:///C:/Users/abclab-3/.m2/repository/org/slf4j/log4j-over-slf4j/1.7.36/log4j-over-slf4j-1.7.36.jar!/org/apache/log4j/spi/LoggingEvent.class, jar:file:///C:/Users/abclab-3/.m2/repository/log4j/log4j/1.2.17/log4j-1.2.17.jar!/org/apache/log4j/spi/LoggingEvent.class
[WARNING] org.apache.log4j.spi.NOPLogger scanned from multiple locations: jar:file:///C:/Users/abclab-3/.m2/repository/ch/qos/reload4j/reload4j/1.2.19/reload4j-1.2.19.jar!/org/apache/log4j/spi/NOPLogger.class, jar:file:///C:/Users/abclab-3/.m2/repository/log4j/log4j/1.2.17/log4j-1.2.17.jar!/org/apache/log4j/spi/NOPLogger.class
[WARNING] javax.servlet.ServletRequestAttributeEvent scanned from multiple locations: jar:file:///C:/Users/abclab-3/.m2/repository/org/eclipse/jetty/toolchain/jetty-servlet-api/4.0.6/jetty-servlet-api-4.0.6.jar!/javax/servlet/ServletRequestAttributeEvent.class, jar:file:///C:/Users/abclab-3/.m2/repository/javax/javaee-api/8.0.1/javaee-api-8.0.1.jar!/javax/servlet/ServletRequestAttributeEvent.class
[WARNING] javax.servlet.ServletRequestAttributeListener scanned from multiple locations: jar:file:///C:/Users/abclab-3/.m2/repository/org/eclipse/jetty/toolchain/jetty-servlet-api/4.0.6/jetty-servlet-api-4.0.6.jar!/javax/servlet/ServletRequestAttributeListener.class, jar:file:///C:/Users/abclab-3/.m2/repository/javax/javaee-api/8.0.1/javaee-api-8.0.1.jar!/javax/servlet/ServletRequestAttributeListener.class
[WARNING] org.apache.log4j.spi.NOPLoggerRepository scanned from multiple locations: jar:file:///C:/Users/abclab-3/.m2/repository/ch/qos/reload4j/reload4j/1.2.19/reload4j-1.2.19.jar!/org/apache/log4j/spi/NOPLoggerRepository.class, jar:file:///C:/Users/abclab-3/.m2/repository/log4j/log4j/1.2.17/log4j-1.2.17.jar!/org/apache/log4j/spi/NOPLoggerRepository.class
[WARNING] org.apache.log4j.spi.NullWriter scanned from multiple locations: jar:file:///C:/Users/abclab-3/.m2/repository/ch/qos/reload4j/reload4j/1.2.19/reload4j-1.2.19.jar!/org/apache/log4j/spi/NullWriter.class, jar:file:///C:/Users/abclab-3/.m2/repository/log4j/log4j/1.2.17/log4j-1.2.17.jar!/org/apache/log4j/spi/NullWriter.class
[WARNING] javax.servlet.ServletRequestEvent scanned from multiple locations: jar:file:///C:/Users/abclab-3/.m2/repository/org/eclipse/jetty/toolchain/jetty-servlet-api/4.0.6/jetty-servlet-api-4.0.6.jar!/javax/servlet/ServletRequestEvent.class, jar:file:///C:/Users/abclab-3/.m2/repository/javax/javaee-api/8.0.1/javaee-api-8.0.1.jar!/javax/servlet/ServletRequestEvent.class
[WARNING] org.apache.log4j.spi.OptionHandler scanned from multiple locations: jar:file:///C:/Users/abclab-3/.m2/repository/org/slf4j/log4j-over-slf4j/1.7.36/log4j-over-slf4j-1.7.36.jar!/org/apache/log4j/spi/OptionHandler.class, jar:file:///C:/Users/abclab-3/.m2/repository/log4j/log4j/1.2.17/log4j-1.2.17.jar!/org/apache/log4j/spi/OptionHandler.class
[WARNING] javax.servlet.ServletRequestListener scanned from multiple locations: jar:file:///C:/Users/abclab-3/.m2/repository/org/eclipse/jetty/toolchain/jetty-servlet-api/4.0.6/jetty-servlet-api-4.0.6.jar!/javax/servlet/ServletRequestListener.class, jar:file:///C:/Users/abclab-3/.m2/repository/javax/javaee-api/8.0.1/javaee-api-8.0.1.jar!/javax/servlet/ServletRequestListener.class
[WARNING] org.apache.log4j.spi.RendererSupport scanned from multiple locations: jar:file:///C:/Users/abclab-3/.m2/repository/ch/qos/reload4j/reload4j/1.2.19/reload4j-1.2.19.jar!/org/apache/log4j/spi/RendererSupport.class, jar:file:///C:/Users/abclab-3/.m2/repository/log4j/log4j/1.2.17/log4j-1.2.17.jar!/org/apache/log4j/spi/RendererSupport.class
[WARNING] javax.servlet.ServletRequestWrapper scanned from multiple locations: jar:file:///C:/Users/abclab-3/.m2/repository/org/eclipse/jetty/toolchain/jetty-servlet-api/4.0.6/jetty-servlet-api-4.0.6.jar!/javax/servlet/ServletRequestWrapper.class, jar:file:///C:/Users/abclab-3/.m2/repository/javax/javaee-api/8.0.1/javaee-api-8.0.1.jar!/javax/servlet/ServletRequestWrapper.class
[WARNING] org.apache.log4j.spi.RepositorySelector scanned from multiple locations: jar:file:///C:/Users/abclab-3/.m2/repository/ch/qos/reload4j/reload4j/1.2.19/reload4j-1.2.19.jar!/org/apache/log4j/spi/RepositorySelector.class, jar:file:///C:/Users/abclab-3/.m2/repository/log4j/log4j/1.2.17/log4j-1.2.17.jar!/org/apache/log4j/spi/RepositorySelector.class
[WARNING] org.apache.log4j.spi.RootCategory scanned from multiple locations: jar:file:///C:/Users/abclab-3/.m2/repository/ch/qos/reload4j/reload4j/1.2.19/reload4j-1.2.19.jar!/org/apache/log4j/spi/RootCategory.class, jar:file:///C:/Users/abclab-3/.m2/repository/log4j/log4j/1.2.17/log4j-1.2.17.jar!/org/apache/log4j/spi/RootCategory.class
[WARNING] javax.servlet.ServletResponse scanned from multiple locations: jar:file:///C:/Users/abclab-3/.m2/repository/org/eclipse/jetty/toolchain/jetty-servlet-api/4.0.6/jetty-servlet-api-4.0.6.jar!/javax/servlet/ServletResponse.class, jar:file:///C:/Users/abclab-3/.m2/repository/javax/javaee-api/8.0.1/javaee-api-8.0.1.jar!/javax/servlet/ServletResponse.class
[WARNING] org.apache.log4j.spi.RootLogger scanned from multiple locations: jar:file:///C:/Users/abclab-3/.m2/repository/ch/qos/reload4j/reload4j/1.2.19/reload4j-1.2.19.jar!/org/apache/log4j/spi/RootLogger.class, jar:file:///C:/Users/abclab-3/.m2/repository/log4j/log4j/1.2.17/log4j-1.2.17.jar!/org/apache/log4j/spi/RootLogger.class
[WARNING] javax.servlet.ServletResponseWrapper scanned from multiple locations: jar:file:///C:/Users/abclab-3/.m2/repository/org/eclipse/jetty/toolchain/jetty-servlet-api/4.0.6/jetty-servlet-api-4.0.6.jar!/javax/servlet/ServletResponseWrapper.class, jar:file:///C:/Users/abclab-3/.m2/repository/javax/javaee-api/8.0.1/javaee-api-8.0.1.jar!/javax/servlet/ServletResponseWrapper.class
[WARNING] org.apache.log4j.spi.ThrowableInformation scanned from multiple locations: jar:file:///C:/Users/abclab-3/.m2/repository/ch/qos/reload4j/reload4j/1.2.19/reload4j-1.2.19.jar!/org/apache/log4j/spi/ThrowableInformation.class, jar:file:///C:/Users/abclab-3/.m2/repository/log4j/log4j/1.2.17/log4j-1.2.17.jar!/org/apache/log4j/spi/ThrowableInformation.class
[WARNING] javax.servlet.ServletSecurityElement scanned from multiple locations: jar:file:///C:/Users/abclab-3/.m2/repository/org/eclipse/jetty/toolchain/jetty-servlet-api/4.0.6/jetty-servlet-api-4.0.6.jar!/javax/servlet/ServletSecurityElement.class, jar:file:///C:/Users/abclab-3/.m2/repository/javax/javaee-api/8.0.1/javaee-api-8.0.1.jar!/javax/servlet/ServletSecurityElement.class
[WARNING] org.apache.log4j.spi.ThrowableRenderer scanned from multiple locations: jar:file:///C:/Users/abclab-3/.m2/repository/ch/qos/reload4j/reload4j/1.2.19/reload4j-1.2.19.jar!/org/apache/log4j/spi/ThrowableRenderer.class, jar:file:///C:/Users/abclab-3/.m2/repository/log4j/log4j/1.2.17/log4j-1.2.17.jar!/org/apache/log4j/spi/ThrowableRenderer.class
[WARNING] javax.servlet.SessionCookieConfig scanned from multiple locations: jar:file:///C:/Users/abclab-3/.m2/repository/org/eclipse/jetty/toolchain/jetty-servlet-api/4.0.6/jetty-servlet-api-4.0.6.jar!/javax/servlet/SessionCookieConfig.class, jar:file:///C:/Users/abclab-3/.m2/repository/javax/javaee-api/8.0.1/javaee-api-8.0.1.jar!/javax/servlet/SessionCookieConfig.class
[WARNING] org.apache.log4j.spi.ThrowableRendererSupport scanned from multiple locations: jar:file:///C:/Users/abclab-3/.m2/repository/ch/qos/reload4j/reload4j/1.2.19/reload4j-1.2.19.jar!/org/apache/log4j/spi/ThrowableRendererSupport.class, jar:file:///C:/Users/abclab-3/.m2/repository/log4j/log4j/1.2.17/log4j-1.2.17.jar!/org/apache/log4j/spi/ThrowableRendererSupport.class
[WARNING] javax.servlet.SessionTrackingMode scanned from multiple locations: jar:file:///C:/Users/abclab-3/.m2/repository/org/eclipse/jetty/toolchain/jetty-servlet-api/4.0.6/jetty-servlet-api-4.0.6.jar!/javax/servlet/SessionTrackingMode.class, jar:file:///C:/Users/abclab-3/.m2/repository/javax/javaee-api/8.0.1/javaee-api-8.0.1.jar!/javax/servlet/SessionTrackingMode.class
[WARNING] org.apache.log4j.spi.TriggeringEventEvaluator scanned from multiple locations: jar:file:///C:/Users/abclab-3/.m2/repository/ch/qos/reload4j/reload4j/1.2.19/reload4j-1.2.19.jar!/org/apache/log4j/spi/TriggeringEventEvaluator.class, jar:file:///C:/Users/abclab-3/.m2/repository/log4j/log4j/1.2.17/log4j-1.2.17.jar!/org/apache/log4j/spi/TriggeringEventEvaluator.class
[WARNING] org.apache.log4j.spi.VectorWriter scanned from multiple locations: jar:file:///C:/Users/abclab-3/.m2/repository/ch/qos/reload4j/reload4j/1.2.19/reload4j-1.2.19.jar!/org/apache/log4j/spi/VectorWriter.class, jar:file:///C:/Users/abclab-3/.m2/repository/log4j/log4j/1.2.17/log4j-1.2.17.jar!/org/apache/log4j/spi/VectorWriter.class
[WARNING] javax.servlet.SingleThreadModel scanned from multiple locations: jar:file:///C:/Users/abclab-3/.m2/repository/org/eclipse/jetty/toolchain/jetty-servlet-api/4.0.6/jetty-servlet-api-4.0.6.jar!/javax/servlet/SingleThreadModel.class, jar:file:///C:/Users/abclab-3/.m2/repository/javax/javaee-api/8.0.1/javaee-api-8.0.1.jar!/javax/servlet/SingleThreadModel.class
[WARNING] org.apache.log4j.varia.DenyAllFilter scanned from multiple locations: jar:file:///C:/Users/abclab-3/.m2/repository/ch/qos/reload4j/reload4j/1.2.19/reload4j-1.2.19.jar!/org/apache/log4j/varia/DenyAllFilter.class, jar:file:///C:/Users/abclab-3/.m2/repository/log4j/log4j/1.2.17/log4j-1.2.17.jar!/org/apache/log4j/varia/DenyAllFilter.class
[WARNING] javax.servlet.UnavailableException scanned from multiple locations: jar:file:///C:/Users/abclab-3/.m2/repository/org/eclipse/jetty/toolchain/jetty-servlet-api/4.0.6/jetty-servlet-api-4.0.6.jar!/javax/servlet/UnavailableException.class, jar:file:///C:/Users/abclab-3/.m2/repository/javax/javaee-api/8.0.1/javaee-api-8.0.1.jar!/javax/servlet/UnavailableException.class
[WARNING] org.apache.log4j.varia.ExternallyRolledFileAppender scanned from multiple locations: jar:file:///C:/Users/abclab-3/.m2/repository/ch/qos/reload4j/reload4j/1.2.19/reload4j-1.2.19.jar!/org/apache/log4j/varia/ExternallyRolledFileAppender.class, jar:file:///C:/Users/abclab-3/.m2/repository/log4j/log4j/1.2.17/log4j-1.2.17.jar!/org/apache/log4j/varia/ExternallyRolledFileAppender.class
[WARNING] javax.servlet.WriteListener scanned from multiple locations: jar:file:///C:/Users/abclab-3/.m2/repository/org/eclipse/jetty/toolchain/jetty-servlet-api/4.0.6/jetty-servlet-api-4.0.6.jar!/javax/servlet/WriteListener.class, jar:file:///C:/Users/abclab-3/.m2/repository/javax/javaee-api/8.0.1/javaee-api-8.0.1.jar!/javax/servlet/WriteListener.class
[WARNING] org.apache.log4j.varia.FallbackErrorHandler scanned from multiple locations: jar:file:///C:/Users/abclab-3/.m2/repository/ch/qos/reload4j/reload4j/1.2.19/reload4j-1.2.19.jar!/org/apache/log4j/varia/FallbackErrorHandler.class, jar:file:///C:/Users/abclab-3/.m2/repository/log4j/log4j/1.2.17/log4j-1.2.17.jar!/org/apache/log4j/varia/FallbackErrorHandler.class
[WARNING] javax.servlet.annotation.HandlesTypes scanned from multiple locations: jar:file:///C:/Users/abclab-3/.m2/repository/org/eclipse/jetty/toolchain/jetty-servlet-api/4.0.6/jetty-servlet-api-4.0.6.jar!/javax/servlet/annotation/HandlesTypes.class, jar:file:///C:/Users/abclab-3/.m2/repository/javax/javaee-api/8.0.1/javaee-api-8.0.1.jar!/javax/servlet/annotation/HandlesTypes.class
[WARNING] org.apache.log4j.varia.HUP scanned from multiple locations: jar:file:///C:/Users/abclab-3/.m2/repository/ch/qos/reload4j/reload4j/1.2.19/reload4j-1.2.19.jar!/org/apache/log4j/varia/HUP.class, jar:file:///C:/Users/abclab-3/.m2/repository/log4j/log4j/1.2.17/log4j-1.2.17.jar!/org/apache/log4j/varia/HUP.class
[WARNING] org.apache.log4j.varia.HUPNode scanned from multiple locations: jar:file:///C:/Users/abclab-3/.m2/repository/ch/qos/reload4j/reload4j/1.2.19/reload4j-1.2.19.jar!/org/apache/log4j/varia/HUPNode.class, jar:file:///C:/Users/abclab-3/.m2/repository/log4j/log4j/1.2.17/log4j-1.2.17.jar!/org/apache/log4j/varia/HUPNode.class
[WARNING] javax.servlet.annotation.HttpConstraint scanned from multiple locations: jar:file:///C:/Users/abclab-3/.m2/repository/org/eclipse/jetty/toolchain/jetty-servlet-api/4.0.6/jetty-servlet-api-4.0.6.jar!/javax/servlet/annotation/HttpConstraint.class, jar:file:///C:/Users/abclab-3/.m2/repository/javax/javaee-api/8.0.1/javaee-api-8.0.1.jar!/javax/servlet/annotation/HttpConstraint.class
[WARNING] org.apache.log4j.varia.LevelMatchFilter scanned from multiple locations: jar:file:///C:/Users/abclab-3/.m2/repository/ch/qos/reload4j/reload4j/1.2.19/reload4j-1.2.19.jar!/org/apache/log4j/varia/LevelMatchFilter.class, jar:file:///C:/Users/abclab-3/.m2/repository/log4j/log4j/1.2.17/log4j-1.2.17.jar!/org/apache/log4j/varia/LevelMatchFilter.class
[WARNING] javax.servlet.annotation.HttpMethodConstraint scanned from multiple locations: jar:file:///C:/Users/abclab-3/.m2/repository/org/eclipse/jetty/toolchain/jetty-servlet-api/4.0.6/jetty-servlet-api-4.0.6.jar!/javax/servlet/annotation/HttpMethodConstraint.class, jar:file:///C:/Users/abclab-3/.m2/repository/javax/javaee-api/8.0.1/javaee-api-8.0.1.jar!/javax/servlet/annotation/HttpMethodConstraint.class
[WARNING] org.apache.log4j.varia.LevelRangeFilter scanned from multiple locations: jar:file:///C:/Users/abclab-3/.m2/repository/ch/qos/reload4j/reload4j/1.2.19/reload4j-1.2.19.jar!/org/apache/log4j/varia/LevelRangeFilter.class, jar:file:///C:/Users/abclab-3/.m2/repository/log4j/log4j/1.2.17/log4j-1.2.17.jar!/org/apache/log4j/varia/LevelRangeFilter.class
[WARNING] javax.servlet.annotation.MultipartConfig scanned from multiple locations: jar:file:///C:/Users/abclab-3/.m2/repository/org/eclipse/jetty/toolchain/jetty-servlet-api/4.0.6/jetty-servlet-api-4.0.6.jar!/javax/servlet/annotation/MultipartConfig.class, jar:file:///C:/Users/abclab-3/.m2/repository/javax/javaee-api/8.0.1/javaee-api-8.0.1.jar!/javax/servlet/annotation/MultipartConfig.class
[WARNING] org.apache.log4j.varia.NullAppender scanned from multiple locations: jar:file:///C:/Users/abclab-3/.m2/repository/ch/qos/reload4j/reload4j/1.2.19/reload4j-1.2.19.jar!/org/apache/log4j/varia/NullAppender.class, jar:file:///C:/Users/abclab-3/.m2/repository/log4j/log4j/1.2.17/log4j-1.2.17.jar!/org/apache/log4j/varia/NullAppender.class
[WARNING] org.apache.log4j.varia.ReloadingPropertyConfigurator scanned from multiple locations: jar:file:///C:/Users/abclab-3/.m2/repository/ch/qos/reload4j/reload4j/1.2.19/reload4j-1.2.19.jar!/org/apache/log4j/varia/ReloadingPropertyConfigurator.class, jar:file:///C:/Users/abclab-3/.m2/repository/log4j/log4j/1.2.17/log4j-1.2.17.jar!/org/apache/log4j/varia/ReloadingPropertyConfigurator.class
[WARNING] javax.servlet.annotation.ServletSecurity$EmptyRoleSemantic scanned from multiple locations: jar:file:///C:/Users/abclab-3/.m2/repository/org/eclipse/jetty/toolchain/jetty-servlet-api/4.0.6/jetty-servlet-api-4.0.6.jar!/javax/servlet/annotation/ServletSecurity$EmptyRoleSemantic.class, jar:file:///C:/Users/abclab-3/.m2/repository/javax/javaee-api/8.0.1/javaee-api-8.0.1.jar!/javax/servlet/annotation/ServletSecurity$EmptyRoleSemantic.class
[WARNING] org.apache.log4j.varia.Roller scanned from multiple locations: jar:file:///C:/Users/abclab-3/.m2/repository/ch/qos/reload4j/reload4j/1.2.19/reload4j-1.2.19.jar!/org/apache/log4j/varia/Roller.class, jar:file:///C:/Users/abclab-3/.m2/repository/log4j/log4j/1.2.17/log4j-1.2.17.jar!/org/apache/log4j/varia/Roller.class
[WARNING] javax.servlet.annotation.ServletSecurity$TransportGuarantee scanned from multiple locations: jar:file:///C:/Users/abclab-3/.m2/repository/org/eclipse/jetty/toolchain/jetty-servlet-api/4.0.6/jetty-servlet-api-4.0.6.jar!/javax/servlet/annotation/ServletSecurity$TransportGuarantee.class, jar:file:///C:/Users/abclab-3/.m2/repository/javax/javaee-api/8.0.1/javaee-api-8.0.1.jar!/javax/servlet/annotation/ServletSecurity$TransportGuarantee.class
[WARNING] org.apache.log4j.varia.StringMatchFilter scanned from multiple locations: jar:file:///C:/Users/abclab-3/.m2/repository/ch/qos/reload4j/reload4j/1.2.19/reload4j-1.2.19.jar!/org/apache/log4j/varia/StringMatchFilter.class, jar:file:///C:/Users/abclab-3/.m2/repository/log4j/log4j/1.2.17/log4j-1.2.17.jar!/org/apache/log4j/varia/StringMatchFilter.class
[WARNING] javax.servlet.annotation.ServletSecurity scanned from multiple locations: jar:file:///C:/Users/abclab-3/.m2/repository/org/eclipse/jetty/toolchain/jetty-servlet-api/4.0.6/jetty-servlet-api-4.0.6.jar!/javax/servlet/annotation/ServletSecurity.class, jar:file:///C:/Users/abclab-3/.m2/repository/javax/javaee-api/8.0.1/javaee-api-8.0.1.jar!/javax/servlet/annotation/ServletSecurity.class
[WARNING] org.apache.log4j.xml.DOMConfigurator$1 scanned from multiple locations: jar:file:///C:/Users/abclab-3/.m2/repository/ch/qos/reload4j/reload4j/1.2.19/reload4j-1.2.19.jar!/org/apache/log4j/xml/DOMConfigurator$1.class, jar:file:///C:/Users/abclab-3/.m2/repository/log4j/log4j/1.2.17/log4j-1.2.17.jar!/org/apache/log4j/xml/DOMConfigurator$1.class
[WARNING] javax.servlet.annotation.WebFilter scanned from multiple locations: jar:file:///C:/Users/abclab-3/.m2/repository/org/eclipse/jetty/toolchain/jetty-servlet-api/4.0.6/jetty-servlet-api-4.0.6.jar!/javax/servlet/annotation/WebFilter.class, jar:file:///C:/Users/abclab-3/.m2/repository/javax/javaee-api/8.0.1/javaee-api-8.0.1.jar!/javax/servlet/annotation/WebFilter.class
[WARNING] org.apache.log4j.xml.DOMConfigurator$2 scanned from multiple locations: jar:file:///C:/Users/abclab-3/.m2/repository/ch/qos/reload4j/reload4j/1.2.19/reload4j-1.2.19.jar!/org/apache/log4j/xml/DOMConfigurator$2.class, jar:file:///C:/Users/abclab-3/.m2/repository/log4j/log4j/1.2.17/log4j-1.2.17.jar!/org/apache/log4j/xml/DOMConfigurator$2.class
[WARNING] org.apache.log4j.xml.DOMConfigurator$3 scanned from multiple locations: jar:file:///C:/Users/abclab-3/.m2/repository/ch/qos/reload4j/reload4j/1.2.19/reload4j-1.2.19.jar!/org/apache/log4j/xml/DOMConfigurator$3.class, jar:file:///C:/Users/abclab-3/.m2/repository/log4j/log4j/1.2.17/log4j-1.2.17.jar!/org/apache/log4j/xml/DOMConfigurator$3.class
[WARNING] javax.servlet.annotation.WebInitParam scanned from multiple locations: jar:file:///C:/Users/abclab-3/.m2/repository/org/eclipse/jetty/toolchain/jetty-servlet-api/4.0.6/jetty-servlet-api-4.0.6.jar!/javax/servlet/annotation/WebInitParam.class, jar:file:///C:/Users/abclab-3/.m2/repository/javax/javaee-api/8.0.1/javaee-api-8.0.1.jar!/javax/servlet/annotation/WebInitParam.class
[WARNING] org.apache.log4j.xml.DOMConfigurator$4 scanned from multiple locations: jar:file:///C:/Users/abclab-3/.m2/repository/ch/qos/reload4j/reload4j/1.2.19/reload4j-1.2.19.jar!/org/apache/log4j/xml/DOMConfigurator$4.class, jar:file:///C:/Users/abclab-3/.m2/repository/log4j/log4j/1.2.17/log4j-1.2.17.jar!/org/apache/log4j/xml/DOMConfigurator$4.class
[WARNING] javax.servlet.annotation.WebListener scanned from multiple locations: jar:file:///C:/Users/abclab-3/.m2/repository/org/eclipse/jetty/toolchain/jetty-servlet-api/4.0.6/jetty-servlet-api-4.0.6.jar!/javax/servlet/annotation/WebListener.class, jar:file:///C:/Users/abclab-3/.m2/repository/javax/javaee-api/8.0.1/javaee-api-8.0.1.jar!/javax/servlet/annotation/WebListener.class
[WARNING] org.apache.log4j.xml.DOMConfigurator$5 scanned from multiple locations: jar:file:///C:/Users/abclab-3/.m2/repository/ch/qos/reload4j/reload4j/1.2.19/reload4j-1.2.19.jar!/org/apache/log4j/xml/DOMConfigurator$5.class, jar:file:///C:/Users/abclab-3/.m2/repository/log4j/log4j/1.2.17/log4j-1.2.17.jar!/org/apache/log4j/xml/DOMConfigurator$5.class
[WARNING] javax.servlet.annotation.WebServlet scanned from multiple locations: jar:file:///C:/Users/abclab-3/.m2/repository/org/eclipse/jetty/toolchain/jetty-servlet-api/4.0.6/jetty-servlet-api-4.0.6.jar!/javax/servlet/annotation/WebServlet.class, jar:file:///C:/Users/abclab-3/.m2/repository/javax/javaee-api/8.0.1/javaee-api-8.0.1.jar!/javax/servlet/annotation/WebServlet.class
[WARNING] org.apache.log4j.xml.DOMConfigurator$ParseAction scanned from multiple locations: jar:file:///C:/Users/abclab-3/.m2/repository/ch/qos/reload4j/reload4j/1.2.19/reload4j-1.2.19.jar!/org/apache/log4j/xml/DOMConfigurator$ParseAction.class, jar:file:///C:/Users/abclab-3/.m2/repository/log4j/log4j/1.2.17/log4j-1.2.17.jar!/org/apache/log4j/xml/DOMConfigurator$ParseAction.class
[WARNING] javax.servlet.descriptor.JspConfigDescriptor scanned from multiple locations: jar:file:///C:/Users/abclab-3/.m2/repository/org/eclipse/jetty/toolchain/jetty-servlet-api/4.0.6/jetty-servlet-api-4.0.6.jar!/javax/servlet/descriptor/JspConfigDescriptor.class, jar:file:///C:/Users/abclab-3/.m2/repository/javax/javaee-api/8.0.1/javaee-api-8.0.1.jar!/javax/servlet/descriptor/JspConfigDescriptor.class
[WARNING] org.apache.log4j.xml.DOMConfigurator scanned from multiple locations: jar:file:///C:/Users/abclab-3/.m2/repository/org/slf4j/log4j-over-slf4j/1.7.36/log4j-over-slf4j-1.7.36.jar!/org/apache/log4j/xml/DOMConfigurator.class, jar:file:///C:/Users/abclab-3/.m2/repository/log4j/log4j/1.2.17/log4j-1.2.17.jar!/org/apache/log4j/xml/DOMConfigurator.class
[WARNING] javax.servlet.descriptor.JspPropertyGroupDescriptor scanned from multiple locations: jar:file:///C:/Users/abclab-3/.m2/repository/org/eclipse/jetty/toolchain/jetty-servlet-api/4.0.6/jetty-servlet-api-4.0.6.jar!/javax/servlet/descriptor/JspPropertyGroupDescriptor.class, jar:file:///C:/Users/abclab-3/.m2/repository/javax/javaee-api/8.0.1/javaee-api-8.0.1.jar!/javax/servlet/descriptor/JspPropertyGroupDescriptor.class
[WARNING] javax.servlet.descriptor.TaglibDescriptor scanned from multiple locations: jar:file:///C:/Users/abclab-3/.m2/repository/org/eclipse/jetty/toolchain/jetty-servlet-api/4.0.6/jetty-servlet-api-4.0.6.jar!/javax/servlet/descriptor/TaglibDescriptor.class, jar:file:///C:/Users/abclab-3/.m2/repository/javax/javaee-api/8.0.1/javaee-api-8.0.1.jar!/javax/servlet/descriptor/TaglibDescriptor.class
[WARNING] javax.servlet.http.Cookie scanned from multiple locations: jar:file:///C:/Users/abclab-3/.m2/repository/org/eclipse/jetty/toolchain/jetty-servlet-api/4.0.6/jetty-servlet-api-4.0.6.jar!/javax/servlet/http/Cookie.class, jar:file:///C:/Users/abclab-3/.m2/repository/javax/javaee-api/8.0.1/javaee-api-8.0.1.jar!/javax/servlet/http/Cookie.class
[WARNING] org.apache.log4j.xml.Log4jEntityResolver scanned from multiple locations: jar:file:///C:/Users/abclab-3/.m2/repository/ch/qos/reload4j/reload4j/1.2.19/reload4j-1.2.19.jar!/org/apache/log4j/xml/Log4jEntityResolver.class, jar:file:///C:/Users/abclab-3/.m2/repository/log4j/log4j/1.2.17/log4j-1.2.17.jar!/org/apache/log4j/xml/Log4jEntityResolver.class
[WARNING] javax.servlet.http.HttpFilter scanned from multiple locations: jar:file:///C:/Users/abclab-3/.m2/repository/org/eclipse/jetty/toolchain/jetty-servlet-api/4.0.6/jetty-servlet-api-4.0.6.jar!/javax/servlet/http/HttpFilter.class, jar:file:///C:/Users/abclab-3/.m2/repository/javax/javaee-api/8.0.1/javaee-api-8.0.1.jar!/javax/servlet/http/HttpFilter.class
[WARNING] org.apache.log4j.xml.SAXErrorHandler scanned from multiple locations: jar:file:///C:/Users/abclab-3/.m2/repository/ch/qos/reload4j/reload4j/1.2.19/reload4j-1.2.19.jar!/org/apache/log4j/xml/SAXErrorHandler.class, jar:file:///C:/Users/abclab-3/.m2/repository/log4j/log4j/1.2.17/log4j-1.2.17.jar!/org/apache/log4j/xml/SAXErrorHandler.class
[WARNING] javax.servlet.http.HttpServlet scanned from multiple locations: jar:file:///C:/Users/abclab-3/.m2/repository/org/eclipse/jetty/toolchain/jetty-servlet-api/4.0.6/jetty-servlet-api-4.0.6.jar!/javax/servlet/http/HttpServlet.class, jar:file:///C:/Users/abclab-3/.m2/repository/javax/javaee-api/8.0.1/javaee-api-8.0.1.jar!/javax/servlet/http/HttpServlet.class
[WARNING] org.apache.log4j.xml.UnrecognizedElementHandler scanned from multiple locations: jar:file:///C:/Users/abclab-3/.m2/repository/ch/qos/reload4j/reload4j/1.2.19/reload4j-1.2.19.jar!/org/apache/log4j/xml/UnrecognizedElementHandler.class, jar:file:///C:/Users/abclab-3/.m2/repository/log4j/log4j/1.2.17/log4j-1.2.17.jar!/org/apache/log4j/xml/UnrecognizedElementHandler.class
[WARNING] javax.servlet.http.HttpServletMapping scanned from multiple locations: jar:file:///C:/Users/abclab-3/.m2/repository/org/eclipse/jetty/toolchain/jetty-servlet-api/4.0.6/jetty-servlet-api-4.0.6.jar!/javax/servlet/http/HttpServletMapping.class, jar:file:///C:/Users/abclab-3/.m2/repository/javax/javaee-api/8.0.1/javaee-api-8.0.1.jar!/javax/servlet/http/HttpServletMapping.class
[WARNING] org.apache.log4j.xml.XMLLayout scanned from multiple locations: jar:file:///C:/Users/abclab-3/.m2/repository/ch/qos/reload4j/reload4j/1.2.19/reload4j-1.2.19.jar!/org/apache/log4j/xml/XMLLayout.class, jar:file:///C:/Users/abclab-3/.m2/repository/log4j/log4j/1.2.17/log4j-1.2.17.jar!/org/apache/log4j/xml/XMLLayout.class
[WARNING] javax.servlet.http.HttpServletRequest$1 scanned from multiple locations: jar:file:///C:/Users/abclab-3/.m2/repository/org/eclipse/jetty/toolchain/jetty-servlet-api/4.0.6/jetty-servlet-api-4.0.6.jar!/javax/servlet/http/HttpServletRequest$1.class, jar:file:///C:/Users/abclab-3/.m2/repository/javax/javaee-api/8.0.1/javaee-api-8.0.1.jar!/javax/servlet/http/HttpServletRequest$1.class
[WARNING] org.apache.log4j.xml.XMLWatchdog scanned from multiple locations: jar:file:///C:/Users/abclab-3/.m2/repository/ch/qos/reload4j/reload4j/1.2.19/reload4j-1.2.19.jar!/org/apache/log4j/xml/XMLWatchdog.class, jar:file:///C:/Users/abclab-3/.m2/repository/log4j/log4j/1.2.17/log4j-1.2.17.jar!/org/apache/log4j/xml/XMLWatchdog.class
[WARNING] javax.servlet.http.HttpServletRequest scanned from multiple locations: jar:file:///C:/Users/abclab-3/.m2/repository/org/eclipse/jetty/toolchain/jetty-servlet-api/4.0.6/jetty-servlet-api-4.0.6.jar!/javax/servlet/http/HttpServletRequest.class, jar:file:///C:/Users/abclab-3/.m2/repository/javax/javaee-api/8.0.1/javaee-api-8.0.1.jar!/javax/servlet/http/HttpServletRequest.class
[WARNING] javax.servlet.http.HttpServletRequestWrapper scanned from multiple locations: jar:file:///C:/Users/abclab-3/.m2/repository/org/eclipse/jetty/toolchain/jetty-servlet-api/4.0.6/jetty-servlet-api-4.0.6.jar!/javax/servlet/http/HttpServletRequestWrapper.class, jar:file:///C:/Users/abclab-3/.m2/repository/javax/javaee-api/8.0.1/javaee-api-8.0.1.jar!/javax/servlet/http/HttpServletRequestWrapper.class
[WARNING] javax.servlet.http.HttpServletResponse scanned from multiple locations: jar:file:///C:/Users/abclab-3/.m2/repository/org/eclipse/jetty/toolchain/jetty-servlet-api/4.0.6/jetty-servlet-api-4.0.6.jar!/javax/servlet/http/HttpServletResponse.class, jar:file:///C:/Users/abclab-3/.m2/repository/javax/javaee-api/8.0.1/javaee-api-8.0.1.jar!/javax/servlet/http/HttpServletResponse.class
[WARNING] javax.servlet.http.HttpServletResponseWrapper scanned from multiple locations: jar:file:///C:/Users/abclab-3/.m2/repository/org/eclipse/jetty/toolchain/jetty-servlet-api/4.0.6/jetty-servlet-api-4.0.6.jar!/javax/servlet/http/HttpServletResponseWrapper.class, jar:file:///C:/Users/abclab-3/.m2/repository/javax/javaee-api/8.0.1/javaee-api-8.0.1.jar!/javax/servlet/http/HttpServletResponseWrapper.class
[WARNING] javax.servlet.http.HttpSession scanned from multiple locations: jar:file:///C:/Users/abclab-3/.m2/repository/org/eclipse/jetty/toolchain/jetty-servlet-api/4.0.6/jetty-servlet-api-4.0.6.jar!/javax/servlet/http/HttpSession.class, jar:file:///C:/Users/abclab-3/.m2/repository/javax/javaee-api/8.0.1/javaee-api-8.0.1.jar!/javax/servlet/http/HttpSession.class
[WARNING] javax.servlet.http.HttpSessionActivationListener scanned from multiple locations: jar:file:///C:/Users/abclab-3/.m2/repository/org/eclipse/jetty/toolchain/jetty-servlet-api/4.0.6/jetty-servlet-api-4.0.6.jar!/javax/servlet/http/HttpSessionActivationListener.class, jar:file:///C:/Users/abclab-3/.m2/repository/javax/javaee-api/8.0.1/javaee-api-8.0.1.jar!/javax/servlet/http/HttpSessionActivationListener.class
[WARNING] javax.servlet.http.HttpSessionAttributeListener scanned from multiple locations: jar:file:///C:/Users/abclab-3/.m2/repository/org/eclipse/jetty/toolchain/jetty-servlet-api/4.0.6/jetty-servlet-api-4.0.6.jar!/javax/servlet/http/HttpSessionAttributeListener.class, jar:file:///C:/Users/abclab-3/.m2/repository/javax/javaee-api/8.0.1/javaee-api-8.0.1.jar!/javax/servlet/http/HttpSessionAttributeListener.class
[WARNING] javax.servlet.http.HttpSessionBindingEvent scanned from multiple locations: jar:file:///C:/Users/abclab-3/.m2/repository/org/eclipse/jetty/toolchain/jetty-servlet-api/4.0.6/jetty-servlet-api-4.0.6.jar!/javax/servlet/http/HttpSessionBindingEvent.class, jar:file:///C:/Users/abclab-3/.m2/repository/javax/javaee-api/8.0.1/javaee-api-8.0.1.jar!/javax/servlet/http/HttpSessionBindingEvent.class
[WARNING] javax.servlet.http.HttpSessionBindingListener scanned from multiple locations: jar:file:///C:/Users/abclab-3/.m2/repository/org/eclipse/jetty/toolchain/jetty-servlet-api/4.0.6/jetty-servlet-api-4.0.6.jar!/javax/servlet/http/HttpSessionBindingListener.class, jar:file:///C:/Users/abclab-3/.m2/repository/javax/javaee-api/8.0.1/javaee-api-8.0.1.jar!/javax/servlet/http/HttpSessionBindingListener.class
[WARNING] javax.servlet.http.HttpSessionContext scanned from multiple locations: jar:file:///C:/Users/abclab-3/.m2/repository/org/eclipse/jetty/toolchain/jetty-servlet-api/4.0.6/jetty-servlet-api-4.0.6.jar!/javax/servlet/http/HttpSessionContext.class, jar:file:///C:/Users/abclab-3/.m2/repository/javax/javaee-api/8.0.1/javaee-api-8.0.1.jar!/javax/servlet/http/HttpSessionContext.class
[WARNING] javax.servlet.http.HttpSessionEvent scanned from multiple locations: jar:file:///C:/Users/abclab-3/.m2/repository/org/eclipse/jetty/toolchain/jetty-servlet-api/4.0.6/jetty-servlet-api-4.0.6.jar!/javax/servlet/http/HttpSessionEvent.class, jar:file:///C:/Users/abclab-3/.m2/repository/javax/javaee-api/8.0.1/javaee-api-8.0.1.jar!/javax/servlet/http/HttpSessionEvent.class
[WARNING] javax.servlet.http.HttpSessionIdListener scanned from multiple locations: jar:file:///C:/Users/abclab-3/.m2/repository/org/eclipse/jetty/toolchain/jetty-servlet-api/4.0.6/jetty-servlet-api-4.0.6.jar!/javax/servlet/http/HttpSessionIdListener.class, jar:file:///C:/Users/abclab-3/.m2/repository/javax/javaee-api/8.0.1/javaee-api-8.0.1.jar!/javax/servlet/http/HttpSessionIdListener.class
[WARNING] javax.servlet.http.HttpSessionListener scanned from multiple locations: jar:file:///C:/Users/abclab-3/.m2/repository/org/eclipse/jetty/toolchain/jetty-servlet-api/4.0.6/jetty-servlet-api-4.0.6.jar!/javax/servlet/http/HttpSessionListener.class, jar:file:///C:/Users/abclab-3/.m2/repository/javax/javaee-api/8.0.1/javaee-api-8.0.1.jar!/javax/servlet/http/HttpSessionListener.class
[WARNING] javax.servlet.http.HttpUpgradeHandler scanned from multiple locations: jar:file:///C:/Users/abclab-3/.m2/repository/org/eclipse/jetty/toolchain/jetty-servlet-api/4.0.6/jetty-servlet-api-4.0.6.jar!/javax/servlet/http/HttpUpgradeHandler.class, jar:file:///C:/Users/abclab-3/.m2/repository/javax/javaee-api/8.0.1/javaee-api-8.0.1.jar!/javax/servlet/http/HttpUpgradeHandler.class
[WARNING] javax.servlet.http.HttpUtils scanned from multiple locations: jar:file:///C:/Users/abclab-3/.m2/repository/org/eclipse/jetty/toolchain/jetty-servlet-api/4.0.6/jetty-servlet-api-4.0.6.jar!/javax/servlet/http/HttpUtils.class, jar:file:///C:/Users/abclab-3/.m2/repository/javax/javaee-api/8.0.1/javaee-api-8.0.1.jar!/javax/servlet/http/HttpUtils.class
[WARNING] javax.servlet.http.MappingMatch scanned from multiple locations: jar:file:///C:/Users/abclab-3/.m2/repository/org/eclipse/jetty/toolchain/jetty-servlet-api/4.0.6/jetty-servlet-api-4.0.6.jar!/javax/servlet/http/MappingMatch.class, jar:file:///C:/Users/abclab-3/.m2/repository/javax/javaee-api/8.0.1/javaee-api-8.0.1.jar!/javax/servlet/http/MappingMatch.class
[WARNING] javax.servlet.http.NoBodyOutputStream scanned from multiple locations: jar:file:///C:/Users/abclab-3/.m2/repository/org/eclipse/jetty/toolchain/jetty-servlet-api/4.0.6/jetty-servlet-api-4.0.6.jar!/javax/servlet/http/NoBodyOutputStream.class, jar:file:///C:/Users/abclab-3/.m2/repository/javax/javaee-api/8.0.1/javaee-api-8.0.1.jar!/javax/servlet/http/NoBodyOutputStream.class
[WARNING] javax.servlet.http.NoBodyResponse scanned from multiple locations: jar:file:///C:/Users/abclab-3/.m2/repository/org/eclipse/jetty/toolchain/jetty-servlet-api/4.0.6/jetty-servlet-api-4.0.6.jar!/javax/servlet/http/NoBodyResponse.class, jar:file:///C:/Users/abclab-3/.m2/repository/javax/javaee-api/8.0.1/javaee-api-8.0.1.jar!/javax/servlet/http/NoBodyResponse.class
[WARNING] javax.servlet.http.Part scanned from multiple locations: jar:file:///C:/Users/abclab-3/.m2/repository/org/eclipse/jetty/toolchain/jetty-servlet-api/4.0.6/jetty-servlet-api-4.0.6.jar!/javax/servlet/http/Part.class, jar:file:///C:/Users/abclab-3/.m2/repository/javax/javaee-api/8.0.1/javaee-api-8.0.1.jar!/javax/servlet/http/Part.class
[WARNING] javax.servlet.http.PushBuilder scanned from multiple locations: jar:file:///C:/Users/abclab-3/.m2/repository/org/eclipse/jetty/toolchain/jetty-servlet-api/4.0.6/jetty-servlet-api-4.0.6.jar!/javax/servlet/http/PushBuilder.class, jar:file:///C:/Users/abclab-3/.m2/repository/javax/javaee-api/8.0.1/javaee-api-8.0.1.jar!/javax/servlet/http/PushBuilder.class
[WARNING] javax.servlet.http.WebConnection scanned from multiple locations: jar:file:///C:/Users/abclab-3/.m2/repository/org/eclipse/jetty/toolchain/jetty-servlet-api/4.0.6/jetty-servlet-api-4.0.6.jar!/javax/servlet/http/WebConnection.class, jar:file:///C:/Users/abclab-3/.m2/repository/javax/javaee-api/8.0.1/javaee-api-8.0.1.jar!/javax/servlet/http/WebConnection.class
[WARNING] javax.servlet.jsp.jstl.core.ConditionalTagSupport scanned from multiple locations: jar:file:///C:/Users/abclab-3/.m2/repository/javax/servlet/jstl/1.2/jstl-1.2.jar!/javax/servlet/jsp/jstl/core/ConditionalTagSupport.class, jar:file:///C:/Users/abclab-3/.m2/repository/javax/javaee-api/8.0.1/javaee-api-8.0.1.jar!/javax/servlet/jsp/jstl/core/ConditionalTagSupport.class
[WARNING] javax.servlet.jsp.jstl.core.Config scanned from multiple locations: jar:file:///C:/Users/abclab-3/.m2/repository/javax/servlet/jstl/1.2/jstl-1.2.jar!/javax/servlet/jsp/jstl/core/Config.class, jar:file:///C:/Users/abclab-3/.m2/repository/javax/javaee-api/8.0.1/javaee-api-8.0.1.jar!/javax/servlet/jsp/jstl/core/Config.class
[WARNING] javax.servlet.jsp.jstl.core.IndexedValueExpression scanned from multiple locations: jar:file:///C:/Users/abclab-3/.m2/repository/javax/servlet/jstl/1.2/jstl-1.2.jar!/javax/servlet/jsp/jstl/core/IndexedValueExpression.class, jar:file:///C:/Users/abclab-3/.m2/repository/javax/javaee-api/8.0.1/javaee-api-8.0.1.jar!/javax/servlet/jsp/jstl/core/IndexedValueExpression.class
[WARNING] javax.servlet.jsp.jstl.core.IteratedExpression$1 scanned from multiple locations: jar:file:///C:/Users/abclab-3/.m2/repository/javax/servlet/jstl/1.2/jstl-1.2.jar!/javax/servlet/jsp/jstl/core/IteratedExpression$1.class, jar:file:///C:/Users/abclab-3/.m2/repository/javax/javaee-api/8.0.1/javaee-api-8.0.1.jar!/javax/servlet/jsp/jstl/core/IteratedExpression$1.class
[WARNING] javax.servlet.jsp.jstl.core.IteratedExpression scanned from multiple locations: jar:file:///C:/Users/abclab-3/.m2/repository/javax/servlet/jstl/1.2/jstl-1.2.jar!/javax/servlet/jsp/jstl/core/IteratedExpression.class, jar:file:///C:/Users/abclab-3/.m2/repository/javax/javaee-api/8.0.1/javaee-api-8.0.1.jar!/javax/servlet/jsp/jstl/core/IteratedExpression.class
[WARNING] javax.servlet.jsp.jstl.core.IteratedValueExpression scanned from multiple locations: jar:file:///C:/Users/abclab-3/.m2/repository/javax/servlet/jstl/1.2/jstl-1.2.jar!/javax/servlet/jsp/jstl/core/IteratedValueExpression.class, jar:file:///C:/Users/abclab-3/.m2/repository/javax/javaee-api/8.0.1/javaee-api-8.0.1.jar!/javax/servlet/jsp/jstl/core/IteratedValueExpression.class
[WARNING] javax.servlet.jsp.jstl.core.LoopTag scanned from multiple locations: jar:file:///C:/Users/abclab-3/.m2/repository/javax/servlet/jstl/1.2/jstl-1.2.jar!/javax/servlet/jsp/jstl/core/LoopTag.class, jar:file:///C:/Users/abclab-3/.m2/repository/javax/javaee-api/8.0.1/javaee-api-8.0.1.jar!/javax/servlet/jsp/jstl/core/LoopTag.class
[WARNING] javax.servlet.jsp.jstl.core.LoopTagStatus scanned from multiple locations: jar:file:///C:/Users/abclab-3/.m2/repository/javax/servlet/jstl/1.2/jstl-1.2.jar!/javax/servlet/jsp/jstl/core/LoopTagStatus.class, jar:file:///C:/Users/abclab-3/.m2/repository/javax/javaee-api/8.0.1/javaee-api-8.0.1.jar!/javax/servlet/jsp/jstl/core/LoopTagStatus.class
[WARNING] javax.servlet.jsp.jstl.core.LoopTagSupport$1Status scanned from multiple locations: jar:file:///C:/Users/abclab-3/.m2/repository/javax/servlet/jstl/1.2/jstl-1.2.jar!/javax/servlet/jsp/jstl/core/LoopTagSupport$1Status.class, jar:file:///C:/Users/abclab-3/.m2/repository/javax/javaee-api/8.0.1/javaee-api-8.0.1.jar!/javax/servlet/jsp/jstl/core/LoopTagSupport$1Status.class
[WARNING] javax.servlet.jsp.jstl.core.LoopTagSupport scanned from multiple locations: jar:file:///C:/Users/abclab-3/.m2/repository/javax/servlet/jstl/1.2/jstl-1.2.jar!/javax/servlet/jsp/jstl/core/LoopTagSupport.class, jar:file:///C:/Users/abclab-3/.m2/repository/javax/javaee-api/8.0.1/javaee-api-8.0.1.jar!/javax/servlet/jsp/jstl/core/LoopTagSupport.class
[WARNING] javax.servlet.jsp.jstl.fmt.LocaleSupport scanned from multiple locations: jar:file:///C:/Users/abclab-3/.m2/repository/javax/servlet/jstl/1.2/jstl-1.2.jar!/javax/servlet/jsp/jstl/fmt/LocaleSupport.class, jar:file:///C:/Users/abclab-3/.m2/repository/javax/javaee-api/8.0.1/javaee-api-8.0.1.jar!/javax/servlet/jsp/jstl/fmt/LocaleSupport.class
[WARNING] javax.servlet.jsp.jstl.fmt.LocalizationContext scanned from multiple locations: jar:file:///C:/Users/abclab-3/.m2/repository/javax/servlet/jstl/1.2/jstl-1.2.jar!/javax/servlet/jsp/jstl/fmt/LocalizationContext.class, jar:file:///C:/Users/abclab-3/.m2/repository/javax/javaee-api/8.0.1/javaee-api-8.0.1.jar!/javax/servlet/jsp/jstl/fmt/LocalizationContext.class
[WARNING] javax.servlet.jsp.jstl.sql.Result scanned from multiple locations: jar:file:///C:/Users/abclab-3/.m2/repository/javax/servlet/jstl/1.2/jstl-1.2.jar!/javax/servlet/jsp/jstl/sql/Result.class, jar:file:///C:/Users/abclab-3/.m2/repository/javax/javaee-api/8.0.1/javaee-api-8.0.1.jar!/javax/servlet/jsp/jstl/sql/Result.class
[WARNING] javax.servlet.jsp.jstl.sql.ResultImpl scanned from multiple locations: jar:file:///C:/Users/abclab-3/.m2/repository/javax/servlet/jstl/1.2/jstl-1.2.jar!/javax/servlet/jsp/jstl/sql/ResultImpl.class, jar:file:///C:/Users/abclab-3/.m2/repository/javax/javaee-api/8.0.1/javaee-api-8.0.1.jar!/javax/servlet/jsp/jstl/sql/ResultImpl.class
[WARNING] javax.servlet.jsp.jstl.sql.ResultSupport scanned from multiple locations: jar:file:///C:/Users/abclab-3/.m2/repository/javax/servlet/jstl/1.2/jstl-1.2.jar!/javax/servlet/jsp/jstl/sql/ResultSupport.class, jar:file:///C:/Users/abclab-3/.m2/repository/javax/javaee-api/8.0.1/javaee-api-8.0.1.jar!/javax/servlet/jsp/jstl/sql/ResultSupport.class
[WARNING] javax.servlet.jsp.jstl.sql.SQLExecutionTag scanned from multiple locations: jar:file:///C:/Users/abclab-3/.m2/repository/javax/servlet/jstl/1.2/jstl-1.2.jar!/javax/servlet/jsp/jstl/sql/SQLExecutionTag.class, jar:file:///C:/Users/abclab-3/.m2/repository/javax/javaee-api/8.0.1/javaee-api-8.0.1.jar!/javax/servlet/jsp/jstl/sql/SQLExecutionTag.class
[WARNING] javax.servlet.jsp.jstl.tlv.PermittedTaglibsTLV$1 scanned from multiple locations: jar:file:///C:/Users/abclab-3/.m2/repository/javax/servlet/jstl/1.2/jstl-1.2.jar!/javax/servlet/jsp/jstl/tlv/PermittedTaglibsTLV$1.class, jar:file:///C:/Users/abclab-3/.m2/repository/javax/javaee-api/8.0.1/javaee-api-8.0.1.jar!/javax/servlet/jsp/jstl/tlv/PermittedTaglibsTLV$1.class
[WARNING] javax.servlet.jsp.jstl.tlv.PermittedTaglibsTLV$PermittedTaglibsHandler scanned from multiple locations: jar:file:///C:/Users/abclab-3/.m2/repository/javax/servlet/jstl/1.2/jstl-1.2.jar!/javax/servlet/jsp/jstl/tlv/PermittedTaglibsTLV$PermittedTaglibsHandler.class, jar:file:///C:/Users/abclab-3/.m2/repository/javax/javaee-api/8.0.1/javaee-api-8.0.1.jar!/javax/servlet/jsp/jstl/tlv/PermittedTaglibsTLV$PermittedTaglibsHandler.class
[WARNING] javax.servlet.jsp.jstl.tlv.PermittedTaglibsTLV scanned from multiple locations: jar:file:///C:/Users/abclab-3/.m2/repository/javax/servlet/jstl/1.2/jstl-1.2.jar!/javax/servlet/jsp/jstl/tlv/PermittedTaglibsTLV.class, jar:file:///C:/Users/abclab-3/.m2/repository/javax/javaee-api/8.0.1/javaee-api-8.0.1.jar!/javax/servlet/jsp/jstl/tlv/PermittedTaglibsTLV.class
[WARNING] javax.servlet.jsp.jstl.tlv.ScriptFreeTLV$1 scanned from multiple locations: jar:file:///C:/Users/abclab-3/.m2/repository/javax/servlet/jstl/1.2/jstl-1.2.jar!/javax/servlet/jsp/jstl/tlv/ScriptFreeTLV$1.class, jar:file:///C:/Users/abclab-3/.m2/repository/javax/javaee-api/8.0.1/javaee-api-8.0.1.jar!/javax/servlet/jsp/jstl/tlv/ScriptFreeTLV$1.class
[WARNING] javax.servlet.jsp.jstl.tlv.ScriptFreeTLV$MyContentHandler scanned from multiple locations: jar:file:///C:/Users/abclab-3/.m2/repository/javax/servlet/jstl/1.2/jstl-1.2.jar!/javax/servlet/jsp/jstl/tlv/ScriptFreeTLV$MyContentHandler.class, jar:file:///C:/Users/abclab-3/.m2/repository/javax/javaee-api/8.0.1/javaee-api-8.0.1.jar!/javax/servlet/jsp/jstl/tlv/ScriptFreeTLV$MyContentHandler.class
[WARNING] javax.servlet.jsp.jstl.tlv.ScriptFreeTLV scanned from multiple locations: jar:file:///C:/Users/abclab-3/.m2/repository/javax/servlet/jstl/1.2/jstl-1.2.jar!/javax/servlet/jsp/jstl/tlv/ScriptFreeTLV.class, jar:file:///C:/Users/abclab-3/.m2/repository/javax/javaee-api/8.0.1/javaee-api-8.0.1.jar!/javax/servlet/jsp/jstl/tlv/ScriptFreeTLV.class
[WARNING] javax.validation.BootstrapConfiguration scanned from multiple locations: jar:file:///C:/Users/abclab-3/.m2/repository/javax/javaee-api/8.0.1/javaee-api-8.0.1.jar!/javax/validation/BootstrapConfiguration.class, jar:file:///C:/Users/abclab-3/.m2/repository/jakarta/validation/jakarta.validation-api/2.0.2/jakarta.validation-api-2.0.2.jar!/javax/validation/BootstrapConfiguration.class
[WARNING] javax.validation.ClockProvider scanned from multiple locations: jar:file:///C:/Users/abclab-3/.m2/repository/javax/javaee-api/8.0.1/javaee-api-8.0.1.jar!/javax/validation/ClockProvider.class, jar:file:///C:/Users/abclab-3/.m2/repository/jakarta/validation/jakarta.validation-api/2.0.2/jakarta.validation-api-2.0.2.jar!/javax/validation/ClockProvider.class
[WARNING] javax.validation.Configuration scanned from multiple locations: jar:file:///C:/Users/abclab-3/.m2/repository/javax/javaee-api/8.0.1/javaee-api-8.0.1.jar!/javax/validation/Configuration.class, jar:file:///C:/Users/abclab-3/.m2/repository/jakarta/validation/jakarta.validation-api/2.0.2/jakarta.validation-api-2.0.2.jar!/javax/validation/Configuration.class
[WARNING] javax.validation.Constraint scanned from multiple locations: jar:file:///C:/Users/abclab-3/.m2/repository/javax/javaee-api/8.0.1/javaee-api-8.0.1.jar!/javax/validation/Constraint.class, jar:file:///C:/Users/abclab-3/.m2/repository/jakarta/validation/jakarta.validation-api/2.0.2/jakarta.validation-api-2.0.2.jar!/javax/validation/Constraint.class
[WARNING] javax.validation.ConstraintDeclarationException scanned from multiple locations: jar:file:///C:/Users/abclab-3/.m2/repository/javax/javaee-api/8.0.1/javaee-api-8.0.1.jar!/javax/validation/ConstraintDeclarationException.class, jar:file:///C:/Users/abclab-3/.m2/repository/jakarta/validation/jakarta.validation-api/2.0.2/jakarta.validation-api-2.0.2.jar!/javax/validation/ConstraintDeclarationException.class
[WARNING] javax.validation.ConstraintDefinitionException scanned from multiple locations: jar:file:///C:/Users/abclab-3/.m2/repository/javax/javaee-api/8.0.1/javaee-api-8.0.1.jar!/javax/validation/ConstraintDefinitionException.class, jar:file:///C:/Users/abclab-3/.m2/repository/jakarta/validation/jakarta.validation-api/2.0.2/jakarta.validation-api-2.0.2.jar!/javax/validation/ConstraintDefinitionException.class
[WARNING] javax.validation.ConstraintTarget scanned from multiple locations: jar:file:///C:/Users/abclab-3/.m2/repository/javax/javaee-api/8.0.1/javaee-api-8.0.1.jar!/javax/validation/ConstraintTarget.class, jar:file:///C:/Users/abclab-3/.m2/repository/jakarta/validation/jakarta.validation-api/2.0.2/jakarta.validation-api-2.0.2.jar!/javax/validation/ConstraintTarget.class
[WARNING] javax.validation.ConstraintValidator scanned from multiple locations: jar:file:///C:/Users/abclab-3/.m2/repository/javax/javaee-api/8.0.1/javaee-api-8.0.1.jar!/javax/validation/ConstraintValidator.class, jar:file:///C:/Users/abclab-3/.m2/repository/jakarta/validation/jakarta.validation-api/2.0.2/jakarta.validation-api-2.0.2.jar!/javax/validation/ConstraintValidator.class
[WARNING] javax.validation.ConstraintValidatorContext$ConstraintViolationBuilder$ContainerElementNodeBuilderCustomizableContext scanned from multiple locations: jar:file:///C:/Users/abclab-3/.m2/repository/javax/javaee-api/8.0.1/javaee-api-8.0.1.jar!/javax/validation/ConstraintValidatorContext$ConstraintViolationBuilder$ContainerElementNodeBuilderCustomizableContext.class, jar:file:///C:/Users/abclab-3/.m2/repository/jakarta/validation/jakarta.validation-api/2.0.2/jakarta.validation-api-2.0.2.jar!/javax/validation/ConstraintValidatorContext$ConstraintViolationBuilder$ContainerElementNodeBuilderCustomizableContext.class
[WARNING] javax.validation.ConstraintValidatorContext$ConstraintViolationBuilder$ContainerElementNodeBuilderDefinedContext scanned from multiple locations: jar:file:///C:/Users/abclab-3/.m2/repository/javax/javaee-api/8.0.1/javaee-api-8.0.1.jar!/javax/validation/ConstraintValidatorContext$ConstraintViolationBuilder$ContainerElementNodeBuilderDefinedContext.class, jar:file:///C:/Users/abclab-3/.m2/repository/jakarta/validation/jakarta.validation-api/2.0.2/jakarta.validation-api-2.0.2.jar!/javax/validation/ConstraintValidatorContext$ConstraintViolationBuilder$ContainerElementNodeBuilderDefinedContext.class
[WARNING] javax.validation.ConstraintValidatorContext$ConstraintViolationBuilder$ContainerElementNodeContextBuilder scanned from multiple locations: jar:file:///C:/Users/abclab-3/.m2/repository/javax/javaee-api/8.0.1/javaee-api-8.0.1.jar!/javax/validation/ConstraintValidatorContext$ConstraintViolationBuilder$ContainerElementNodeContextBuilder.class, jar:file:///C:/Users/abclab-3/.m2/repository/jakarta/validation/jakarta.validation-api/2.0.2/jakarta.validation-api-2.0.2.jar!/javax/validation/ConstraintValidatorContext$ConstraintViolationBuilder$ContainerElementNodeContextBuilder.class
[WARNING] javax.validation.ConstraintValidatorContext$ConstraintViolationBuilder$LeafNodeBuilderCustomizableContext scanned from multiple locations: jar:file:///C:/Users/abclab-3/.m2/repository/javax/javaee-api/8.0.1/javaee-api-8.0.1.jar!/javax/validation/ConstraintValidatorContext$ConstraintViolationBuilder$LeafNodeBuilderCustomizableContext.class, jar:file:///C:/Users/abclab-3/.m2/repository/jakarta/validation/jakarta.validation-api/2.0.2/jakarta.validation-api-2.0.2.jar!/javax/validation/ConstraintValidatorContext$ConstraintViolationBuilder$LeafNodeBuilderCustomizableContext.class
[WARNING] javax.validation.ConstraintValidatorContext$ConstraintViolationBuilder$LeafNodeBuilderDefinedContext scanned from multiple locations: jar:file:///C:/Users/abclab-3/.m2/repository/javax/javaee-api/8.0.1/javaee-api-8.0.1.jar!/javax/validation/ConstraintValidatorContext$ConstraintViolationBuilder$LeafNodeBuilderDefinedContext.class, jar:file:///C:/Users/abclab-3/.m2/repository/jakarta/validation/jakarta.validation-api/2.0.2/jakarta.validation-api-2.0.2.jar!/javax/validation/ConstraintValidatorContext$ConstraintViolationBuilder$LeafNodeBuilderDefinedContext.class
[WARNING] javax.validation.ConstraintValidatorContext$ConstraintViolationBuilder$LeafNodeContextBuilder scanned from multiple locations: jar:file:///C:/Users/abclab-3/.m2/repository/javax/javaee-api/8.0.1/javaee-api-8.0.1.jar!/javax/validation/ConstraintValidatorContext$ConstraintViolationBuilder$LeafNodeContextBuilder.class, jar:file:///C:/Users/abclab-3/.m2/repository/jakarta/validation/jakarta.validation-api/2.0.2/jakarta.validation-api-2.0.2.jar!/javax/validation/ConstraintValidatorContext$ConstraintViolationBuilder$LeafNodeContextBuilder.class
[WARNING] javax.validation.ConstraintValidatorContext$ConstraintViolationBuilder$NodeBuilderCustomizableContext scanned from multiple locations: jar:file:///C:/Users/abclab-3/.m2/repository/javax/javaee-api/8.0.1/javaee-api-8.0.1.jar!/javax/validation/ConstraintValidatorContext$ConstraintViolationBuilder$NodeBuilderCustomizableContext.class, jar:file:///C:/Users/abclab-3/.m2/repository/jakarta/validation/jakarta.validation-api/2.0.2/jakarta.validation-api-2.0.2.jar!/javax/validation/ConstraintValidatorContext$ConstraintViolationBuilder$NodeBuilderCustomizableContext.class
[WARNING] javax.validation.ConstraintValidatorContext$ConstraintViolationBuilder$NodeBuilderDefinedContext scanned from multiple locations: jar:file:///C:/Users/abclab-3/.m2/repository/javax/javaee-api/8.0.1/javaee-api-8.0.1.jar!/javax/validation/ConstraintValidatorContext$ConstraintViolationBuilder$NodeBuilderDefinedContext.class, jar:file:///C:/Users/abclab-3/.m2/repository/jakarta/validation/jakarta.validation-api/2.0.2/jakarta.validation-api-2.0.2.jar!/javax/validation/ConstraintValidatorContext$ConstraintViolationBuilder$NodeBuilderDefinedContext.class
[WARNING] javax.validation.ConstraintValidatorContext$ConstraintViolationBuilder$NodeContextBuilder scanned from multiple locations: jar:file:///C:/Users/abclab-3/.m2/repository/javax/javaee-api/8.0.1/javaee-api-8.0.1.jar!/javax/validation/ConstraintValidatorContext$ConstraintViolationBuilder$NodeContextBuilder.class, jar:file:///C:/Users/abclab-3/.m2/repository/jakarta/validation/jakarta.validation-api/2.0.2/jakarta.validation-api-2.0.2.jar!/javax/validation/ConstraintValidatorContext$ConstraintViolationBuilder$NodeContextBuilder.class
[WARNING] javax.validation.ConstraintValidatorContext$ConstraintViolationBuilder scanned from multiple locations: jar:file:///C:/Users/abclab-3/.m2/repository/javax/javaee-api/8.0.1/javaee-api-8.0.1.jar!/javax/validation/ConstraintValidatorContext$ConstraintViolationBuilder.class, jar:file:///C:/Users/abclab-3/.m2/repository/jakarta/validation/jakarta.validation-api/2.0.2/jakarta.validation-api-2.0.2.jar!/javax/validation/ConstraintValidatorContext$ConstraintViolationBuilder.class
[WARNING] javax.validation.ConstraintValidatorContext scanned from multiple locations: jar:file:///C:/Users/abclab-3/.m2/repository/javax/javaee-api/8.0.1/javaee-api-8.0.1.jar!/javax/validation/ConstraintValidatorContext.class, jar:file:///C:/Users/abclab-3/.m2/repository/jakarta/validation/jakarta.validation-api/2.0.2/jakarta.validation-api-2.0.2.jar!/javax/validation/ConstraintValidatorContext.class
[WARNING] javax.validation.ConstraintValidatorFactory scanned from multiple locations: jar:file:///C:/Users/abclab-3/.m2/repository/javax/javaee-api/8.0.1/javaee-api-8.0.1.jar!/javax/validation/ConstraintValidatorFactory.class, jar:file:///C:/Users/abclab-3/.m2/repository/jakarta/validation/jakarta.validation-api/2.0.2/jakarta.validation-api-2.0.2.jar!/javax/validation/ConstraintValidatorFactory.class
[WARNING] javax.validation.ConstraintViolation scanned from multiple locations: jar:file:///C:/Users/abclab-3/.m2/repository/javax/javaee-api/8.0.1/javaee-api-8.0.1.jar!/javax/validation/ConstraintViolation.class, jar:file:///C:/Users/abclab-3/.m2/repository/jakarta/validation/jakarta.validation-api/2.0.2/jakarta.validation-api-2.0.2.jar!/javax/validation/ConstraintViolation.class
[WARNING] javax.validation.ConstraintViolationException scanned from multiple locations: jar:file:///C:/Users/abclab-3/.m2/repository/javax/javaee-api/8.0.1/javaee-api-8.0.1.jar!/javax/validation/ConstraintViolationException.class, jar:file:///C:/Users/abclab-3/.m2/repository/jakarta/validation/jakarta.validation-api/2.0.2/jakarta.validation-api-2.0.2.jar!/javax/validation/ConstraintViolationException.class
[WARNING] javax.validation.ElementKind scanned from multiple locations: jar:file:///C:/Users/abclab-3/.m2/repository/javax/javaee-api/8.0.1/javaee-api-8.0.1.jar!/javax/validation/ElementKind.class, jar:file:///C:/Users/abclab-3/.m2/repository/jakarta/validation/jakarta.validation-api/2.0.2/jakarta.validation-api-2.0.2.jar!/javax/validation/ElementKind.class
[WARNING] javax.validation.GroupDefinitionException scanned from multiple locations: jar:file:///C:/Users/abclab-3/.m2/repository/javax/javaee-api/8.0.1/javaee-api-8.0.1.jar!/javax/validation/GroupDefinitionException.class, jar:file:///C:/Users/abclab-3/.m2/repository/jakarta/validation/jakarta.validation-api/2.0.2/jakarta.validation-api-2.0.2.jar!/javax/validation/GroupDefinitionException.class
[WARNING] javax.validation.GroupSequence scanned from multiple locations: jar:file:///C:/Users/abclab-3/.m2/repository/javax/javaee-api/8.0.1/javaee-api-8.0.1.jar!/javax/validation/GroupSequence.class, jar:file:///C:/Users/abclab-3/.m2/repository/jakarta/validation/jakarta.validation-api/2.0.2/jakarta.validation-api-2.0.2.jar!/javax/validation/GroupSequence.class
[WARNING] javax.validation.MessageInterpolator$Context scanned from multiple locations: jar:file:///C:/Users/abclab-3/.m2/repository/javax/javaee-api/8.0.1/javaee-api-8.0.1.jar!/javax/validation/MessageInterpolator$Context.class, jar:file:///C:/Users/abclab-3/.m2/repository/jakarta/validation/jakarta.validation-api/2.0.2/jakarta.validation-api-2.0.2.jar!/javax/validation/MessageInterpolator$Context.class
[WARNING] javax.validation.MessageInterpolator scanned from multiple locations: jar:file:///C:/Users/abclab-3/.m2/repository/javax/javaee-api/8.0.1/javaee-api-8.0.1.jar!/javax/validation/MessageInterpolator.class, jar:file:///C:/Users/abclab-3/.m2/repository/jakarta/validation/jakarta.validation-api/2.0.2/jakarta.validation-api-2.0.2.jar!/javax/validation/MessageInterpolator.class
[WARNING] javax.validation.NoProviderFoundException scanned from multiple locations: jar:file:///C:/Users/abclab-3/.m2/repository/javax/javaee-api/8.0.1/javaee-api-8.0.1.jar!/javax/validation/NoProviderFoundException.class, jar:file:///C:/Users/abclab-3/.m2/repository/jakarta/validation/jakarta.validation-api/2.0.2/jakarta.validation-api-2.0.2.jar!/javax/validation/NoProviderFoundException.class
[WARNING] javax.validation.OverridesAttribute$List scanned from multiple locations: jar:file:///C:/Users/abclab-3/.m2/repository/javax/javaee-api/8.0.1/javaee-api-8.0.1.jar!/javax/validation/OverridesAttribute$List.class, jar:file:///C:/Users/abclab-3/.m2/repository/jakarta/validation/jakarta.validation-api/2.0.2/jakarta.validation-api-2.0.2.jar!/javax/validation/OverridesAttribute$List.class
[WARNING] javax.validation.OverridesAttribute scanned from multiple locations: jar:file:///C:/Users/abclab-3/.m2/repository/javax/javaee-api/8.0.1/javaee-api-8.0.1.jar!/javax/validation/OverridesAttribute.class, jar:file:///C:/Users/abclab-3/.m2/repository/jakarta/validation/jakarta.validation-api/2.0.2/jakarta.validation-api-2.0.2.jar!/javax/validation/OverridesAttribute.class
[WARNING] javax.validation.ParameterNameProvider scanned from multiple locations: jar:file:///C:/Users/abclab-3/.m2/repository/javax/javaee-api/8.0.1/javaee-api-8.0.1.jar!/javax/validation/ParameterNameProvider.class, jar:file:///C:/Users/abclab-3/.m2/repository/jakarta/validation/jakarta.validation-api/2.0.2/jakarta.validation-api-2.0.2.jar!/javax/validation/ParameterNameProvider.class
[WARNING] javax.validation.Path$BeanNode scanned from multiple locations: jar:file:///C:/Users/abclab-3/.m2/repository/javax/javaee-api/8.0.1/javaee-api-8.0.1.jar!/javax/validation/Path$BeanNode.class, jar:file:///C:/Users/abclab-3/.m2/repository/jakarta/validation/jakarta.validation-api/2.0.2/jakarta.validation-api-2.0.2.jar!/javax/validation/Path$BeanNode.class
[WARNING] javax.validation.Path$ConstructorNode scanned from multiple locations: jar:file:///C:/Users/abclab-3/.m2/repository/javax/javaee-api/8.0.1/javaee-api-8.0.1.jar!/javax/validation/Path$ConstructorNode.class, jar:file:///C:/Users/abclab-3/.m2/repository/jakarta/validation/jakarta.validation-api/2.0.2/jakarta.validation-api-2.0.2.jar!/javax/validation/Path$ConstructorNode.class
[WARNING] javax.validation.Path$ContainerElementNode scanned from multiple locations: jar:file:///C:/Users/abclab-3/.m2/repository/javax/javaee-api/8.0.1/javaee-api-8.0.1.jar!/javax/validation/Path$ContainerElementNode.class, jar:file:///C:/Users/abclab-3/.m2/repository/jakarta/validation/jakarta.validation-api/2.0.2/jakarta.validation-api-2.0.2.jar!/javax/validation/Path$ContainerElementNode.class
[WARNING] javax.validation.Path$CrossParameterNode scanned from multiple locations: jar:file:///C:/Users/abclab-3/.m2/repository/javax/javaee-api/8.0.1/javaee-api-8.0.1.jar!/javax/validation/Path$CrossParameterNode.class, jar:file:///C:/Users/abclab-3/.m2/repository/jakarta/validation/jakarta.validation-api/2.0.2/jakarta.validation-api-2.0.2.jar!/javax/validation/Path$CrossParameterNode.class
[WARNING] javax.validation.Path$MethodNode scanned from multiple locations: jar:file:///C:/Users/abclab-3/.m2/repository/javax/javaee-api/8.0.1/javaee-api-8.0.1.jar!/javax/validation/Path$MethodNode.class, jar:file:///C:/Users/abclab-3/.m2/repository/jakarta/validation/jakarta.validation-api/2.0.2/jakarta.validation-api-2.0.2.jar!/javax/validation/Path$MethodNode.class
[WARNING] javax.validation.Path$Node scanned from multiple locations: jar:file:///C:/Users/abclab-3/.m2/repository/javax/javaee-api/8.0.1/javaee-api-8.0.1.jar!/javax/validation/Path$Node.class, jar:file:///C:/Users/abclab-3/.m2/repository/jakarta/validation/jakarta.validation-api/2.0.2/jakarta.validation-api-2.0.2.jar!/javax/validation/Path$Node.class
[WARNING] javax.validation.Path$ParameterNode scanned from multiple locations: jar:file:///C:/Users/abclab-3/.m2/repository/javax/javaee-api/8.0.1/javaee-api-8.0.1.jar!/javax/validation/Path$ParameterNode.class, jar:file:///C:/Users/abclab-3/.m2/repository/jakarta/validation/jakarta.validation-api/2.0.2/jakarta.validation-api-2.0.2.jar!/javax/validation/Path$ParameterNode.class
[WARNING] javax.validation.Path$PropertyNode scanned from multiple locations: jar:file:///C:/Users/abclab-3/.m2/repository/javax/javaee-api/8.0.1/javaee-api-8.0.1.jar!/javax/validation/Path$PropertyNode.class, jar:file:///C:/Users/abclab-3/.m2/repository/jakarta/validation/jakarta.validation-api/2.0.2/jakarta.validation-api-2.0.2.jar!/javax/validation/Path$PropertyNode.class
[WARNING] javax.validation.Path$ReturnValueNode scanned from multiple locations: jar:file:///C:/Users/abclab-3/.m2/repository/javax/javaee-api/8.0.1/javaee-api-8.0.1.jar!/javax/validation/Path$ReturnValueNode.class, jar:file:///C:/Users/abclab-3/.m2/repository/jakarta/validation/jakarta.validation-api/2.0.2/jakarta.validation-api-2.0.2.jar!/javax/validation/Path$ReturnValueNode.class
[WARNING] javax.validation.Path scanned from multiple locations: jar:file:///C:/Users/abclab-3/.m2/repository/javax/javaee-api/8.0.1/javaee-api-8.0.1.jar!/javax/validation/Path.class, jar:file:///C:/Users/abclab-3/.m2/repository/jakarta/validation/jakarta.validation-api/2.0.2/jakarta.validation-api-2.0.2.jar!/javax/validation/Path.class
[WARNING] javax.validation.Payload scanned from multiple locations: jar:file:///C:/Users/abclab-3/.m2/repository/javax/javaee-api/8.0.1/javaee-api-8.0.1.jar!/javax/validation/Payload.class, jar:file:///C:/Users/abclab-3/.m2/repository/jakarta/validation/jakarta.validation-api/2.0.2/jakarta.validation-api-2.0.2.jar!/javax/validation/Payload.class
[WARNING] javax.validation.ReportAsSingleViolation scanned from multiple locations: jar:file:///C:/Users/abclab-3/.m2/repository/javax/javaee-api/8.0.1/javaee-api-8.0.1.jar!/javax/validation/ReportAsSingleViolation.class, jar:file:///C:/Users/abclab-3/.m2/repository/jakarta/validation/jakarta.validation-api/2.0.2/jakarta.validation-api-2.0.2.jar!/javax/validation/ReportAsSingleViolation.class
[WARNING] javax.validation.TraversableResolver scanned from multiple locations: jar:file:///C:/Users/abclab-3/.m2/repository/javax/javaee-api/8.0.1/javaee-api-8.0.1.jar!/javax/validation/TraversableResolver.class, jar:file:///C:/Users/abclab-3/.m2/repository/jakarta/validation/jakarta.validation-api/2.0.2/jakarta.validation-api-2.0.2.jar!/javax/validation/TraversableResolver.class
[WARNING] javax.validation.UnexpectedTypeException scanned from multiple locations: jar:file:///C:/Users/abclab-3/.m2/repository/javax/javaee-api/8.0.1/javaee-api-8.0.1.jar!/javax/validation/UnexpectedTypeException.class, jar:file:///C:/Users/abclab-3/.m2/repository/jakarta/validation/jakarta.validation-api/2.0.2/jakarta.validation-api-2.0.2.jar!/javax/validation/UnexpectedTypeException.class
[WARNING] javax.validation.Valid scanned from multiple locations: jar:file:///C:/Users/abclab-3/.m2/repository/javax/javaee-api/8.0.1/javaee-api-8.0.1.jar!/javax/validation/Valid.class, jar:file:///C:/Users/abclab-3/.m2/repository/jakarta/validation/jakarta.validation-api/2.0.2/jakarta.validation-api-2.0.2.jar!/javax/validation/Valid.class
[WARNING] javax.validation.Validation$1 scanned from multiple locations: jar:file:///C:/Users/abclab-3/.m2/repository/javax/javaee-api/8.0.1/javaee-api-8.0.1.jar!/javax/validation/Validation$1.class, jar:file:///C:/Users/abclab-3/.m2/repository/jakarta/validation/jakarta.validation-api/2.0.2/jakarta.validation-api-2.0.2.jar!/javax/validation/Validation$1.class
[WARNING] javax.validation.Validation$DefaultValidationProviderResolver scanned from multiple locations: jar:file:///C:/Users/abclab-3/.m2/repository/javax/javaee-api/8.0.1/javaee-api-8.0.1.jar!/javax/validation/Validation$DefaultValidationProviderResolver.class, jar:file:///C:/Users/abclab-3/.m2/repository/jakarta/validation/jakarta.validation-api/2.0.2/jakarta.validation-api-2.0.2.jar!/javax/validation/Validation$DefaultValidationProviderResolver.class
[WARNING] javax.validation.Validation$GenericBootstrapImpl scanned from multiple locations: jar:file:///C:/Users/abclab-3/.m2/repository/javax/javaee-api/8.0.1/javaee-api-8.0.1.jar!/javax/validation/Validation$GenericBootstrapImpl.class, jar:file:///C:/Users/abclab-3/.m2/repository/jakarta/validation/jakarta.validation-api/2.0.2/jakarta.validation-api-2.0.2.jar!/javax/validation/Validation$GenericBootstrapImpl.class
[WARNING] javax.validation.Validation$GetValidationProviderListAction scanned from multiple locations: jar:file:///C:/Users/abclab-3/.m2/repository/javax/javaee-api/8.0.1/javaee-api-8.0.1.jar!/javax/validation/Validation$GetValidationProviderListAction.class, jar:file:///C:/Users/abclab-3/.m2/repository/jakarta/validation/jakarta.validation-api/2.0.2/jakarta.validation-api-2.0.2.jar!/javax/validation/Validation$GetValidationProviderListAction.class
[WARNING] javax.validation.Validation$NewProviderInstance scanned from multiple locations: jar:file:///C:/Users/abclab-3/.m2/repository/javax/javaee-api/8.0.1/javaee-api-8.0.1.jar!/javax/validation/Validation$NewProviderInstance.class, jar:file:///C:/Users/abclab-3/.m2/repository/jakarta/validation/jakarta.validation-api/2.0.2/jakarta.validation-api-2.0.2.jar!/javax/validation/Validation$NewProviderInstance.class
[WARNING] javax.validation.Validation$ProviderSpecificBootstrapImpl scanned from multiple locations: jar:file:///C:/Users/abclab-3/.m2/repository/javax/javaee-api/8.0.1/javaee-api-8.0.1.jar!/javax/validation/Validation$ProviderSpecificBootstrapImpl.class, jar:file:///C:/Users/abclab-3/.m2/repository/jakarta/validation/jakarta.validation-api/2.0.2/jakarta.validation-api-2.0.2.jar!/javax/validation/Validation$ProviderSpecificBootstrapImpl.class
[WARNING] javax.validation.Validation scanned from multiple locations: jar:file:///C:/Users/abclab-3/.m2/repository/javax/javaee-api/8.0.1/javaee-api-8.0.1.jar!/javax/validation/Validation.class, jar:file:///C:/Users/abclab-3/.m2/repository/jakarta/validation/jakarta.validation-api/2.0.2/jakarta.validation-api-2.0.2.jar!/javax/validation/Validation.class
[WARNING] javax.validation.ValidationException scanned from multiple locations: jar:file:///C:/Users/abclab-3/.m2/repository/javax/javaee-api/8.0.1/javaee-api-8.0.1.jar!/javax/validation/ValidationException.class, jar:file:///C:/Users/abclab-3/.m2/repository/jakarta/validation/jakarta.validation-api/2.0.2/jakarta.validation-api-2.0.2.jar!/javax/validation/ValidationException.class
[WARNING] javax.validation.ValidationProviderResolver scanned from multiple locations: jar:file:///C:/Users/abclab-3/.m2/repository/javax/javaee-api/8.0.1/javaee-api-8.0.1.jar!/javax/validation/ValidationProviderResolver.class, jar:file:///C:/Users/abclab-3/.m2/repository/jakarta/validation/jakarta.validation-api/2.0.2/jakarta.validation-api-2.0.2.jar!/javax/validation/ValidationProviderResolver.class
[WARNING] javax.validation.Validator scanned from multiple locations: jar:file:///C:/Users/abclab-3/.m2/repository/javax/javaee-api/8.0.1/javaee-api-8.0.1.jar!/javax/validation/Validator.class, jar:file:///C:/Users/abclab-3/.m2/repository/jakarta/validation/jakarta.validation-api/2.0.2/jakarta.validation-api-2.0.2.jar!/javax/validation/Validator.class
[WARNING] javax.validation.ValidatorContext scanned from multiple locations: jar:file:///C:/Users/abclab-3/.m2/repository/javax/javaee-api/8.0.1/javaee-api-8.0.1.jar!/javax/validation/ValidatorContext.class, jar:file:///C:/Users/abclab-3/.m2/repository/jakarta/validation/jakarta.validation-api/2.0.2/jakarta.validation-api-2.0.2.jar!/javax/validation/ValidatorContext.class
[WARNING] javax.validation.ValidatorFactory scanned from multiple locations: jar:file:///C:/Users/abclab-3/.m2/repository/javax/javaee-api/8.0.1/javaee-api-8.0.1.jar!/javax/validation/ValidatorFactory.class, jar:file:///C:/Users/abclab-3/.m2/repository/jakarta/validation/jakarta.validation-api/2.0.2/jakarta.validation-api-2.0.2.jar!/javax/validation/ValidatorFactory.class
[WARNING] javax.validation.bootstrap.GenericBootstrap scanned from multiple locations: jar:file:///C:/Users/abclab-3/.m2/repository/javax/javaee-api/8.0.1/javaee-api-8.0.1.jar!/javax/validation/bootstrap/GenericBootstrap.class, jar:file:///C:/Users/abclab-3/.m2/repository/jakarta/validation/jakarta.validation-api/2.0.2/jakarta.validation-api-2.0.2.jar!/javax/validation/bootstrap/GenericBootstrap.class
[WARNING] javax.validation.bootstrap.ProviderSpecificBootstrap scanned from multiple locations: jar:file:///C:/Users/abclab-3/.m2/repository/javax/javaee-api/8.0.1/javaee-api-8.0.1.jar!/javax/validation/bootstrap/ProviderSpecificBootstrap.class, jar:file:///C:/Users/abclab-3/.m2/repository/jakarta/validation/jakarta.validation-api/2.0.2/jakarta.validation-api-2.0.2.jar!/javax/validation/bootstrap/ProviderSpecificBootstrap.class
[WARNING] javax.validation.constraints.AssertFalse$List scanned from multiple locations: jar:file:///C:/Users/abclab-3/.m2/repository/javax/javaee-api/8.0.1/javaee-api-8.0.1.jar!/javax/validation/constraints/AssertFalse$List.class, jar:file:///C:/Users/abclab-3/.m2/repository/jakarta/validation/jakarta.validation-api/2.0.2/jakarta.validation-api-2.0.2.jar!/javax/validation/constraints/AssertFalse$List.class
[WARNING] javax.validation.constraints.AssertFalse scanned from multiple locations: jar:file:///C:/Users/abclab-3/.m2/repository/javax/javaee-api/8.0.1/javaee-api-8.0.1.jar!/javax/validation/constraints/AssertFalse.class, jar:file:///C:/Users/abclab-3/.m2/repository/jakarta/validation/jakarta.validation-api/2.0.2/jakarta.validation-api-2.0.2.jar!/javax/validation/constraints/AssertFalse.class
[WARNING] javax.validation.constraints.AssertTrue$List scanned from multiple locations: jar:file:///C:/Users/abclab-3/.m2/repository/javax/javaee-api/8.0.1/javaee-api-8.0.1.jar!/javax/validation/constraints/AssertTrue$List.class, jar:file:///C:/Users/abclab-3/.m2/repository/jakarta/validation/jakarta.validation-api/2.0.2/jakarta.validation-api-2.0.2.jar!/javax/validation/constraints/AssertTrue$List.class
[WARNING] javax.validation.constraints.AssertTrue scanned from multiple locations: jar:file:///C:/Users/abclab-3/.m2/repository/javax/javaee-api/8.0.1/javaee-api-8.0.1.jar!/javax/validation/constraints/AssertTrue.class, jar:file:///C:/Users/abclab-3/.m2/repository/jakarta/validation/jakarta.validation-api/2.0.2/jakarta.validation-api-2.0.2.jar!/javax/validation/constraints/AssertTrue.class
[WARNING] javax.validation.constraints.DecimalMax$List scanned from multiple locations: jar:file:///C:/Users/abclab-3/.m2/repository/javax/javaee-api/8.0.1/javaee-api-8.0.1.jar!/javax/validation/constraints/DecimalMax$List.class, jar:file:///C:/Users/abclab-3/.m2/repository/jakarta/validation/jakarta.validation-api/2.0.2/jakarta.validation-api-2.0.2.jar!/javax/validation/constraints/DecimalMax$List.class
[WARNING] javax.validation.constraints.DecimalMax scanned from multiple locations: jar:file:///C:/Users/abclab-3/.m2/repository/javax/javaee-api/8.0.1/javaee-api-8.0.1.jar!/javax/validation/constraints/DecimalMax.class, jar:file:///C:/Users/abclab-3/.m2/repository/jakarta/validation/jakarta.validation-api/2.0.2/jakarta.validation-api-2.0.2.jar!/javax/validation/constraints/DecimalMax.class
[WARNING] javax.validation.constraints.DecimalMin$List scanned from multiple locations: jar:file:///C:/Users/abclab-3/.m2/repository/javax/javaee-api/8.0.1/javaee-api-8.0.1.jar!/javax/validation/constraints/DecimalMin$List.class, jar:file:///C:/Users/abclab-3/.m2/repository/jakarta/validation/jakarta.validation-api/2.0.2/jakarta.validation-api-2.0.2.jar!/javax/validation/constraints/DecimalMin$List.class
[WARNING] javax.validation.constraints.DecimalMin scanned from multiple locations: jar:file:///C:/Users/abclab-3/.m2/repository/javax/javaee-api/8.0.1/javaee-api-8.0.1.jar!/javax/validation/constraints/DecimalMin.class, jar:file:///C:/Users/abclab-3/.m2/repository/jakarta/validation/jakarta.validation-api/2.0.2/jakarta.validation-api-2.0.2.jar!/javax/validation/constraints/DecimalMin.class
[WARNING] javax.validation.constraints.Digits$List scanned from multiple locations: jar:file:///C:/Users/abclab-3/.m2/repository/javax/javaee-api/8.0.1/javaee-api-8.0.1.jar!/javax/validation/constraints/Digits$List.class, jar:file:///C:/Users/abclab-3/.m2/repository/jakarta/validation/jakarta.validation-api/2.0.2/jakarta.validation-api-2.0.2.jar!/javax/validation/constraints/Digits$List.class
[WARNING] javax.validation.constraints.Digits scanned from multiple locations: jar:file:///C:/Users/abclab-3/.m2/repository/javax/javaee-api/8.0.1/javaee-api-8.0.1.jar!/javax/validation/constraints/Digits.class, jar:file:///C:/Users/abclab-3/.m2/repository/jakarta/validation/jakarta.validation-api/2.0.2/jakarta.validation-api-2.0.2.jar!/javax/validation/constraints/Digits.class
[WARNING] javax.validation.constraints.Email$List scanned from multiple locations: jar:file:///C:/Users/abclab-3/.m2/repository/javax/javaee-api/8.0.1/javaee-api-8.0.1.jar!/javax/validation/constraints/Email$List.class, jar:file:///C:/Users/abclab-3/.m2/repository/jakarta/validation/jakarta.validation-api/2.0.2/jakarta.validation-api-2.0.2.jar!/javax/validation/constraints/Email$List.class
[WARNING] javax.validation.constraints.Email scanned from multiple locations: jar:file:///C:/Users/abclab-3/.m2/repository/javax/javaee-api/8.0.1/javaee-api-8.0.1.jar!/javax/validation/constraints/Email.class, jar:file:///C:/Users/abclab-3/.m2/repository/jakarta/validation/jakarta.validation-api/2.0.2/jakarta.validation-api-2.0.2.jar!/javax/validation/constraints/Email.class
[WARNING] javax.validation.constraints.Future$List scanned from multiple locations: jar:file:///C:/Users/abclab-3/.m2/repository/javax/javaee-api/8.0.1/javaee-api-8.0.1.jar!/javax/validation/constraints/Future$List.class, jar:file:///C:/Users/abclab-3/.m2/repository/jakarta/validation/jakarta.validation-api/2.0.2/jakarta.validation-api-2.0.2.jar!/javax/validation/constraints/Future$List.class
[WARNING] javax.validation.constraints.Future scanned from multiple locations: jar:file:///C:/Users/abclab-3/.m2/repository/javax/javaee-api/8.0.1/javaee-api-8.0.1.jar!/javax/validation/constraints/Future.class, jar:file:///C:/Users/abclab-3/.m2/repository/jakarta/validation/jakarta.validation-api/2.0.2/jakarta.validation-api-2.0.2.jar!/javax/validation/constraints/Future.class
[WARNING] javax.validation.constraints.FutureOrPresent$List scanned from multiple locations: jar:file:///C:/Users/abclab-3/.m2/repository/javax/javaee-api/8.0.1/javaee-api-8.0.1.jar!/javax/validation/constraints/FutureOrPresent$List.class, jar:file:///C:/Users/abclab-3/.m2/repository/jakarta/validation/jakarta.validation-api/2.0.2/jakarta.validation-api-2.0.2.jar!/javax/validation/constraints/FutureOrPresent$List.class
[WARNING] javax.validation.constraints.FutureOrPresent scanned from multiple locations: jar:file:///C:/Users/abclab-3/.m2/repository/javax/javaee-api/8.0.1/javaee-api-8.0.1.jar!/javax/validation/constraints/FutureOrPresent.class, jar:file:///C:/Users/abclab-3/.m2/repository/jakarta/validation/jakarta.validation-api/2.0.2/jakarta.validation-api-2.0.2.jar!/javax/validation/constraints/FutureOrPresent.class
[WARNING] javax.validation.constraints.Max$List scanned from multiple locations: jar:file:///C:/Users/abclab-3/.m2/repository/javax/javaee-api/8.0.1/javaee-api-8.0.1.jar!/javax/validation/constraints/Max$List.class, jar:file:///C:/Users/abclab-3/.m2/repository/jakarta/validation/jakarta.validation-api/2.0.2/jakarta.validation-api-2.0.2.jar!/javax/validation/constraints/Max$List.class
[WARNING] javax.validation.constraints.Max scanned from multiple locations: jar:file:///C:/Users/abclab-3/.m2/repository/javax/javaee-api/8.0.1/javaee-api-8.0.1.jar!/javax/validation/constraints/Max.class, jar:file:///C:/Users/abclab-3/.m2/repository/jakarta/validation/jakarta.validation-api/2.0.2/jakarta.validation-api-2.0.2.jar!/javax/validation/constraints/Max.class
[WARNING] javax.validation.constraints.Min$List scanned from multiple locations: jar:file:///C:/Users/abclab-3/.m2/repository/javax/javaee-api/8.0.1/javaee-api-8.0.1.jar!/javax/validation/constraints/Min$List.class, jar:file:///C:/Users/abclab-3/.m2/repository/jakarta/validation/jakarta.validation-api/2.0.2/jakarta.validation-api-2.0.2.jar!/javax/validation/constraints/Min$List.class
[WARNING] javax.validation.constraints.Min scanned from multiple locations: jar:file:///C:/Users/abclab-3/.m2/repository/javax/javaee-api/8.0.1/javaee-api-8.0.1.jar!/javax/validation/constraints/Min.class, jar:file:///C:/Users/abclab-3/.m2/repository/jakarta/validation/jakarta.validation-api/2.0.2/jakarta.validation-api-2.0.2.jar!/javax/validation/constraints/Min.class
[WARNING] javax.validation.constraints.Negative$List scanned from multiple locations: jar:file:///C:/Users/abclab-3/.m2/repository/javax/javaee-api/8.0.1/javaee-api-8.0.1.jar!/javax/validation/constraints/Negative$List.class, jar:file:///C:/Users/abclab-3/.m2/repository/jakarta/validation/jakarta.validation-api/2.0.2/jakarta.validation-api-2.0.2.jar!/javax/validation/constraints/Negative$List.class
[WARNING] javax.validation.constraints.Negative scanned from multiple locations: jar:file:///C:/Users/abclab-3/.m2/repository/javax/javaee-api/8.0.1/javaee-api-8.0.1.jar!/javax/validation/constraints/Negative.class, jar:file:///C:/Users/abclab-3/.m2/repository/jakarta/validation/jakarta.validation-api/2.0.2/jakarta.validation-api-2.0.2.jar!/javax/validation/constraints/Negative.class
[WARNING] javax.validation.constraints.NegativeOrZero$List scanned from multiple locations: jar:file:///C:/Users/abclab-3/.m2/repository/javax/javaee-api/8.0.1/javaee-api-8.0.1.jar!/javax/validation/constraints/NegativeOrZero$List.class, jar:file:///C:/Users/abclab-3/.m2/repository/jakarta/validation/jakarta.validation-api/2.0.2/jakarta.validation-api-2.0.2.jar!/javax/validation/constraints/NegativeOrZero$List.class
[WARNING] javax.validation.constraints.NegativeOrZero scanned from multiple locations: jar:file:///C:/Users/abclab-3/.m2/repository/javax/javaee-api/8.0.1/javaee-api-8.0.1.jar!/javax/validation/constraints/NegativeOrZero.class, jar:file:///C:/Users/abclab-3/.m2/repository/jakarta/validation/jakarta.validation-api/2.0.2/jakarta.validation-api-2.0.2.jar!/javax/validation/constraints/NegativeOrZero.class
[WARNING] javax.validation.constraints.NotBlank$List scanned from multiple locations: jar:file:///C:/Users/abclab-3/.m2/repository/javax/javaee-api/8.0.1/javaee-api-8.0.1.jar!/javax/validation/constraints/NotBlank$List.class, jar:file:///C:/Users/abclab-3/.m2/repository/jakarta/validation/jakarta.validation-api/2.0.2/jakarta.validation-api-2.0.2.jar!/javax/validation/constraints/NotBlank$List.class
[WARNING] javax.validation.constraints.NotBlank scanned from multiple locations: jar:file:///C:/Users/abclab-3/.m2/repository/javax/javaee-api/8.0.1/javaee-api-8.0.1.jar!/javax/validation/constraints/NotBlank.class, jar:file:///C:/Users/abclab-3/.m2/repository/jakarta/validation/jakarta.validation-api/2.0.2/jakarta.validation-api-2.0.2.jar!/javax/validation/constraints/NotBlank.class
[WARNING] javax.validation.constraints.NotEmpty$List scanned from multiple locations: jar:file:///C:/Users/abclab-3/.m2/repository/javax/javaee-api/8.0.1/javaee-api-8.0.1.jar!/javax/validation/constraints/NotEmpty$List.class, jar:file:///C:/Users/abclab-3/.m2/repository/jakarta/validation/jakarta.validation-api/2.0.2/jakarta.validation-api-2.0.2.jar!/javax/validation/constraints/NotEmpty$List.class
[WARNING] javax.validation.constraints.NotEmpty scanned from multiple locations: jar:file:///C:/Users/abclab-3/.m2/repository/javax/javaee-api/8.0.1/javaee-api-8.0.1.jar!/javax/validation/constraints/NotEmpty.class, jar:file:///C:/Users/abclab-3/.m2/repository/jakarta/validation/jakarta.validation-api/2.0.2/jakarta.validation-api-2.0.2.jar!/javax/validation/constraints/NotEmpty.class
[WARNING] javax.validation.constraints.NotNull$List scanned from multiple locations: jar:file:///C:/Users/abclab-3/.m2/repository/javax/javaee-api/8.0.1/javaee-api-8.0.1.jar!/javax/validation/constraints/NotNull$List.class, jar:file:///C:/Users/abclab-3/.m2/repository/jakarta/validation/jakarta.validation-api/2.0.2/jakarta.validation-api-2.0.2.jar!/javax/validation/constraints/NotNull$List.class
[WARNING] javax.validation.constraints.NotNull scanned from multiple locations: jar:file:///C:/Users/abclab-3/.m2/repository/javax/javaee-api/8.0.1/javaee-api-8.0.1.jar!/javax/validation/constraints/NotNull.class, jar:file:///C:/Users/abclab-3/.m2/repository/jakarta/validation/jakarta.validation-api/2.0.2/jakarta.validation-api-2.0.2.jar!/javax/validation/constraints/NotNull.class
[WARNING] javax.validation.constraints.Null$List scanned from multiple locations: jar:file:///C:/Users/abclab-3/.m2/repository/javax/javaee-api/8.0.1/javaee-api-8.0.1.jar!/javax/validation/constraints/Null$List.class, jar:file:///C:/Users/abclab-3/.m2/repository/jakarta/validation/jakarta.validation-api/2.0.2/jakarta.validation-api-2.0.2.jar!/javax/validation/constraints/Null$List.class
[WARNING] javax.validation.constraints.Null scanned from multiple locations: jar:file:///C:/Users/abclab-3/.m2/repository/javax/javaee-api/8.0.1/javaee-api-8.0.1.jar!/javax/validation/constraints/Null.class, jar:file:///C:/Users/abclab-3/.m2/repository/jakarta/validation/jakarta.validation-api/2.0.2/jakarta.validation-api-2.0.2.jar!/javax/validation/constraints/Null.class
[WARNING] javax.validation.constraints.Past$List scanned from multiple locations: jar:file:///C:/Users/abclab-3/.m2/repository/javax/javaee-api/8.0.1/javaee-api-8.0.1.jar!/javax/validation/constraints/Past$List.class, jar:file:///C:/Users/abclab-3/.m2/repository/jakarta/validation/jakarta.validation-api/2.0.2/jakarta.validation-api-2.0.2.jar!/javax/validation/constraints/Past$List.class
[WARNING] javax.validation.constraints.Past scanned from multiple locations: jar:file:///C:/Users/abclab-3/.m2/repository/javax/javaee-api/8.0.1/javaee-api-8.0.1.jar!/javax/validation/constraints/Past.class, jar:file:///C:/Users/abclab-3/.m2/repository/jakarta/validation/jakarta.validation-api/2.0.2/jakarta.validation-api-2.0.2.jar!/javax/validation/constraints/Past.class
[WARNING] javax.validation.constraints.PastOrPresent$List scanned from multiple locations: jar:file:///C:/Users/abclab-3/.m2/repository/javax/javaee-api/8.0.1/javaee-api-8.0.1.jar!/javax/validation/constraints/PastOrPresent$List.class, jar:file:///C:/Users/abclab-3/.m2/repository/jakarta/validation/jakarta.validation-api/2.0.2/jakarta.validation-api-2.0.2.jar!/javax/validation/constraints/PastOrPresent$List.class
[WARNING] javax.validation.constraints.PastOrPresent scanned from multiple locations: jar:file:///C:/Users/abclab-3/.m2/repository/javax/javaee-api/8.0.1/javaee-api-8.0.1.jar!/javax/validation/constraints/PastOrPresent.class, jar:file:///C:/Users/abclab-3/.m2/repository/jakarta/validation/jakarta.validation-api/2.0.2/jakarta.validation-api-2.0.2.jar!/javax/validation/constraints/PastOrPresent.class
[WARNING] javax.validation.constraints.Pattern$Flag scanned from multiple locations: jar:file:///C:/Users/abclab-3/.m2/repository/javax/javaee-api/8.0.1/javaee-api-8.0.1.jar!/javax/validation/constraints/Pattern$Flag.class, jar:file:///C:/Users/abclab-3/.m2/repository/jakarta/validation/jakarta.validation-api/2.0.2/jakarta.validation-api-2.0.2.jar!/javax/validation/constraints/Pattern$Flag.class
[WARNING] javax.validation.constraints.Pattern$List scanned from multiple locations: jar:file:///C:/Users/abclab-3/.m2/repository/javax/javaee-api/8.0.1/javaee-api-8.0.1.jar!/javax/validation/constraints/Pattern$List.class, jar:file:///C:/Users/abclab-3/.m2/repository/jakarta/validation/jakarta.validation-api/2.0.2/jakarta.validation-api-2.0.2.jar!/javax/validation/constraints/Pattern$List.class
[WARNING] javax.validation.constraints.Pattern scanned from multiple locations: jar:file:///C:/Users/abclab-3/.m2/repository/javax/javaee-api/8.0.1/javaee-api-8.0.1.jar!/javax/validation/constraints/Pattern.class, jar:file:///C:/Users/abclab-3/.m2/repository/jakarta/validation/jakarta.validation-api/2.0.2/jakarta.validation-api-2.0.2.jar!/javax/validation/constraints/Pattern.class
[WARNING] javax.validation.constraints.Positive$List scanned from multiple locations: jar:file:///C:/Users/abclab-3/.m2/repository/javax/javaee-api/8.0.1/javaee-api-8.0.1.jar!/javax/validation/constraints/Positive$List.class, jar:file:///C:/Users/abclab-3/.m2/repository/jakarta/validation/jakarta.validation-api/2.0.2/jakarta.validation-api-2.0.2.jar!/javax/validation/constraints/Positive$List.class
[WARNING] javax.validation.constraints.Positive scanned from multiple locations: jar:file:///C:/Users/abclab-3/.m2/repository/javax/javaee-api/8.0.1/javaee-api-8.0.1.jar!/javax/validation/constraints/Positive.class, jar:file:///C:/Users/abclab-3/.m2/repository/jakarta/validation/jakarta.validation-api/2.0.2/jakarta.validation-api-2.0.2.jar!/javax/validation/constraints/Positive.class
[WARNING] javax.validation.constraints.PositiveOrZero$List scanned from multiple locations: jar:file:///C:/Users/abclab-3/.m2/repository/javax/javaee-api/8.0.1/javaee-api-8.0.1.jar!/javax/validation/constraints/PositiveOrZero$List.class, jar:file:///C:/Users/abclab-3/.m2/repository/jakarta/validation/jakarta.validation-api/2.0.2/jakarta.validation-api-2.0.2.jar!/javax/validation/constraints/PositiveOrZero$List.class
[WARNING] javax.validation.constraints.PositiveOrZero scanned from multiple locations: jar:file:///C:/Users/abclab-3/.m2/repository/javax/javaee-api/8.0.1/javaee-api-8.0.1.jar!/javax/validation/constraints/PositiveOrZero.class, jar:file:///C:/Users/abclab-3/.m2/repository/jakarta/validation/jakarta.validation-api/2.0.2/jakarta.validation-api-2.0.2.jar!/javax/validation/constraints/PositiveOrZero.class
[WARNING] javax.validation.constraints.Size$List scanned from multiple locations: jar:file:///C:/Users/abclab-3/.m2/repository/javax/javaee-api/8.0.1/javaee-api-8.0.1.jar!/javax/validation/constraints/Size$List.class, jar:file:///C:/Users/abclab-3/.m2/repository/jakarta/validation/jakarta.validation-api/2.0.2/jakarta.validation-api-2.0.2.jar!/javax/validation/constraints/Size$List.class
[WARNING] javax.validation.constraints.Size scanned from multiple locations: jar:file:///C:/Users/abclab-3/.m2/repository/javax/javaee-api/8.0.1/javaee-api-8.0.1.jar!/javax/validation/constraints/Size.class, jar:file:///C:/Users/abclab-3/.m2/repository/jakarta/validation/jakarta.validation-api/2.0.2/jakarta.validation-api-2.0.2.jar!/javax/validation/constraints/Size.class
[WARNING] javax.validation.constraintvalidation.SupportedValidationTarget scanned from multiple locations: jar:file:///C:/Users/abclab-3/.m2/repository/javax/javaee-api/8.0.1/javaee-api-8.0.1.jar!/javax/validation/constraintvalidation/SupportedValidationTarget.class, jar:file:///C:/Users/abclab-3/.m2/repository/jakarta/validation/jakarta.validation-api/2.0.2/jakarta.validation-api-2.0.2.jar!/javax/validation/constraintvalidation/SupportedValidationTarget.class
[WARNING] javax.validation.constraintvalidation.ValidationTarget scanned from multiple locations: jar:file:///C:/Users/abclab-3/.m2/repository/javax/javaee-api/8.0.1/javaee-api-8.0.1.jar!/javax/validation/constraintvalidation/ValidationTarget.class, jar:file:///C:/Users/abclab-3/.m2/repository/jakarta/validation/jakarta.validation-api/2.0.2/jakarta.validation-api-2.0.2.jar!/javax/validation/constraintvalidation/ValidationTarget.class
[WARNING] javax.validation.executable.ExecutableType scanned from multiple locations: jar:file:///C:/Users/abclab-3/.m2/repository/javax/javaee-api/8.0.1/javaee-api-8.0.1.jar!/javax/validation/executable/ExecutableType.class, jar:file:///C:/Users/abclab-3/.m2/repository/jakarta/validation/jakarta.validation-api/2.0.2/jakarta.validation-api-2.0.2.jar!/javax/validation/executable/ExecutableType.class
[WARNING] javax.validation.executable.ExecutableValidator scanned from multiple locations: jar:file:///C:/Users/abclab-3/.m2/repository/javax/javaee-api/8.0.1/javaee-api-8.0.1.jar!/javax/validation/executable/ExecutableValidator.class, jar:file:///C:/Users/abclab-3/.m2/repository/jakarta/validation/jakarta.validation-api/2.0.2/jakarta.validation-api-2.0.2.jar!/javax/validation/executable/ExecutableValidator.class
[WARNING] javax.validation.executable.ValidateOnExecution scanned from multiple locations: jar:file:///C:/Users/abclab-3/.m2/repository/javax/javaee-api/8.0.1/javaee-api-8.0.1.jar!/javax/validation/executable/ValidateOnExecution.class, jar:file:///C:/Users/abclab-3/.m2/repository/jakarta/validation/jakarta.validation-api/2.0.2/jakarta.validation-api-2.0.2.jar!/javax/validation/executable/ValidateOnExecution.class
[WARNING] javax.validation.groups.ConvertGroup$List scanned from multiple locations: jar:file:///C:/Users/abclab-3/.m2/repository/javax/javaee-api/8.0.1/javaee-api-8.0.1.jar!/javax/validation/groups/ConvertGroup$List.class, jar:file:///C:/Users/abclab-3/.m2/repository/jakarta/validation/jakarta.validation-api/2.0.2/jakarta.validation-api-2.0.2.jar!/javax/validation/groups/ConvertGroup$List.class
[WARNING] javax.validation.groups.ConvertGroup scanned from multiple locations: jar:file:///C:/Users/abclab-3/.m2/repository/javax/javaee-api/8.0.1/javaee-api-8.0.1.jar!/javax/validation/groups/ConvertGroup.class, jar:file:///C:/Users/abclab-3/.m2/repository/jakarta/validation/jakarta.validation-api/2.0.2/jakarta.validation-api-2.0.2.jar!/javax/validation/groups/ConvertGroup.class
[WARNING] javax.validation.groups.Default scanned from multiple locations: jar:file:///C:/Users/abclab-3/.m2/repository/javax/javaee-api/8.0.1/javaee-api-8.0.1.jar!/javax/validation/groups/Default.class, jar:file:///C:/Users/abclab-3/.m2/repository/jakarta/validation/jakarta.validation-api/2.0.2/jakarta.validation-api-2.0.2.jar!/javax/validation/groups/Default.class
[WARNING] javax.validation.metadata.BeanDescriptor scanned from multiple locations: jar:file:///C:/Users/abclab-3/.m2/repository/javax/javaee-api/8.0.1/javaee-api-8.0.1.jar!/javax/validation/metadata/BeanDescriptor.class, jar:file:///C:/Users/abclab-3/.m2/repository/jakarta/validation/jakarta.validation-api/2.0.2/jakarta.validation-api-2.0.2.jar!/javax/validation/metadata/BeanDescriptor.class
[WARNING] javax.validation.metadata.CascadableDescriptor scanned from multiple locations: jar:file:///C:/Users/abclab-3/.m2/repository/javax/javaee-api/8.0.1/javaee-api-8.0.1.jar!/javax/validation/metadata/CascadableDescriptor.class, jar:file:///C:/Users/abclab-3/.m2/repository/jakarta/validation/jakarta.validation-api/2.0.2/jakarta.validation-api-2.0.2.jar!/javax/validation/metadata/CascadableDescriptor.class
[WARNING] javax.validation.metadata.ConstraintDescriptor scanned from multiple locations: jar:file:///C:/Users/abclab-3/.m2/repository/javax/javaee-api/8.0.1/javaee-api-8.0.1.jar!/javax/validation/metadata/ConstraintDescriptor.class, jar:file:///C:/Users/abclab-3/.m2/repository/jakarta/validation/jakarta.validation-api/2.0.2/jakarta.validation-api-2.0.2.jar!/javax/validation/metadata/ConstraintDescriptor.class
[WARNING] javax.validation.metadata.ConstructorDescriptor scanned from multiple locations: jar:file:///C:/Users/abclab-3/.m2/repository/javax/javaee-api/8.0.1/javaee-api-8.0.1.jar!/javax/validation/metadata/ConstructorDescriptor.class, jar:file:///C:/Users/abclab-3/.m2/repository/jakarta/validation/jakarta.validation-api/2.0.2/jakarta.validation-api-2.0.2.jar!/javax/validation/metadata/ConstructorDescriptor.class
[WARNING] javax.validation.metadata.ContainerDescriptor scanned from multiple locations: jar:file:///C:/Users/abclab-3/.m2/repository/javax/javaee-api/8.0.1/javaee-api-8.0.1.jar!/javax/validation/metadata/ContainerDescriptor.class, jar:file:///C:/Users/abclab-3/.m2/repository/jakarta/validation/jakarta.validation-api/2.0.2/jakarta.validation-api-2.0.2.jar!/javax/validation/metadata/ContainerDescriptor.class
[WARNING] javax.validation.metadata.ContainerElementTypeDescriptor scanned from multiple locations: jar:file:///C:/Users/abclab-3/.m2/repository/javax/javaee-api/8.0.1/javaee-api-8.0.1.jar!/javax/validation/metadata/ContainerElementTypeDescriptor.class, jar:file:///C:/Users/abclab-3/.m2/repository/jakarta/validation/jakarta.validation-api/2.0.2/jakarta.validation-api-2.0.2.jar!/javax/validation/metadata/ContainerElementTypeDescriptor.class
[WARNING] javax.validation.metadata.CrossParameterDescriptor scanned from multiple locations: jar:file:///C:/Users/abclab-3/.m2/repository/javax/javaee-api/8.0.1/javaee-api-8.0.1.jar!/javax/validation/metadata/CrossParameterDescriptor.class, jar:file:///C:/Users/abclab-3/.m2/repository/jakarta/validation/jakarta.validation-api/2.0.2/jakarta.validation-api-2.0.2.jar!/javax/validation/metadata/CrossParameterDescriptor.class
[WARNING] javax.validation.metadata.ElementDescriptor$ConstraintFinder scanned from multiple locations: jar:file:///C:/Users/abclab-3/.m2/repository/javax/javaee-api/8.0.1/javaee-api-8.0.1.jar!/javax/validation/metadata/ElementDescriptor$ConstraintFinder.class, jar:file:///C:/Users/abclab-3/.m2/repository/jakarta/validation/jakarta.validation-api/2.0.2/jakarta.validation-api-2.0.2.jar!/javax/validation/metadata/ElementDescriptor$ConstraintFinder.class
[WARNING] javax.validation.metadata.ElementDescriptor scanned from multiple locations: jar:file:///C:/Users/abclab-3/.m2/repository/javax/javaee-api/8.0.1/javaee-api-8.0.1.jar!/javax/validation/metadata/ElementDescriptor.class, jar:file:///C:/Users/abclab-3/.m2/repository/jakarta/validation/jakarta.validation-api/2.0.2/jakarta.validation-api-2.0.2.jar!/javax/validation/metadata/ElementDescriptor.class
[WARNING] javax.validation.metadata.ExecutableDescriptor scanned from multiple locations: jar:file:///C:/Users/abclab-3/.m2/repository/javax/javaee-api/8.0.1/javaee-api-8.0.1.jar!/javax/validation/metadata/ExecutableDescriptor.class, jar:file:///C:/Users/abclab-3/.m2/repository/jakarta/validation/jakarta.validation-api/2.0.2/jakarta.validation-api-2.0.2.jar!/javax/validation/metadata/ExecutableDescriptor.class
[WARNING] javax.validation.metadata.GroupConversionDescriptor scanned from multiple locations: jar:file:///C:/Users/abclab-3/.m2/repository/javax/javaee-api/8.0.1/javaee-api-8.0.1.jar!/javax/validation/metadata/GroupConversionDescriptor.class, jar:file:///C:/Users/abclab-3/.m2/repository/jakarta/validation/jakarta.validation-api/2.0.2/jakarta.validation-api-2.0.2.jar!/javax/validation/metadata/GroupConversionDescriptor.class
[WARNING] javax.validation.metadata.MethodDescriptor scanned from multiple locations: jar:file:///C:/Users/abclab-3/.m2/repository/javax/javaee-api/8.0.1/javaee-api-8.0.1.jar!/javax/validation/metadata/MethodDescriptor.class, jar:file:///C:/Users/abclab-3/.m2/repository/jakarta/validation/jakarta.validation-api/2.0.2/jakarta.validation-api-2.0.2.jar!/javax/validation/metadata/MethodDescriptor.class
[WARNING] javax.validation.metadata.MethodType scanned from multiple locations: jar:file:///C:/Users/abclab-3/.m2/repository/javax/javaee-api/8.0.1/javaee-api-8.0.1.jar!/javax/validation/metadata/MethodType.class, jar:file:///C:/Users/abclab-3/.m2/repository/jakarta/validation/jakarta.validation-api/2.0.2/jakarta.validation-api-2.0.2.jar!/javax/validation/metadata/MethodType.class
[WARNING] javax.validation.metadata.ParameterDescriptor scanned from multiple locations: jar:file:///C:/Users/abclab-3/.m2/repository/javax/javaee-api/8.0.1/javaee-api-8.0.1.jar!/javax/validation/metadata/ParameterDescriptor.class, jar:file:///C:/Users/abclab-3/.m2/repository/jakarta/validation/jakarta.validation-api/2.0.2/jakarta.validation-api-2.0.2.jar!/javax/validation/metadata/ParameterDescriptor.class
[WARNING] javax.validation.metadata.PropertyDescriptor scanned from multiple locations: jar:file:///C:/Users/abclab-3/.m2/repository/javax/javaee-api/8.0.1/javaee-api-8.0.1.jar!/javax/validation/metadata/PropertyDescriptor.class, jar:file:///C:/Users/abclab-3/.m2/repository/jakarta/validation/jakarta.validation-api/2.0.2/jakarta.validation-api-2.0.2.jar!/javax/validation/metadata/PropertyDescriptor.class
[WARNING] javax.validation.metadata.ReturnValueDescriptor scanned from multiple locations: jar:file:///C:/Users/abclab-3/.m2/repository/javax/javaee-api/8.0.1/javaee-api-8.0.1.jar!/javax/validation/metadata/ReturnValueDescriptor.class, jar:file:///C:/Users/abclab-3/.m2/repository/jakarta/validation/jakarta.validation-api/2.0.2/jakarta.validation-api-2.0.2.jar!/javax/validation/metadata/ReturnValueDescriptor.class
[WARNING] javax.validation.metadata.Scope scanned from multiple locations: jar:file:///C:/Users/abclab-3/.m2/repository/javax/javaee-api/8.0.1/javaee-api-8.0.1.jar!/javax/validation/metadata/Scope.class, jar:file:///C:/Users/abclab-3/.m2/repository/jakarta/validation/jakarta.validation-api/2.0.2/jakarta.validation-api-2.0.2.jar!/javax/validation/metadata/Scope.class
[WARNING] javax.validation.metadata.ValidateUnwrappedValue scanned from multiple locations: jar:file:///C:/Users/abclab-3/.m2/repository/javax/javaee-api/8.0.1/javaee-api-8.0.1.jar!/javax/validation/metadata/ValidateUnwrappedValue.class, jar:file:///C:/Users/abclab-3/.m2/repository/jakarta/validation/jakarta.validation-api/2.0.2/jakarta.validation-api-2.0.2.jar!/javax/validation/metadata/ValidateUnwrappedValue.class
[WARNING] javax.validation.spi.BootstrapState scanned from multiple locations: jar:file:///C:/Users/abclab-3/.m2/repository/javax/javaee-api/8.0.1/javaee-api-8.0.1.jar!/javax/validation/spi/BootstrapState.class, jar:file:///C:/Users/abclab-3/.m2/repository/jakarta/validation/jakarta.validation-api/2.0.2/jakarta.validation-api-2.0.2.jar!/javax/validation/spi/BootstrapState.class
[WARNING] javax.validation.spi.ConfigurationState scanned from multiple locations: jar:file:///C:/Users/abclab-3/.m2/repository/javax/javaee-api/8.0.1/javaee-api-8.0.1.jar!/javax/validation/spi/ConfigurationState.class, jar:file:///C:/Users/abclab-3/.m2/repository/jakarta/validation/jakarta.validation-api/2.0.2/jakarta.validation-api-2.0.2.jar!/javax/validation/spi/ConfigurationState.class
[WARNING] javax.validation.spi.ValidationProvider scanned from multiple locations: jar:file:///C:/Users/abclab-3/.m2/repository/javax/javaee-api/8.0.1/javaee-api-8.0.1.jar!/javax/validation/spi/ValidationProvider.class, jar:file:///C:/Users/abclab-3/.m2/repository/jakarta/validation/jakarta.validation-api/2.0.2/jakarta.validation-api-2.0.2.jar!/javax/validation/spi/ValidationProvider.class
[WARNING] javax.validation.valueextraction.ExtractedValue scanned from multiple locations: jar:file:///C:/Users/abclab-3/.m2/repository/javax/javaee-api/8.0.1/javaee-api-8.0.1.jar!/javax/validation/valueextraction/ExtractedValue.class, jar:file:///C:/Users/abclab-3/.m2/repository/jakarta/validation/jakarta.validation-api/2.0.2/jakarta.validation-api-2.0.2.jar!/javax/validation/valueextraction/ExtractedValue.class
[WARNING] javax.validation.valueextraction.UnwrapByDefault scanned from multiple locations: jar:file:///C:/Users/abclab-3/.m2/repository/javax/javaee-api/8.0.1/javaee-api-8.0.1.jar!/javax/validation/valueextraction/UnwrapByDefault.class, jar:file:///C:/Users/abclab-3/.m2/repository/jakarta/validation/jakarta.validation-api/2.0.2/jakarta.validation-api-2.0.2.jar!/javax/validation/valueextraction/UnwrapByDefault.class
[WARNING] javax.validation.valueextraction.Unwrapping$Skip scanned from multiple locations: jar:file:///C:/Users/abclab-3/.m2/repository/javax/javaee-api/8.0.1/javaee-api-8.0.1.jar!/javax/validation/valueextraction/Unwrapping$Skip.class, jar:file:///C:/Users/abclab-3/.m2/repository/jakarta/validation/jakarta.validation-api/2.0.2/jakarta.validation-api-2.0.2.jar!/javax/validation/valueextraction/Unwrapping$Skip.class
[WARNING] javax.validation.valueextraction.Unwrapping$Unwrap scanned from multiple locations: jar:file:///C:/Users/abclab-3/.m2/repository/javax/javaee-api/8.0.1/javaee-api-8.0.1.jar!/javax/validation/valueextraction/Unwrapping$Unwrap.class, jar:file:///C:/Users/abclab-3/.m2/repository/jakarta/validation/jakarta.validation-api/2.0.2/jakarta.validation-api-2.0.2.jar!/javax/validation/valueextraction/Unwrapping$Unwrap.class
[WARNING] javax.validation.valueextraction.Unwrapping scanned from multiple locations: jar:file:///C:/Users/abclab-3/.m2/repository/javax/javaee-api/8.0.1/javaee-api-8.0.1.jar!/javax/validation/valueextraction/Unwrapping.class, jar:file:///C:/Users/abclab-3/.m2/repository/jakarta/validation/jakarta.validation-api/2.0.2/jakarta.validation-api-2.0.2.jar!/javax/validation/valueextraction/Unwrapping.class
[WARNING] javax.validation.valueextraction.ValueExtractor$ValueReceiver scanned from multiple locations: jar:file:///C:/Users/abclab-3/.m2/repository/javax/javaee-api/8.0.1/javaee-api-8.0.1.jar!/javax/validation/valueextraction/ValueExtractor$ValueReceiver.class, jar:file:///C:/Users/abclab-3/.m2/repository/jakarta/validation/jakarta.validation-api/2.0.2/jakarta.validation-api-2.0.2.jar!/javax/validation/valueextraction/ValueExtractor$ValueReceiver.class
[WARNING] javax.validation.valueextraction.ValueExtractor scanned from multiple locations: jar:file:///C:/Users/abclab-3/.m2/repository/javax/javaee-api/8.0.1/javaee-api-8.0.1.jar!/javax/validation/valueextraction/ValueExtractor.class, jar:file:///C:/Users/abclab-3/.m2/repository/jakarta/validation/jakarta.validation-api/2.0.2/jakarta.validation-api-2.0.2.jar!/javax/validation/valueextraction/ValueExtractor.class
[WARNING] javax.validation.valueextraction.ValueExtractorDeclarationException scanned from multiple locations: jar:file:///C:/Users/abclab-3/.m2/repository/javax/javaee-api/8.0.1/javaee-api-8.0.1.jar!/javax/validation/valueextraction/ValueExtractorDeclarationException.class, jar:file:///C:/Users/abclab-3/.m2/repository/jakarta/validation/jakarta.validation-api/2.0.2/jakarta.validation-api-2.0.2.jar!/javax/validation/valueextraction/ValueExtractorDeclarationException.class
[WARNING] javax.validation.valueextraction.ValueExtractorDefinitionException scanned from multiple locations: jar:file:///C:/Users/abclab-3/.m2/repository/javax/javaee-api/8.0.1/javaee-api-8.0.1.jar!/javax/validation/valueextraction/ValueExtractorDefinitionException.class, jar:file:///C:/Users/abclab-3/.m2/repository/jakarta/validation/jakarta.validation-api/2.0.2/jakarta.validation-api-2.0.2.jar!/javax/validation/valueextraction/ValueExtractorDefinitionException.class
[WARNING] javax.el.ArrayELResolver scanned from multiple locations: jar:file:///C:/Users/abclab-3/.m2/repository/javax/javaee-api/8.0.1/javaee-api-8.0.1.jar!/javax/el/ArrayELResolver.class, jar:file:///C:/Users/abclab-3/.m2/repository/org/glassfish/jakarta.el/3.0.4/jakarta.el-3.0.4.jar!/javax/el/ArrayELResolver.class
[WARNING] javax.el.BeanELResolver$1 scanned from multiple locations: jar:file:///C:/Users/abclab-3/.m2/repository/javax/javaee-api/8.0.1/javaee-api-8.0.1.jar!/javax/el/BeanELResolver$1.class, jar:file:///C:/Users/abclab-3/.m2/repository/org/glassfish/jakarta.el/3.0.4/jakarta.el-3.0.4.jar!/javax/el/BeanELResolver$1.class
[WARNING] javax.el.BeanELResolver$BPSoftReference scanned from multiple locations: jar:file:///C:/Users/abclab-3/.m2/repository/javax/javaee-api/8.0.1/javaee-api-8.0.1.jar!/javax/el/BeanELResolver$BPSoftReference.class, jar:file:///C:/Users/abclab-3/.m2/repository/org/glassfish/jakarta.el/3.0.4/jakarta.el-3.0.4.jar!/javax/el/BeanELResolver$BPSoftReference.class
[WARNING] javax.el.BeanELResolver$BeanProperties scanned from multiple locations: jar:file:///C:/Users/abclab-3/.m2/repository/javax/javaee-api/8.0.1/javaee-api-8.0.1.jar!/javax/el/BeanELResolver$BeanProperties.class, jar:file:///C:/Users/abclab-3/.m2/repository/org/glassfish/jakarta.el/3.0.4/jakarta.el-3.0.4.jar!/javax/el/BeanELResolver$BeanProperties.class
[WARNING] javax.el.BeanELResolver$BeanProperty scanned from multiple locations: jar:file:///C:/Users/abclab-3/.m2/repository/javax/javaee-api/8.0.1/javaee-api-8.0.1.jar!/javax/el/BeanELResolver$BeanProperty.class, jar:file:///C:/Users/abclab-3/.m2/repository/org/glassfish/jakarta.el/3.0.4/jakarta.el-3.0.4.jar!/javax/el/BeanELResolver$BeanProperty.class
[WARNING] javax.el.BeanELResolver$SoftConcurrentHashMap scanned from multiple locations: jar:file:///C:/Users/abclab-3/.m2/repository/javax/javaee-api/8.0.1/javaee-api-8.0.1.jar!/javax/el/BeanELResolver$SoftConcurrentHashMap.class, jar:file:///C:/Users/abclab-3/.m2/repository/org/glassfish/jakarta.el/3.0.4/jakarta.el-3.0.4.jar!/javax/el/BeanELResolver$SoftConcurrentHashMap.class
[WARNING] javax.el.BeanELResolver scanned from multiple locations: jar:file:///C:/Users/abclab-3/.m2/repository/javax/javaee-api/8.0.1/javaee-api-8.0.1.jar!/javax/el/BeanELResolver.class, jar:file:///C:/Users/abclab-3/.m2/repository/org/glassfish/jakarta.el/3.0.4/jakarta.el-3.0.4.jar!/javax/el/BeanELResolver.class
[WARNING] javax.el.BeanNameELResolver scanned from multiple locations: jar:file:///C:/Users/abclab-3/.m2/repository/javax/javaee-api/8.0.1/javaee-api-8.0.1.jar!/javax/el/BeanNameELResolver.class, jar:file:///C:/Users/abclab-3/.m2/repository/org/glassfish/jakarta.el/3.0.4/jakarta.el-3.0.4.jar!/javax/el/BeanNameELResolver.class
[WARNING] javax.el.BeanNameResolver scanned from multiple locations: jar:file:///C:/Users/abclab-3/.m2/repository/javax/javaee-api/8.0.1/javaee-api-8.0.1.jar!/javax/el/BeanNameResolver.class, jar:file:///C:/Users/abclab-3/.m2/repository/org/glassfish/jakarta.el/3.0.4/jakarta.el-3.0.4.jar!/javax/el/BeanNameResolver.class
[WARNING] javax.el.CompositeELResolver$CompositeIterator scanned from multiple locations: jar:file:///C:/Users/abclab-3/.m2/repository/javax/javaee-api/8.0.1/javaee-api-8.0.1.jar!/javax/el/CompositeELResolver$CompositeIterator.class, jar:file:///C:/Users/abclab-3/.m2/repository/org/glassfish/jakarta.el/3.0.4/jakarta.el-3.0.4.jar!/javax/el/CompositeELResolver$CompositeIterator.class
[WARNING] javax.el.CompositeELResolver scanned from multiple locations: jar:file:///C:/Users/abclab-3/.m2/repository/javax/javaee-api/8.0.1/javaee-api-8.0.1.jar!/javax/el/CompositeELResolver.class, jar:file:///C:/Users/abclab-3/.m2/repository/org/glassfish/jakarta.el/3.0.4/jakarta.el-3.0.4.jar!/javax/el/CompositeELResolver.class
[WARNING] javax.el.ELClass scanned from multiple locations: jar:file:///C:/Users/abclab-3/.m2/repository/javax/javaee-api/8.0.1/javaee-api-8.0.1.jar!/javax/el/ELClass.class, jar:file:///C:/Users/abclab-3/.m2/repository/org/glassfish/jakarta.el/3.0.4/jakarta.el-3.0.4.jar!/javax/el/ELClass.class
[WARNING] javax.el.ELContext scanned from multiple locations: jar:file:///C:/Users/abclab-3/.m2/repository/javax/javaee-api/8.0.1/javaee-api-8.0.1.jar!/javax/el/ELContext.class, jar:file:///C:/Users/abclab-3/.m2/repository/org/glassfish/jakarta.el/3.0.4/jakarta.el-3.0.4.jar!/javax/el/ELContext.class
[WARNING] javax.el.ELContextEvent scanned from multiple locations: jar:file:///C:/Users/abclab-3/.m2/repository/javax/javaee-api/8.0.1/javaee-api-8.0.1.jar!/javax/el/ELContextEvent.class, jar:file:///C:/Users/abclab-3/.m2/repository/org/glassfish/jakarta.el/3.0.4/jakarta.el-3.0.4.jar!/javax/el/ELContextEvent.class
[WARNING] javax.el.ELContextListener scanned from multiple locations: jar:file:///C:/Users/abclab-3/.m2/repository/javax/javaee-api/8.0.1/javaee-api-8.0.1.jar!/javax/el/ELContextListener.class, jar:file:///C:/Users/abclab-3/.m2/repository/org/glassfish/jakarta.el/3.0.4/jakarta.el-3.0.4.jar!/javax/el/ELContextListener.class
[WARNING] javax.el.ELException scanned from multiple locations: jar:file:///C:/Users/abclab-3/.m2/repository/javax/javaee-api/8.0.1/javaee-api-8.0.1.jar!/javax/el/ELException.class, jar:file:///C:/Users/abclab-3/.m2/repository/org/glassfish/jakarta.el/3.0.4/jakarta.el-3.0.4.jar!/javax/el/ELException.class
[WARNING] javax.el.ELManager scanned from multiple locations: jar:file:///C:/Users/abclab-3/.m2/repository/javax/javaee-api/8.0.1/javaee-api-8.0.1.jar!/javax/el/ELManager.class, jar:file:///C:/Users/abclab-3/.m2/repository/org/glassfish/jakarta.el/3.0.4/jakarta.el-3.0.4.jar!/javax/el/ELManager.class
[WARNING] javax.el.ELProcessor scanned from multiple locations: jar:file:///C:/Users/abclab-3/.m2/repository/javax/javaee-api/8.0.1/javaee-api-8.0.1.jar!/javax/el/ELProcessor.class, jar:file:///C:/Users/abclab-3/.m2/repository/org/glassfish/jakarta.el/3.0.4/jakarta.el-3.0.4.jar!/javax/el/ELProcessor.class
[WARNING] javax.el.ELResolver scanned from multiple locations: jar:file:///C:/Users/abclab-3/.m2/repository/javax/javaee-api/8.0.1/javaee-api-8.0.1.jar!/javax/el/ELResolver.class, jar:file:///C:/Users/abclab-3/.m2/repository/org/glassfish/jakarta.el/3.0.4/jakarta.el-3.0.4.jar!/javax/el/ELResolver.class
[WARNING] javax.el.ELUtil$1 scanned from multiple locations: jar:file:///C:/Users/abclab-3/.m2/repository/javax/javaee-api/8.0.1/javaee-api-8.0.1.jar!/javax/el/ELUtil$1.class, jar:file:///C:/Users/abclab-3/.m2/repository/org/glassfish/jakarta.el/3.0.4/jakarta.el-3.0.4.jar!/javax/el/ELUtil$1.class
[WARNING] javax.el.ELUtil$ConstructorWrapper scanned from multiple locations: jar:file:///C:/Users/abclab-3/.m2/repository/javax/javaee-api/8.0.1/javaee-api-8.0.1.jar!/javax/el/ELUtil$ConstructorWrapper.class, jar:file:///C:/Users/abclab-3/.m2/repository/org/glassfish/jakarta.el/3.0.4/jakarta.el-3.0.4.jar!/javax/el/ELUtil$ConstructorWrapper.class
[WARNING] javax.el.ELUtil$MethodWrapper scanned from multiple locations: jar:file:///C:/Users/abclab-3/.m2/repository/javax/javaee-api/8.0.1/javaee-api-8.0.1.jar!/javax/el/ELUtil$MethodWrapper.class, jar:file:///C:/Users/abclab-3/.m2/repository/org/glassfish/jakarta.el/3.0.4/jakarta.el-3.0.4.jar!/javax/el/ELUtil$MethodWrapper.class
[WARNING] javax.el.ELUtil$Wrapper scanned from multiple locations: jar:file:///C:/Users/abclab-3/.m2/repository/javax/javaee-api/8.0.1/javaee-api-8.0.1.jar!/javax/el/ELUtil$Wrapper.class, jar:file:///C:/Users/abclab-3/.m2/repository/org/glassfish/jakarta.el/3.0.4/jakarta.el-3.0.4.jar!/javax/el/ELUtil$Wrapper.class
[WARNING] javax.el.ELUtil scanned from multiple locations: jar:file:///C:/Users/abclab-3/.m2/repository/javax/javaee-api/8.0.1/javaee-api-8.0.1.jar!/javax/el/ELUtil.class, jar:file:///C:/Users/abclab-3/.m2/repository/org/glassfish/jakarta.el/3.0.4/jakarta.el-3.0.4.jar!/javax/el/ELUtil.class
[WARNING] javax.el.EvaluationListener scanned from multiple locations: jar:file:///C:/Users/abclab-3/.m2/repository/javax/javaee-api/8.0.1/javaee-api-8.0.1.jar!/javax/el/EvaluationListener.class, jar:file:///C:/Users/abclab-3/.m2/repository/org/glassfish/jakarta.el/3.0.4/jakarta.el-3.0.4.jar!/javax/el/EvaluationListener.class
[WARNING] javax.el.Expression scanned from multiple locations: jar:file:///C:/Users/abclab-3/.m2/repository/javax/javaee-api/8.0.1/javaee-api-8.0.1.jar!/javax/el/Expression.class, jar:file:///C:/Users/abclab-3/.m2/repository/org/glassfish/jakarta.el/3.0.4/jakarta.el-3.0.4.jar!/javax/el/Expression.class
[WARNING] javax.el.ExpressionFactory scanned from multiple locations: jar:file:///C:/Users/abclab-3/.m2/repository/javax/javaee-api/8.0.1/javaee-api-8.0.1.jar!/javax/el/ExpressionFactory.class, jar:file:///C:/Users/abclab-3/.m2/repository/org/glassfish/jakarta.el/3.0.4/jakarta.el-3.0.4.jar!/javax/el/ExpressionFactory.class
[WARNING] javax.el.FactoryFinder scanned from multiple locations: jar:file:///C:/Users/abclab-3/.m2/repository/javax/javaee-api/8.0.1/javaee-api-8.0.1.jar!/javax/el/FactoryFinder.class, jar:file:///C:/Users/abclab-3/.m2/repository/org/glassfish/jakarta.el/3.0.4/jakarta.el-3.0.4.jar!/javax/el/FactoryFinder.class
[WARNING] javax.el.FunctionMapper scanned from multiple locations: jar:file:///C:/Users/abclab-3/.m2/repository/javax/javaee-api/8.0.1/javaee-api-8.0.1.jar!/javax/el/FunctionMapper.class, jar:file:///C:/Users/abclab-3/.m2/repository/org/glassfish/jakarta.el/3.0.4/jakarta.el-3.0.4.jar!/javax/el/FunctionMapper.class
[WARNING] javax.el.ImportHandler scanned from multiple locations: jar:file:///C:/Users/abclab-3/.m2/repository/javax/javaee-api/8.0.1/javaee-api-8.0.1.jar!/javax/el/ImportHandler.class, jar:file:///C:/Users/abclab-3/.m2/repository/org/glassfish/jakarta.el/3.0.4/jakarta.el-3.0.4.jar!/javax/el/ImportHandler.class
[WARNING] javax.el.LambdaExpression scanned from multiple locations: jar:file:///C:/Users/abclab-3/.m2/repository/javax/javaee-api/8.0.1/javaee-api-8.0.1.jar!/javax/el/LambdaExpression.class, jar:file:///C:/Users/abclab-3/.m2/repository/org/glassfish/jakarta.el/3.0.4/jakarta.el-3.0.4.jar!/javax/el/LambdaExpression.class
[WARNING] javax.el.ListELResolver scanned from multiple locations: jar:file:///C:/Users/abclab-3/.m2/repository/javax/javaee-api/8.0.1/javaee-api-8.0.1.jar!/javax/el/ListELResolver.class, jar:file:///C:/Users/abclab-3/.m2/repository/org/glassfish/jakarta.el/3.0.4/jakarta.el-3.0.4.jar!/javax/el/ListELResolver.class
[WARNING] javax.el.MapELResolver scanned from multiple locations: jar:file:///C:/Users/abclab-3/.m2/repository/javax/javaee-api/8.0.1/javaee-api-8.0.1.jar!/javax/el/MapELResolver.class, jar:file:///C:/Users/abclab-3/.m2/repository/org/glassfish/jakarta.el/3.0.4/jakarta.el-3.0.4.jar!/javax/el/MapELResolver.class
[WARNING] javax.el.MethodExpression scanned from multiple locations: jar:file:///C:/Users/abclab-3/.m2/repository/javax/javaee-api/8.0.1/javaee-api-8.0.1.jar!/javax/el/MethodExpression.class, jar:file:///C:/Users/abclab-3/.m2/repository/org/glassfish/jakarta.el/3.0.4/jakarta.el-3.0.4.jar!/javax/el/MethodExpression.class
[WARNING] javax.el.MethodInfo scanned from multiple locations: jar:file:///C:/Users/abclab-3/.m2/repository/javax/javaee-api/8.0.1/javaee-api-8.0.1.jar!/javax/el/MethodInfo.class, jar:file:///C:/Users/abclab-3/.m2/repository/org/glassfish/jakarta.el/3.0.4/jakarta.el-3.0.4.jar!/javax/el/MethodInfo.class
[WARNING] javax.el.MethodNotFoundException scanned from multiple locations: jar:file:///C:/Users/abclab-3/.m2/repository/javax/javaee-api/8.0.1/javaee-api-8.0.1.jar!/javax/el/MethodNotFoundException.class, jar:file:///C:/Users/abclab-3/.m2/repository/org/glassfish/jakarta.el/3.0.4/jakarta.el-3.0.4.jar!/javax/el/MethodNotFoundException.class
[WARNING] javax.el.PropertyNotFoundException scanned from multiple locations: jar:file:///C:/Users/abclab-3/.m2/repository/javax/javaee-api/8.0.1/javaee-api-8.0.1.jar!/javax/el/PropertyNotFoundException.class, jar:file:///C:/Users/abclab-3/.m2/repository/org/glassfish/jakarta.el/3.0.4/jakarta.el-3.0.4.jar!/javax/el/PropertyNotFoundException.class
[WARNING] javax.el.PropertyNotWritableException scanned from multiple locations: jar:file:///C:/Users/abclab-3/.m2/repository/javax/javaee-api/8.0.1/javaee-api-8.0.1.jar!/javax/el/PropertyNotWritableException.class, jar:file:///C:/Users/abclab-3/.m2/repository/org/glassfish/jakarta.el/3.0.4/jakarta.el-3.0.4.jar!/javax/el/PropertyNotWritableException.class
[WARNING] javax.el.ResourceBundleELResolver scanned from multiple locations: jar:file:///C:/Users/abclab-3/.m2/repository/javax/javaee-api/8.0.1/javaee-api-8.0.1.jar!/javax/el/ResourceBundleELResolver.class, jar:file:///C:/Users/abclab-3/.m2/repository/org/glassfish/jakarta.el/3.0.4/jakarta.el-3.0.4.jar!/javax/el/ResourceBundleELResolver.class
[WARNING] javax.el.StandardELContext$1 scanned from multiple locations: jar:file:///C:/Users/abclab-3/.m2/repository/javax/javaee-api/8.0.1/javaee-api-8.0.1.jar!/javax/el/StandardELContext$1.class, jar:file:///C:/Users/abclab-3/.m2/repository/org/glassfish/jakarta.el/3.0.4/jakarta.el-3.0.4.jar!/javax/el/StandardELContext$1.class
[WARNING] javax.el.StandardELContext$DefaultFunctionMapper scanned from multiple locations: jar:file:///C:/Users/abclab-3/.m2/repository/javax/javaee-api/8.0.1/javaee-api-8.0.1.jar!/javax/el/StandardELContext$DefaultFunctionMapper.class, jar:file:///C:/Users/abclab-3/.m2/repository/org/glassfish/jakarta.el/3.0.4/jakarta.el-3.0.4.jar!/javax/el/StandardELContext$DefaultFunctionMapper.class
[WARNING] javax.el.StandardELContext$DefaultVariableMapper scanned from multiple locations: jar:file:///C:/Users/abclab-3/.m2/repository/javax/javaee-api/8.0.1/javaee-api-8.0.1.jar!/javax/el/StandardELContext$DefaultVariableMapper.class, jar:file:///C:/Users/abclab-3/.m2/repository/org/glassfish/jakarta.el/3.0.4/jakarta.el-3.0.4.jar!/javax/el/StandardELContext$DefaultVariableMapper.class
[WARNING] javax.el.StandardELContext$LocalBeanNameResolver scanned from multiple locations: jar:file:///C:/Users/abclab-3/.m2/repository/javax/javaee-api/8.0.1/javaee-api-8.0.1.jar!/javax/el/StandardELContext$LocalBeanNameResolver.class, jar:file:///C:/Users/abclab-3/.m2/repository/org/glassfish/jakarta.el/3.0.4/jakarta.el-3.0.4.jar!/javax/el/StandardELContext$LocalBeanNameResolver.class
[WARNING] javax.el.StandardELContext scanned from multiple locations: jar:file:///C:/Users/abclab-3/.m2/repository/javax/javaee-api/8.0.1/javaee-api-8.0.1.jar!/javax/el/StandardELContext.class, jar:file:///C:/Users/abclab-3/.m2/repository/org/glassfish/jakarta.el/3.0.4/jakarta.el-3.0.4.jar!/javax/el/StandardELContext.class
[WARNING] javax.el.StaticFieldELResolver scanned from multiple locations: jar:file:///C:/Users/abclab-3/.m2/repository/javax/javaee-api/8.0.1/javaee-api-8.0.1.jar!/javax/el/StaticFieldELResolver.class, jar:file:///C:/Users/abclab-3/.m2/repository/org/glassfish/jakarta.el/3.0.4/jakarta.el-3.0.4.jar!/javax/el/StaticFieldELResolver.class
[WARNING] javax.el.TypeConverter scanned from multiple locations: jar:file:///C:/Users/abclab-3/.m2/repository/javax/javaee-api/8.0.1/javaee-api-8.0.1.jar!/javax/el/TypeConverter.class, jar:file:///C:/Users/abclab-3/.m2/repository/org/glassfish/jakarta.el/3.0.4/jakarta.el-3.0.4.jar!/javax/el/TypeConverter.class
[WARNING] javax.el.ValueExpression scanned from multiple locations: jar:file:///C:/Users/abclab-3/.m2/repository/javax/javaee-api/8.0.1/javaee-api-8.0.1.jar!/javax/el/ValueExpression.class, jar:file:///C:/Users/abclab-3/.m2/repository/org/glassfish/jakarta.el/3.0.4/jakarta.el-3.0.4.jar!/javax/el/ValueExpression.class
[WARNING] javax.el.ValueReference scanned from multiple locations: jar:file:///C:/Users/abclab-3/.m2/repository/javax/javaee-api/8.0.1/javaee-api-8.0.1.jar!/javax/el/ValueReference.class, jar:file:///C:/Users/abclab-3/.m2/repository/org/glassfish/jakarta.el/3.0.4/jakarta.el-3.0.4.jar!/javax/el/ValueReference.class
[WARNING] javax.el.VariableMapper scanned from multiple locations: jar:file:///C:/Users/abclab-3/.m2/repository/javax/javaee-api/8.0.1/javaee-api-8.0.1.jar!/javax/el/VariableMapper.class, jar:file:///C:/Users/abclab-3/.m2/repository/org/glassfish/jakarta.el/3.0.4/jakarta.el-3.0.4.jar!/javax/el/VariableMapper.class
[INFO] No Spring WebApplicationInitializer types detected on classpath
SLF4J: Class path contains multiple SLF4J bindings.
SLF4J: Found binding in [jar:file:/C:/Users/abclab-3/.m2/repository/org/apache/logging/log4j/log4j-slf4j-impl/2.20.0/log4j-slf4j-impl-2.20.0.jar!/org/slf4j/impl/StaticLoggerBinder.class]
SLF4J: Found binding in [jar:file:/C:/Users/abclab-3/.m2/repository/org/slf4j/slf4j-reload4j/1.7.36/slf4j-reload4j-1.7.36.jar!/org/slf4j/impl/StaticLoggerBinder.class]
SLF4J: See http://www.slf4j.org/codes.html#multiple_bindings for an explanation.
SLF4J: Actual binding is of type [org.apache.logging.slf4j.Log4jLoggerFactory]
[INFO] Session workerName=node0
[INFO] Initializing Spring root WebApplicationContext
[INFO] Initializing Spring DispatcherServlet 'action'
[INFO] Started o.e.j.m.p.MavenWebAppContext@347544b7{matpam-admin,/,[file:///C:/Users/abclab-3/matpam-admin/src/main/webapp/],AVAILABLE}{file:///C:/Users/abclab-3/matpam-admin/src/main/webapp/}
[INFO] ------------------------------------------------------------------------
[INFO] BUILD FAILURE
[INFO] ------------------------------------------------------------------------
[INFO] Total time:  7.919 s
[INFO] Finished at: 2026-01-08T09:14:00+09:00
[INFO] ------------------------------------------------------------------------
[ERROR] Failed to execute goal org.eclipse.jetty:jetty-maven-plugin:10.0.15:run (default-cli) on project matpam-admin: Error starting jetty: Failed to bind to 0.0.0.0/0.0.0.0:5050: Address already in use: bind -> [Help 1]
org.apache.maven.lifecycle.LifecycleExecutionException: Failed to execute goal org.eclipse.jetty:jetty-maven-plugin:10.0.15:run (default-cli) on project matpam-admin: Error starting jetty
    at org.apache.maven.lifecycle.internal.MojoExecutor.doExecute2 (MojoExecutor.java:333)
    at org.apache.maven.lifecycle.internal.MojoExecutor.doExecute (MojoExecutor.java:316)
    at org.apache.maven.lifecycle.internal.MojoExecutor.execute (MojoExecutor.java:212)
    at org.apache.maven.lifecycle.internal.MojoExecutor.execute (MojoExecutor.java:174)
    at org.apache.maven.lifecycle.internal.MojoExecutor.access$000 (MojoExecutor.java:75)
    at org.apache.maven.lifecycle.internal.MojoExecutor$1.run (MojoExecutor.java:162)
    at org.apache.maven.plugin.DefaultMojosExecutionStrategy.execute (DefaultMojosExecutionStrategy.java:39)
    at org.apache.maven.lifecycle.internal.MojoExecutor.execute (MojoExecutor.java:159)
    at org.apache.maven.lifecycle.internal.LifecycleModuleBuilder.buildProject (LifecycleModuleBuilder.java:105)
    at org.apache.maven.lifecycle.internal.LifecycleModuleBuilder.buildProject (LifecycleModuleBuilder.java:73)
    at org.apache.maven.lifecycle.internal.builder.singlethreaded.SingleThreadedBuilder.build (SingleThreadedBuilder.java:53)
    at org.apache.maven.lifecycle.internal.LifecycleStarter.execute (LifecycleStarter.java:118)
    at org.apache.maven.DefaultMaven.doExecute (DefaultMaven.java:261)
    at org.apache.maven.DefaultMaven.doExecute (DefaultMaven.java:173)
    at org.apache.maven.DefaultMaven.execute (DefaultMaven.java:101)
    at org.apache.maven.cli.MavenCli.execute (MavenCli.java:906)
    at org.apache.maven.cli.MavenCli.doMain (MavenCli.java:283)
    at org.apache.maven.cli.MavenCli.main (MavenCli.java:206)
    at jdk.internal.reflect.DirectMethodHandleAccessor.invoke (DirectMethodHandleAccessor.java:103)
    at java.lang.reflect.Method.invoke (Method.java:580)
    at org.codehaus.plexus.classworlds.launcher.Launcher.launchEnhanced (Launcher.java:255)
    at org.codehaus.plexus.classworlds.launcher.Launcher.launch (Launcher.java:201)
    at org.codehaus.plexus.classworlds.launcher.Launcher.mainWithExitCode (Launcher.java:361)
    at org.codehaus.plexus.classworlds.launcher.Launcher.main (Launcher.java:314)
Caused by: org.apache.maven.plugin.MojoExecutionException: Error starting jetty
    at org.eclipse.jetty.maven.plugin.JettyRunMojo.startJettyEmbedded (JettyRunMojo.java:103)
    at org.eclipse.jetty.maven.plugin.AbstractWebAppMojo.startJetty (AbstractWebAppMojo.java:441)
    at org.eclipse.jetty.maven.plugin.AbstractWebAppMojo.execute (AbstractWebAppMojo.java:419)
    at org.eclipse.jetty.maven.plugin.JettyRunMojo.execute (JettyRunMojo.java:85)
    at org.apache.maven.plugin.DefaultBuildPluginManager.executeMojo (DefaultBuildPluginManager.java:126)
    at org.apache.maven.lifecycle.internal.MojoExecutor.doExecute2 (MojoExecutor.java:328)
    at org.apache.maven.lifecycle.internal.MojoExecutor.doExecute (MojoExecutor.java:316)
    at org.apache.maven.lifecycle.internal.MojoExecutor.execute (MojoExecutor.java:212)
    at org.apache.maven.lifecycle.internal.MojoExecutor.execute (MojoExecutor.java:174)
    at org.apache.maven.lifecycle.internal.MojoExecutor.access$000 (MojoExecutor.java:75)
    at org.apache.maven.lifecycle.internal.MojoExecutor$1.run (MojoExecutor.java:162)
    at org.apache.maven.plugin.DefaultMojosExecutionStrategy.execute (DefaultMojosExecutionStrategy.java:39)
    at org.apache.maven.lifecycle.internal.MojoExecutor.execute (MojoExecutor.java:159)
    at org.apache.maven.lifecycle.internal.LifecycleModuleBuilder.buildProject (LifecycleModuleBuilder.java:105)
    at org.apache.maven.lifecycle.internal.LifecycleModuleBuilder.buildProject (LifecycleModuleBuilder.java:73)
    at org.apache.maven.lifecycle.internal.builder.singlethreaded.SingleThreadedBuilder.build (SingleThreadedBuilder.java:53)
    at org.apache.maven.lifecycle.internal.LifecycleStarter.execute (LifecycleStarter.java:118)
    at org.apache.maven.DefaultMaven.doExecute (DefaultMaven.java:261)
    at org.apache.maven.DefaultMaven.doExecute (DefaultMaven.java:173)
    at org.apache.maven.DefaultMaven.execute (DefaultMaven.java:101)
    at org.apache.maven.cli.MavenCli.execute (MavenCli.java:906)
    at org.apache.maven.cli.MavenCli.doMain (MavenCli.java:283)
    at org.apache.maven.cli.MavenCli.main (MavenCli.java:206)
    at jdk.internal.reflect.DirectMethodHandleAccessor.invoke (DirectMethodHandleAccessor.java:103)
    at java.lang.reflect.Method.invoke (Method.java:580)
    at org.codehaus.plexus.classworlds.launcher.Launcher.launchEnhanced (Launcher.java:255)
    at org.codehaus.plexus.classworlds.launcher.Launcher.launch (Launcher.java:201)
    at org.codehaus.plexus.classworlds.launcher.Launcher.mainWithExitCode (Launcher.java:361)
    at org.codehaus.plexus.classworlds.launcher.Launcher.main (Launcher.java:314)
Caused by: java.io.IOException: Failed to bind to 0.0.0.0/0.0.0.0:5050
    at org.eclipse.jetty.server.ServerConnector.openAcceptChannel (ServerConnector.java:344)
    at org.eclipse.jetty.server.ServerConnector.open (ServerConnector.java:304)
    at org.eclipse.jetty.server.AbstractNetworkConnector.doStart (AbstractNetworkConnector.java:74)
    at org.eclipse.jetty.server.ServerConnector.doStart (ServerConnector.java:228)
    at org.eclipse.jetty.util.component.AbstractLifeCycle.start (AbstractLifeCycle.java:93)
    at org.eclipse.jetty.maven.plugin.MavenServerConnector.doStart (MavenServerConnector.java:108)
    at org.eclipse.jetty.util.component.AbstractLifeCycle.start (AbstractLifeCycle.java:93)
    at org.eclipse.jetty.server.Server.doStart (Server.java:428)
    at org.eclipse.jetty.util.component.AbstractLifeCycle.start (AbstractLifeCycle.java:93)
    at org.eclipse.jetty.maven.plugin.JettyEmbedder.doStart (JettyEmbedder.java:223)
    at org.eclipse.jetty.util.component.AbstractLifeCycle.start (AbstractLifeCycle.java:93)
    at org.eclipse.jetty.maven.plugin.JettyRunMojo.startJettyEmbedded (JettyRunMojo.java:97)
    at org.eclipse.jetty.maven.plugin.AbstractWebAppMojo.startJetty (AbstractWebAppMojo.java:441)
    at org.eclipse.jetty.maven.plugin.AbstractWebAppMojo.execute (AbstractWebAppMojo.java:419)
    at org.eclipse.jetty.maven.plugin.JettyRunMojo.execute (JettyRunMojo.java:85)
    at org.apache.maven.plugin.DefaultBuildPluginManager.executeMojo (DefaultBuildPluginManager.java:126)
    at org.apache.maven.lifecycle.internal.MojoExecutor.doExecute2 (MojoExecutor.java:328)
    at org.apache.maven.lifecycle.internal.MojoExecutor.doExecute (MojoExecutor.java:316)
    at org.apache.maven.lifecycle.internal.MojoExecutor.execute (MojoExecutor.java:212)
    at org.apache.maven.lifecycle.internal.MojoExecutor.execute (MojoExecutor.java:174)
    at org.apache.maven.lifecycle.internal.MojoExecutor.access$000 (MojoExecutor.java:75)
    at org.apache.maven.lifecycle.internal.MojoExecutor$1.run (MojoExecutor.java:162)
    at org.apache.maven.plugin.DefaultMojosExecutionStrategy.execute (DefaultMojosExecutionStrategy.java:39)
    at org.apache.maven.lifecycle.internal.MojoExecutor.execute (MojoExecutor.java:159)
    at org.apache.maven.lifecycle.internal.LifecycleModuleBuilder.buildProject (LifecycleModuleBuilder.java:105)
    at org.apache.maven.lifecycle.internal.LifecycleModuleBuilder.buildProject (LifecycleModuleBuilder.java:73)
    at org.apache.maven.lifecycle.internal.builder.singlethreaded.SingleThreadedBuilder.build (SingleThreadedBuilder.java:53)
    at org.apache.maven.lifecycle.internal.LifecycleStarter.execute (LifecycleStarter.java:118)
    at org.apache.maven.DefaultMaven.doExecute (DefaultMaven.java:261)
    at org.apache.maven.DefaultMaven.doExecute (DefaultMaven.java:173)
    at org.apache.maven.DefaultMaven.execute (DefaultMaven.java:101)
    at org.apache.maven.cli.MavenCli.execute (MavenCli.java:906)
    at org.apache.maven.cli.MavenCli.doMain (MavenCli.java:283)
    at org.apache.maven.cli.MavenCli.main (MavenCli.java:206)
    at jdk.internal.reflect.DirectMethodHandleAccessor.invoke (DirectMethodHandleAccessor.java:103)
    at java.lang.reflect.Method.invoke (Method.java:580)
    at org.codehaus.plexus.classworlds.launcher.Launcher.launchEnhanced (Launcher.java:255)
    at org.codehaus.plexus.classworlds.launcher.Launcher.launch (Launcher.java:201)
    at org.codehaus.plexus.classworlds.launcher.Launcher.mainWithExitCode (Launcher.java:361)
    at org.codehaus.plexus.classworlds.launcher.Launcher.main (Launcher.java:314)
Caused by: java.net.BindException: Address already in use: bind
    at sun.nio.ch.Net.bind0 (Native Method)
    at sun.nio.ch.Net.bind (Net.java:565)
    at sun.nio.ch.ServerSocketChannelImpl.netBind (ServerSocketChannelImpl.java:344)
    at sun.nio.ch.ServerSocketChannelImpl.bind (ServerSocketChannelImpl.java:301)
    at org.eclipse.jetty.server.ServerConnector.openAcceptChannel (ServerConnector.java:339)
    at org.eclipse.jetty.server.ServerConnector.open (ServerConnector.java:304)
    at org.eclipse.jetty.server.AbstractNetworkConnector.doStart (AbstractNetworkConnector.java:74)
    at org.eclipse.jetty.server.ServerConnector.doStart (ServerConnector.java:228)
    at org.eclipse.jetty.util.component.AbstractLifeCycle.start (AbstractLifeCycle.java:93)
    at org.eclipse.jetty.maven.plugin.MavenServerConnector.doStart (MavenServerConnector.java:108)
    at org.eclipse.jetty.util.component.AbstractLifeCycle.start (AbstractLifeCycle.java:93)
    at org.eclipse.jetty.server.Server.doStart (Server.java:428)
    at org.eclipse.jetty.util.component.AbstractLifeCycle.start (AbstractLifeCycle.java:93)
    at org.eclipse.jetty.maven.plugin.JettyEmbedder.doStart (JettyEmbedder.java:223)
    at org.eclipse.jetty.util.component.AbstractLifeCycle.start (AbstractLifeCycle.java:93)
    at org.eclipse.jetty.maven.plugin.JettyRunMojo.startJettyEmbedded (JettyRunMojo.java:97)
    at org.eclipse.jetty.maven.plugin.AbstractWebAppMojo.startJetty (AbstractWebAppMojo.java:441)
    at org.eclipse.jetty.maven.plugin.AbstractWebAppMojo.execute (AbstractWebAppMojo.java:419)
    at org.eclipse.jetty.maven.plugin.JettyRunMojo.execute (JettyRunMojo.java:85)
    at org.apache.maven.plugin.DefaultBuildPluginManager.executeMojo (DefaultBuildPluginManager.java:126)
    at org.apache.maven.lifecycle.internal.MojoExecutor.doExecute2 (MojoExecutor.java:328)
    at org.apache.maven.lifecycle.internal.MojoExecutor.doExecute (MojoExecutor.java:316)
    at org.apache.maven.lifecycle.internal.MojoExecutor.execute (MojoExecutor.java:212)
    at org.apache.maven.lifecycle.internal.MojoExecutor.execute (MojoExecutor.java:174)
    at org.apache.maven.lifecycle.internal.MojoExecutor.access$000 (MojoExecutor.java:75)
    at org.apache.maven.lifecycle.internal.MojoExecutor$1.run (MojoExecutor.java:162)
    at org.apache.maven.plugin.DefaultMojosExecutionStrategy.execute (DefaultMojosExecutionStrategy.java:39)
    at org.apache.maven.lifecycle.internal.MojoExecutor.execute (MojoExecutor.java:159)
    at org.apache.maven.lifecycle.internal.LifecycleModuleBuilder.buildProject (LifecycleModuleBuilder.java:105)
    at org.apache.maven.lifecycle.internal.LifecycleModuleBuilder.buildProject (LifecycleModuleBuilder.java:73)
    at org.apache.maven.lifecycle.internal.builder.singlethreaded.SingleThreadedBuilder.build (SingleThreadedBuilder.java:53)
    at org.apache.maven.lifecycle.internal.LifecycleStarter.execute (LifecycleStarter.java:118)
    at org.apache.maven.DefaultMaven.doExecute (DefaultMaven.java:261)
    at org.apache.maven.DefaultMaven.doExecute (DefaultMaven.java:173)
    at org.apache.maven.DefaultMaven.execute (DefaultMaven.java:101)
    at org.apache.maven.cli.MavenCli.execute (MavenCli.java:906)
    at org.apache.maven.cli.MavenCli.doMain (MavenCli.java:283)
    at org.apache.maven.cli.MavenCli.main (MavenCli.java:206)
    at jdk.internal.reflect.DirectMethodHandleAccessor.invoke (DirectMethodHandleAccessor.java:103)
    at java.lang.reflect.Method.invoke (Method.java:580)
    at org.codehaus.plexus.classworlds.launcher.Launcher.launchEnhanced (Launcher.java:255)
    at org.codehaus.plexus.classworlds.launcher.Launcher.launch (Launcher.java:201)
    at org.codehaus.plexus.classworlds.launcher.Launcher.mainWithExitCode (Launcher.java:361)
    at org.codehaus.plexus.classworlds.launcher.Launcher.main (Launcher.java:314)
[ERROR] 
[ERROR] Re-run Maven using the -X switch to enable full debug logging.
[ERROR] 
[ERROR] For more information about the errors and possible solutions, please read the following articles:
[ERROR] [Help 1] http://cwiki.apache.org/confluence/display/MAVEN/MojoExecutionException
