[INFO] Scanning for projects...
[INFO] 
[INFO] ---------------------< kr.co.matpam:matpam-admin >----------------------
[INFO] Building matpam-admin Maven Webapp 1.0.0-SNAPSHOT
[INFO]   from pom.xml
[INFO] --------------------------------[ war ]---------------------------------
[INFO] 
[INFO] --- resources:3.3.1:resources (default-resources) @ matpam-admin ---
[INFO] Copying 14 resources from src\main\resources to target\classes
[INFO] 
[INFO] --- compiler:3.11.0:compile (default-compile) @ matpam-admin ---
[INFO] Changes detected - recompiling the module! :source
[INFO] Compiling 21 source files with javac [debug deprecation target 17] to target\classes
[INFO] Annotation processing is enabled because one or more processors were found
  on the class path. A future release of javac may disable annotation processing
  unless at least one processor is specified by name (-processor), or a search
  path is specified (--processor-path, --processor-module-path), or annotation
  processing is enabled explicitly (-proc:only, -proc:full).
  Use -Xlint:-options to suppress this message.
  Use -proc:none to disable annotation processing.
[INFO] -------------------------------------------------------------
[WARNING] COMPILATION WARNING : 
[INFO] -------------------------------------------------------------
[WARNING] system modules path not set in conjunction with -source 17
[INFO] 1 warning
[INFO] -------------------------------------------------------------
[INFO] -------------------------------------------------------------
[ERROR] COMPILATION ERROR : 
[INFO] -------------------------------------------------------------
[ERROR] /C:/Users/abclab-3/matpam-admin/src/main/java/kr/co/matpam/admin/product/service/BundleProductVO.java:[31,1] illegal start of expression
[ERROR] /C:/Users/abclab-3/matpam-admin/src/main/java/kr/co/matpam/admin/product/service/BundleProductVO.java:[31,15] not a statement
[ERROR] /C:/Users/abclab-3/matpam-admin/src/main/java/kr/co/matpam/admin/product/service/BundleProductVO.java:[32,1] illegal start of expression
[ERROR] /C:/Users/abclab-3/matpam-admin/src/main/java/kr/co/matpam/admin/product/service/BundleProductVO.java:[32,17] not a statement
[ERROR] /C:/Users/abclab-3/matpam-admin/src/main/java/kr/co/matpam/admin/product/service/BundleProductVO.java:[34,1] illegal start of expression
[ERROR] /C:/Users/abclab-3/matpam-admin/src/main/java/kr/co/matpam/admin/product/service/BundleProductVO.java:[34,45] not a statement
[ERROR] /C:/Users/abclab-3/matpam-admin/src/main/java/kr/co/matpam/admin/product/service/BundleProductVO.java:[39,1] illegal start of expression
[ERROR] /C:/Users/abclab-3/matpam-admin/src/main/java/kr/co/matpam/admin/product/service/BundleProductVO.java:[145,5] illegal start of expression
[ERROR] /C:/Users/abclab-3/matpam-admin/src/main/java/kr/co/matpam/admin/product/service/BundleProductVO.java:[256,2] reached end of file while parsing
[INFO] 9 errors 
[INFO] -------------------------------------------------------------
[INFO] ------------------------------------------------------------------------
[INFO] BUILD FAILURE
[INFO] ------------------------------------------------------------------------
[INFO] Total time:  1.290 s
[INFO] Finished at: 2025-12-05T16:24:28+09:00
[INFO] ------------------------------------------------------------------------
[ERROR] Failed to execute goal org.apache.maven.plugins:maven-compiler-plugin:3.11.0:compile (default-compile) on project matpam-admin: Compilation failure: Compilation failure: 
[ERROR] /C:/Users/abclab-3/matpam-admin/src/main/java/kr/co/matpam/admin/product/service/BundleProductVO.java:[31,1] illegal start of expression
[ERROR] /C:/Users/abclab-3/matpam-admin/src/main/java/kr/co/matpam/admin/product/service/BundleProductVO.java:[31,15] not a statement
[ERROR] /C:/Users/abclab-3/matpam-admin/src/main/java/kr/co/matpam/admin/product/service/BundleProductVO.java:[32,1] illegal start of expression
[ERROR] /C:/Users/abclab-3/matpam-admin/src/main/java/kr/co/matpam/admin/product/service/BundleProductVO.java:[32,17] not a statement
[ERROR] /C:/Users/abclab-3/matpam-admin/src/main/java/kr/co/matpam/admin/product/service/BundleProductVO.java:[34,1] illegal start of expression
[ERROR] /C:/Users/abclab-3/matpam-admin/src/main/java/kr/co/matpam/admin/product/service/BundleProductVO.java:[34,45] not a statement
[ERROR] /C:/Users/abclab-3/matpam-admin/src/main/java/kr/co/matpam/admin/product/service/BundleProductVO.java:[39,1] illegal start of expression
[ERROR] /C:/Users/abclab-3/matpam-admin/src/main/java/kr/co/matpam/admin/product/service/BundleProductVO.java:[145,5] illegal start of expression
[ERROR] /C:/Users/abclab-3/matpam-admin/src/main/java/kr/co/matpam/admin/product/service/BundleProductVO.java:[256,2] reached end of file while parsing
[ERROR] -> [Help 1]
[ERROR] 
[ERROR] To see the full stack trace of the errors, re-run Maven with the -e switch.
[ERROR] Re-run Maven using the -X switch to enable full debug logging.
[ERROR] 
[ERROR] For more information about the errors and possible solutions, please read the following articles:
[ERROR] [Help 1] http://cwiki.apache.org/confluence/display/MAVEN/MojoFailureException
